/data/experiments/value-demo3-20260906/venv-py312-torch210-cu128/lib/python3.12/site-packages/torch/distributed/c10d_logger.py:83: UserWarning: barrier(): using the device under current context. You can specify `device_id` in `init_process_group` to mute this warning.
  return func(*args, **kwargs)
[rank0]:[W907 05:22:50.004922989 ProcessGroupNCCL.cpp:5138] Guessing device ID based on global rank. This can cause a hang if rank to GPU mapping is heterogeneous. You can specify device_id in init_process_group()
NCCL version 2.27.5+cuda12.9
{"event": "ARCHITECTURE", "variant": "vision_only", "total_parameters": 429182729, "trainable_parameters": 429182729, "state_input": false}
{"event": "READY", "task": "so101_fold_clothes_left_stack_right", "step": 0, "train_frames": 1125359, "test_frames": 352, "global_batch": 32, "parameters": 429182729}
{"event": "TRAIN", "step": 10, "effective_epoch": 0.0002843537040180067, "loss": 5.318914890289307, "grdn": 5.239436149597168, "lr": 2.512562814070352e-06, "seconds": 42.89285659499001, "memory_gb": 10.425316864}
{"event": "TRAIN", "step": 20, "effective_epoch": 0.0005687074080360134, "loss": 5.241930961608887, "grdn": 5.269689559936523, "lr": 5.025125628140704e-06, "seconds": 39.01618864410557, "memory_gb": 10.425317376}
{"event": "TRAIN", "step": 30, "effective_epoch": 0.00085306111205402, "loss": 5.191389083862305, "grdn": 4.940596103668213, "lr": 7.537688442211055e-06, "seconds": 35.984362281044014, "memory_gb": 10.425317376}
{"event": "TRAIN", "step": 40, "effective_epoch": 0.0011374148160720268, "loss": 5.116739273071289, "grdn": 4.848448753356934, "lr": 1.0050251256281408e-05, "seconds": 43.266899158013985, "memory_gb": 10.425317376}
{"event": "TRAIN", "step": 50, "effective_epoch": 0.0014217685200900334, "loss": 5.072600364685059, "grdn": 4.941275119781494, "lr": 1.2562814070351759e-05, "seconds": 37.19774682295974, "memory_gb": 10.425317376}
{"event": "TRAIN", "step": 60, "effective_epoch": 0.00170612222410804, "loss": 5.039585113525391, "grdn": 4.632589340209961, "lr": 1.507537688442211e-05, "seconds": 42.217482796055265, "memory_gb": 10.425317376}
{"event": "TRAIN", "step": 70, "effective_epoch": 0.0019904759281260467, "loss": 4.992598533630371, "grdn": 4.180457592010498, "lr": 1.7587939698492464e-05, "seconds": 41.21471620700322, "memory_gb": 10.425317376}
{"event": "TRAIN", "step": 80, "effective_epoch": 0.0022748296321440536, "loss": 4.952515602111816, "grdn": 4.186407566070557, "lr": 2.0100502512562815e-05, "seconds": 46.28540695400443, "memory_gb": 10.425317376}
{"event": "TRAIN", "step": 90, "effective_epoch": 0.0025591833361620605, "loss": 4.92229700088501, "grdn": 4.205321788787842, "lr": 2.261306532663317e-05, "seconds": 38.07987580599729, "memory_gb": 10.425317376}
{"event": "TRAIN", "step": 100, "effective_epoch": 0.002843537040180067, "loss": 4.891921043395996, "grdn": 3.9742374420166016, "lr": 2.5125628140703518e-05, "seconds": 40.42830286594108, "memory_gb": 10.425317376}
{"event": "TRAIN", "step": 110, "effective_epoch": 0.0031278907441980737, "loss": 4.863011360168457, "grdn": 3.775970458984375, "lr": 2.7638190954773873e-05, "seconds": 36.71002666396089, "memory_gb": 10.425317376}
{"event": "TRAIN", "step": 120, "effective_epoch": 0.00341224444821608, "loss": 4.819598197937012, "grdn": 3.8797550201416016, "lr": 3.015075376884422e-05, "seconds": 43.61564325308427, "memory_gb": 10.425317376}
{"event": "TRAIN", "step": 130, "effective_epoch": 0.003696598152234087, "loss": 4.736753463745117, "grdn": 4.007091522216797, "lr": 3.2663316582914576e-05, "seconds": 42.38748446700629, "memory_gb": 10.425317376}
{"event": "TRAIN", "step": 140, "effective_epoch": 0.0039809518562520935, "loss": 4.73701810836792, "grdn": 4.0832743644714355, "lr": 3.517587939698493e-05, "seconds": 36.199833245016634, "memory_gb": 10.425317376}
{"event": "TRAIN", "step": 150, "effective_epoch": 0.004265305560270101, "loss": 4.670775890350342, "grdn": 4.1195855140686035, "lr": 3.768844221105528e-05, "seconds": 39.96956023294479, "memory_gb": 10.425317376}
{"event": "TRAIN", "step": 160, "effective_epoch": 0.004549659264288107, "loss": 4.603318214416504, "grdn": 4.173096656799316, "lr": 4.020100502512563e-05, "seconds": 41.075872916029766, "memory_gb": 10.425317376}
{"event": "TRAIN", "step": 170, "effective_epoch": 0.004834012968306114, "loss": 4.5500311851501465, "grdn": 4.150031089782715, "lr": 4.271356783919598e-05, "seconds": 39.646192718995735, "memory_gb": 10.425317376}
{"event": "TRAIN", "step": 180, "effective_epoch": 0.005118366672324121, "loss": 4.46136474609375, "grdn": 4.4695048332214355, "lr": 4.522613065326634e-05, "seconds": 38.474482515011914, "memory_gb": 10.425317376}
{"event": "TRAIN", "step": 190, "effective_epoch": 0.005402720376342127, "loss": 4.471563339233398, "grdn": 4.881515026092529, "lr": 4.7738693467336685e-05, "seconds": 35.79245161998551, "memory_gb": 10.425317376}
{"event": "TRAIN", "step": 200, "effective_epoch": 0.005687074080360134, "loss": 4.454035758972168, "grdn": 4.463667869567871, "lr": 4.999992757131626e-05, "seconds": 40.59356761700474, "memory_gb": 10.425317376}
{"event": "TRAIN", "step": 210, "effective_epoch": 0.005971427784378141, "loss": 4.33371639251709, "grdn": 4.3433003425598145, "lr": 4.999123664742275e-05, "seconds": 41.197370488080196, "memory_gb": 10.425317376}
{"event": "TRAIN", "step": 220, "effective_epoch": 0.0062557814883961475, "loss": 4.288152694702148, "grdn": 4.97172737121582, "lr": 4.9968065874478825e-05, "seconds": 40.078168083913624, "memory_gb": 10.425317376}
{"event": "TRAIN", "step": 230, "effective_epoch": 0.006540135192414154, "loss": 4.265387058258057, "grdn": 5.21190881729126, "lr": 4.9930428951641424e-05, "seconds": 39.7296427229885, "memory_gb": 10.425317376}
{"event": "TRAIN", "step": 240, "effective_epoch": 0.00682448889643216, "loss": 4.215314865112305, "grdn": 5.191143989562988, "lr": 4.98783481308274e-05, "seconds": 40.06027136405464, "memory_gb": 10.425317376}
{"event": "EVAL", "step": 249, "effective_epoch": 0.007080407230048367, "train": {"frames": 352, "episodes": 11, "ce": 4.149156533858993, "mae": 0.08167239737866278, "rmse": 0.0984801860409897, "episode_mae": 0.08167239737866278, "baseline_mae": 0.0976172377016734, "baseline_rmse": 0.1176886652947721, "mae_remaining_seconds": 97.69652174435642, "bias": -0.018776396225968547, "crps": 0.050156514890576626, "entropy": 4.375931102443825, "interval90_coverage": 0.9914772727272727, "interval90_width": 0.5022017049010504}, "test": {"frames": 352, "episodes": 11, "ce": 4.15406701409004, "mae": 0.07639853899705816, "rmse": 0.0947596059787261, "episode_mae": 0.07639853899705816, "baseline_mae": 0.09093507870354435, "baseline_rmse": 0.1089701435114882, "mae_remaining_seconds": 91.38793234828098, "bias": -0.0187597900248048, "crps": 0.04862650338327512, "entropy": 4.3746310343796555, "interval90_coverage": 1.0, "interval90_width": 0.5022727267139337}, "best_step": 249, "best_episode_mae": 0.07639853899705816, "bad_evaluations": 0}
{"event": "TRAIN", "step": 250, "effective_epoch": 0.007108842600450168, "loss": 4.15505313873291, "grdn": 5.493519306182861, "lr": 4.98118542035576e-05, "seconds": 148.28444094199222, "memory_gb": 10.425317376}
{"event": "TRAIN", "step": 260, "effective_epoch": 0.007393196304468174, "loss": 4.14611291885376, "grdn": 5.439358711242676, "lr": 4.973098648275214e-05, "seconds": 39.91557877603918, "memory_gb": 10.425317376}
{"event": "TRAIN", "step": 270, "effective_epoch": 0.0076775500084861805, "loss": 4.119351863861084, "grdn": 7.238595485687256, "lr": 4.963579277948756e-05, "seconds": 39.17885817901697, "memory_gb": 10.425317376}
{"event": "TRAIN", "step": 280, "effective_epoch": 0.007961903712504187, "loss": 4.060860633850098, "grdn": 7.43279504776001, "lr": 4.952632937472974e-05, "seconds": 40.58044634095859, "memory_gb": 10.425317376}
{"event": "TRAIN", "step": 290, "effective_epoch": 0.008246257416522195, "loss": 4.024662971496582, "grdn": 6.089870452880859, "lr": 4.94026609860591e-05, "seconds": 43.45470866095275, "memory_gb": 10.425317376}
{"event": "TRAIN", "step": 300, "effective_epoch": 0.008530611120540202, "loss": 3.933443546295166, "grdn": 5.682068824768066, "lr": 4.926486072940792e-05, "seconds": 42.19528017891571, "memory_gb": 10.425317376}
{"event": "TRAIN", "step": 310, "effective_epoch": 0.008814964824558208, "loss": 4.106912136077881, "grdn": 6.4356560707092285, "lr": 4.911301007583233e-05, "seconds": 46.0338218199322, "memory_gb": 10.425317376}
{"event": "TRAIN", "step": 320, "effective_epoch": 0.009099318528576214, "loss": 3.952632188796997, "grdn": 6.356517791748047, "lr": 4.8947198803344505e-05, "seconds": 41.905130853061564, "memory_gb": 10.425317376}
{"event": "TRAIN", "step": 330, "effective_epoch": 0.00938367223259422, "loss": 3.9407050609588623, "grdn": 5.825547218322754, "lr": 4.876752494383361e-05, "seconds": 40.900300691020675, "memory_gb": 10.425317376}
{"event": "TRAIN", "step": 340, "effective_epoch": 0.009668025936612227, "loss": 3.9256534576416016, "grdn": 5.504674434661865, "lr": 4.857409472510681e-05, "seconds": 43.89511686190963, "memory_gb": 10.425317376}
{"event": "TRAIN", "step": 350, "effective_epoch": 0.009952379640630234, "loss": 3.816021680831909, "grdn": 6.210824012756348, "lr": 4.83670225080847e-05, "seconds": 38.04631043295376, "memory_gb": 10.425317376}
{"event": "TRAIN", "step": 360, "effective_epoch": 0.010236733344648242, "loss": 3.962796449661255, "grdn": 6.172806739807129, "lr": 4.8146430719188095e-05, "seconds": 38.597456609946676, "memory_gb": 10.425317376}
{"event": "TRAIN", "step": 370, "effective_epoch": 0.010521087048666248, "loss": 3.8345017433166504, "grdn": 5.234979152679443, "lr": 4.7912449777956516e-05, "seconds": 40.27989549690392, "memory_gb": 10.425317376}
{"event": "TRAIN", "step": 380, "effective_epoch": 0.010805440752684255, "loss": 3.740147352218628, "grdn": 5.401273250579834, "lr": 4.766521801994068e-05, "seconds": 36.70506256900262, "memory_gb": 10.425317376}
{"event": "TRAIN", "step": 390, "effective_epoch": 0.011089794456702261, "loss": 3.7633285522460938, "grdn": 5.489928722381592, "lr": 4.740488161491502e-05, "seconds": 41.44331771298312, "memory_gb": 10.425317376}
{"event": "TRAIN", "step": 400, "effective_epoch": 0.011374148160720268, "loss": 3.785526990890503, "grdn": 6.310120582580566, "lr": 4.713159448045838e-05, "seconds": 40.887666161987, "memory_gb": 10.425317376}
{"event": "TRAIN", "step": 410, "effective_epoch": 0.011658501864738274, "loss": 3.864119291305542, "grdn": 6.186709403991699, "lr": 4.684551819095391e-05, "seconds": 43.49377390102018, "memory_gb": 10.425317376}
{"event": "TRAIN", "step": 420, "effective_epoch": 0.011942855568756282, "loss": 3.8182365894317627, "grdn": 6.3351359367370605, "lr": 4.654682188206219e-05, "seconds": 41.71921440598089, "memory_gb": 10.425317376}
{"event": "TRAIN", "step": 430, "effective_epoch": 0.012227209272774289, "loss": 3.6832962036132812, "grdn": 6.330840110778809, "lr": 4.623568215072389e-05, "seconds": 45.23582615703344, "memory_gb": 10.425317376}
{"event": "TRAIN", "step": 440, "effective_epoch": 0.012511562976792295, "loss": 3.6794846057891846, "grdn": 5.743999481201172, "lr": 4.5912282950751056e-05, "seconds": 39.31513085193001, "memory_gb": 10.425317376}
{"event": "TRAIN", "step": 450, "effective_epoch": 0.012795916680810301, "loss": 3.6545021533966064, "grdn": 7.15371036529541, "lr": 4.557681548406894e-05, "seconds": 38.05517675797455, "memory_gb": 10.425317376}
{"event": "TRAIN", "step": 460, "effective_epoch": 0.013080270384828308, "loss": 3.628356456756592, "grdn": 6.55582332611084, "lr": 4.5229478087672475e-05, "seconds": 39.79821758309845, "memory_gb": 10.425317376}
{"event": "TRAIN", "step": 470, "effective_epoch": 0.013364624088846314, "loss": 3.653059482574463, "grdn": 6.0480732917785645, "lr": 4.4870476116364354e-05, "seconds": 43.725825440953486, "memory_gb": 10.425317376}
{"event": "TRAIN", "step": 480, "effective_epoch": 0.01364897779286432, "loss": 3.637622356414795, "grdn": 8.78439712524414, "lr": 4.450002182134398e-05, "seconds": 45.89618136000354, "memory_gb": 10.425317376}
{"event": "TRAIN", "step": 490, "effective_epoch": 0.013933331496882329, "loss": 3.6783089637756348, "grdn": 7.249312400817871, "lr": 4.411833422471911e-05, "seconds": 41.55096076405607, "memory_gb": 10.425317376}
{"event": "EVAL", "step": 498, "effective_epoch": 0.014160814460096734, "train": {"frames": 352, "episodes": 11, "ce": 3.4844845956699415, "mae": 0.04109195584367791, "rmse": 0.05160322726717034, "episode_mae": 0.04109195584367791, "baseline_mae": 0.0976172377016734, "baseline_rmse": 0.1176886652947721, "mae_remaining_seconds": 49.15419758020752, "bias": -0.019621836809991775, "crps": 0.025864726780458692, "entropy": 3.8358421217311514, "interval90_coverage": 0.96875, "interval90_width": 0.23999999588440088}, "test": {"frames": 352, "episodes": 11, "ce": 3.672459156506441, "mae": 0.047482749934054234, "rmse": 0.05808198775250711, "episode_mae": 0.047482749934054234, "baseline_mae": 0.09093507870354435, "baseline_rmse": 0.1089701435114882, "mae_remaining_seconds": 56.79886547111567, "bias": -0.012751298639076676, "crps": 0.030569895339960403, "entropy": 3.8230347616428677, "interval90_coverage": 0.9431818181818182, "interval90_width": 0.2370312454559925}, "best_step": 498, "best_episode_mae": 0.047482749934054234, "bad_evaluations": 0}
{"event": "TRAIN", "step": 500, "effective_epoch": 0.014217685200900335, "loss": 3.649435043334961, "grdn": 6.980628967285156, "lr": 4.372563899001433e-05, "seconds": 144.2815188789973, "memory_gb": 10.425317376}
{"event": "TRAIN", "step": 510, "effective_epoch": 0.014502038904918342, "loss": 3.588662624359131, "grdn": 5.852686405181885, "lr": 4.332216828875299e-05, "seconds": 44.934871149016544, "memory_gb": 10.425317376}
{"event": "TRAIN", "step": 520, "effective_epoch": 0.014786392608936348, "loss": 3.5301311016082764, "grdn": 5.836671352386475, "lr": 4.290816066319146e-05, "seconds": 39.52507591806352, "memory_gb": 10.425317376}
{"event": "TRAIN", "step": 530, "effective_epoch": 0.015070746312954355, "loss": 3.5098319053649902, "grdn": 6.190749645233154, "lr": 4.2483860885286736e-05, "seconds": 40.44872680003755, "memory_gb": 10.425317376}
{"event": "TRAIN", "step": 540, "effective_epoch": 0.015355100016972361, "loss": 3.5652573108673096, "grdn": 6.597541809082031, "lr": 4.204951981198103e-05, "seconds": 39.273261927999556, "memory_gb": 10.425317376}
{"event": "TRAIN", "step": 550, "effective_epoch": 0.01563945372099037, "loss": 3.5628840923309326, "grdn": 6.289996147155762, "lr": 4.160539423688865e-05, "seconds": 39.077299445983954, "memory_gb": 10.425317376}
{"event": "TRAIN", "step": 560, "effective_epoch": 0.015923807425008374, "loss": 3.4473254680633545, "grdn": 7.542600154876709, "lr": 4.115174673847306e-05, "seconds": 41.286987847066484, "memory_gb": 10.425317376}
{"event": "TRAIN", "step": 570, "effective_epoch": 0.016208161129026382, "loss": 3.3945727348327637, "grdn": 6.15866756439209, "lr": 4.068884552480367e-05, "seconds": 35.292817699024454, "memory_gb": 10.425317376}
{"event": "TRAIN", "step": 580, "effective_epoch": 0.01649251483304439, "loss": 3.4668025970458984, "grdn": 7.124416351318359, "lr": 4.0216964274984394e-05, "seconds": 42.982220671954565, "memory_gb": 10.425317376}
{"event": "TRAIN", "step": 590, "effective_epoch": 0.016776868537062395, "loss": 3.5307891368865967, "grdn": 6.519783973693848, "lr": 3.973638197734749e-05, "seconds": 40.26986899494659, "memory_gb": 10.425317376}
{"event": "TRAIN", "step": 600, "effective_epoch": 0.017061222241080403, "loss": 3.4447808265686035, "grdn": 7.038333892822266, "lr": 3.9247382764508476e-05, "seconds": 41.415607118979096, "memory_gb": 10.425317376}
{"event": "TRAIN", "step": 610, "effective_epoch": 0.017345575945098408, "loss": 3.4888992309570312, "grdn": 6.776510715484619, "lr": 3.8750255745379653e-05, "seconds": 39.69538528495468, "memory_gb": 10.425317376}
{"event": "TRAIN", "step": 620, "effective_epoch": 0.017629929649116416, "loss": 3.2942092418670654, "grdn": 6.449408054351807, "lr": 3.824529483424142e-05, "seconds": 45.191703569027595, "memory_gb": 10.425317376}
{"event": "TRAIN", "step": 630, "effective_epoch": 0.01791428335313442, "loss": 3.305699110031128, "grdn": 6.93065881729126, "lr": 3.7732798576972674e-05, "seconds": 46.18294776091352, "memory_gb": 10.425317376}
{"event": "TRAIN", "step": 640, "effective_epoch": 0.01819863705715243, "loss": 3.455787181854248, "grdn": 7.685192108154297, "lr": 3.721306997454272e-05, "seconds": 39.89299568999559, "memory_gb": 10.425317376}
{"event": "TRAIN", "step": 650, "effective_epoch": 0.018482990761170437, "loss": 3.3762054443359375, "grdn": 6.789063453674316, "lr": 3.668641630386938e-05, "seconds": 41.235527407960035, "memory_gb": 10.425317376}
{"event": "TRAIN", "step": 660, "effective_epoch": 0.01876734446518844, "loss": 3.379565715789795, "grdn": 7.025285243988037, "lr": 3.615314893614894e-05, "seconds": 47.144817822030745, "memory_gb": 10.425317376}
{"event": "TRAIN", "step": 670, "effective_epoch": 0.01905169816920645, "loss": 3.381105422973633, "grdn": 9.263772010803223, "lr": 3.561358315276546e-05, "seconds": 40.34897078410722, "memory_gb": 10.425317376}
{"event": "TRAIN", "step": 680, "effective_epoch": 0.019336051873224454, "loss": 3.326220750808716, "grdn": 6.453271389007568, "lr": 3.506803795888839e-05, "seconds": 43.0294461089652, "memory_gb": 10.425317376}
{"event": "TRAIN", "step": 690, "effective_epoch": 0.019620405577242463, "loss": 3.3303465843200684, "grdn": 6.601065635681152, "lr": 3.451683589486842e-05, "seconds": 39.18994532094803, "memory_gb": 10.425317376}
{"event": "TRAIN", "step": 700, "effective_epoch": 0.019904759281260467, "loss": 3.2555549144744873, "grdn": 6.796077728271484, "lr": 3.3960302845543395e-05, "seconds": 41.341976284980774, "memory_gb": 10.425317376}
{"event": "TRAIN", "step": 710, "effective_epoch": 0.020189112985278476, "loss": 3.22233247756958, "grdn": 7.2422194480896, "lr": 3.339876784756678e-05, "seconds": 39.46674110693857, "memory_gb": 10.425317376}
{"event": "TRAIN", "step": 720, "effective_epoch": 0.020473466689296484, "loss": 3.203892946243286, "grdn": 6.893986701965332, "lr": 3.283256289487274e-05, "seconds": 42.030890858964995, "memory_gb": 10.425317376}
{"event": "TRAIN", "step": 730, "effective_epoch": 0.02075782039331449, "loss": 3.2187232971191406, "grdn": 7.115694522857666, "lr": 3.2262022742392805e-05, "seconds": 46.675656270002946, "memory_gb": 10.425317376}
{"event": "TRAIN", "step": 740, "effective_epoch": 0.021042174097332497, "loss": 3.190026044845581, "grdn": 6.530759334564209, "lr": 3.16874847081401e-05, "seconds": 37.632514573051594, "memory_gb": 10.425317376}
{"event": "EVAL", "step": 747, "effective_epoch": 0.021241221690145102, "train": {"frames": 352, "episodes": 11, "ce": 3.1020788846706804, "mae": 0.025998649375238034, "rmse": 0.03623623016544989, "episode_mae": 0.025998649375238034, "baseline_mae": 0.0976172377016734, "baseline_rmse": 0.1176886652947721, "mae_remaining_seconds": 31.099584382659735, "bias": -0.0061150821195703675, "crps": 0.017549461191348117, "entropy": 3.4104197946461765, "interval90_coverage": 0.9659090909090909, "interval90_width": 0.14988635992631316}, "test": {"frames": 352, "episodes": 11, "ce": 3.619842143559998, "mae": 0.04240664951926605, "rmse": 0.053955372348679656, "episode_mae": 0.04240664951926605, "baseline_mae": 0.09093507870354435, "baseline_rmse": 0.1089701435114882, "mae_remaining_seconds": 50.72683415494605, "bias": -0.007955253632231192, "crps": 0.028829729478192432, "entropy": 3.4085851294750515, "interval90_coverage": 0.8323863636363636, "interval90_width": 0.14642045079645785}, "best_step": 747, "best_episode_mae": 0.04240664951926605, "bad_evaluations": 0}
{"event": "TRAIN", "step": 750, "effective_epoch": 0.0213265278013505, "loss": 3.251507520675659, "grdn": 6.99859619140625, "lr": 3.110928847377829e-05, "seconds": 149.44824688497465, "memory_gb": 10.425317376}
{"event": "TRAIN", "step": 760, "effective_epoch": 0.02161088150536851, "loss": 3.35402250289917, "grdn": 7.134133815765381, "lr": 3.052777588379304e-05, "seconds": 40.954997821943834, "memory_gb": 10.425317376}
{"event": "TRAIN", "step": 770, "effective_epoch": 0.021895235209386514, "loss": 3.1402182579040527, "grdn": 7.823821067810059, "lr": 2.994329074338478e-05, "seconds": 46.35924286197405, "memory_gb": 10.425317376}
{"event": "TRAIN", "step": 780, "effective_epoch": 0.022179588913404522, "loss": 3.1169381141662598, "grdn": 7.000212669372559, "lr": 2.9356178615202166e-05, "seconds": 39.63730621803552, "memory_gb": 10.425317376}
{"event": "TRAIN", "step": 790, "effective_epoch": 0.02246394261742253, "loss": 3.1336283683776855, "grdn": 6.817307472229004, "lr": 2.8766786615036632e-05, "seconds": 42.64508916402701, "memory_gb": 10.425317376}
{"event": "TRAIN", "step": 800, "effective_epoch": 0.022748296321440535, "loss": 3.117539405822754, "grdn": 6.4335761070251465, "lr": 2.8175463206598553e-05, "seconds": 41.56346846406814, "memory_gb": 10.425317376}
{"event": "TRAIN", "step": 810, "effective_epoch": 0.023032650025458543, "loss": 3.0588059425354004, "grdn": 6.693000793457031, "lr": 2.7582557995496567e-05, "seconds": 40.4863595640054, "memory_gb": 10.425317376}
{"event": "TRAIN", "step": 820, "effective_epoch": 0.023317003729476548, "loss": 3.1266441345214844, "grdn": 6.6646857261657715, "lr": 2.69884215225417e-05, "seconds": 39.53522737196181, "memory_gb": 10.425317376}
{"event": "TRAIN", "step": 830, "effective_epoch": 0.023601357433494556, "loss": 3.1370718479156494, "grdn": 6.510484218597412, "lr": 2.63934050564987e-05, "seconds": 42.75395367096644, "memory_gb": 10.425317376}
{"event": "TRAIN", "step": 840, "effective_epoch": 0.023885711137512564, "loss": 3.1557705402374268, "grdn": 6.563036918640137, "lr": 2.5797860386406825e-05, "seconds": 39.829921668046154, "memory_gb": 10.425317376}
{"event": "TRAIN", "step": 850, "effective_epoch": 0.02417006484153057, "loss": 3.066932201385498, "grdn": 6.838848114013672, "lr": 2.520213961359318e-05, "seconds": 45.171245405916125, "memory_gb": 10.425317376}
{"event": "TRAIN", "step": 860, "effective_epoch": 0.024454418545548577, "loss": 3.0951201915740967, "grdn": 6.7707037925720215, "lr": 2.4606594943501305e-05, "seconds": 39.30999143002555, "memory_gb": 10.425317376}
{"event": "TRAIN", "step": 870, "effective_epoch": 0.024738772249566582, "loss": 3.1081130504608154, "grdn": 6.566233158111572, "lr": 2.401157847745831e-05, "seconds": 47.134300061967224, "memory_gb": 10.425317376}
{"event": "TRAIN", "step": 880, "effective_epoch": 0.02502312595358459, "loss": 3.0792880058288574, "grdn": 6.985434055328369, "lr": 2.341744200450345e-05, "seconds": 44.40420370793436, "memory_gb": 10.425317376}
{"event": "TRAIN", "step": 890, "effective_epoch": 0.025307479657602595, "loss": 2.99525785446167, "grdn": 6.086867332458496, "lr": 2.2824536793401454e-05, "seconds": 45.5630012829788, "memory_gb": 10.425317376}
{"event": "TRAIN", "step": 900, "effective_epoch": 0.025591833361620603, "loss": 2.9789175987243652, "grdn": 6.587702751159668, "lr": 2.2233213384963374e-05, "seconds": 44.93224655697122, "memory_gb": 10.425317376}
{"event": "TRAIN", "step": 910, "effective_epoch": 0.02587618706563861, "loss": 3.020522356033325, "grdn": 6.3135905265808105, "lr": 2.1643821384797844e-05, "seconds": 40.96945551002864, "memory_gb": 10.425317376}
{"event": "TRAIN", "step": 920, "effective_epoch": 0.026160540769656616, "loss": 2.9646501541137695, "grdn": 6.162548065185547, "lr": 2.105670925661523e-05, "seconds": 43.89820499892812, "memory_gb": 10.425317376}
{"event": "TRAIN", "step": 930, "effective_epoch": 0.026444894473674624, "loss": 3.0146899223327637, "grdn": 6.572999000549316, "lr": 2.047222411620696e-05, "seconds": 39.72951931494754, "memory_gb": 10.425317376}
{"event": "TRAIN", "step": 940, "effective_epoch": 0.02672924817769263, "loss": 2.9096603393554688, "grdn": 6.829991817474365, "lr": 1.9890711526221715e-05, "seconds": 42.086091319913976, "memory_gb": 10.425317376}
{"event": "TRAIN", "step": 950, "effective_epoch": 0.027013601881710637, "loss": 3.000422954559326, "grdn": 6.8043646812438965, "lr": 1.9312515291859913e-05, "seconds": 37.86555883393157, "memory_gb": 10.425317376}
{"event": "TRAIN", "step": 960, "effective_epoch": 0.02729795558572864, "loss": 3.1017861366271973, "grdn": 6.856450080871582, "lr": 1.87379772576072e-05, "seconds": 41.848284567007795, "memory_gb": 10.425317376}
{"event": "TRAIN", "step": 970, "effective_epoch": 0.02758230928974665, "loss": 3.0226168632507324, "grdn": 6.661703586578369, "lr": 1.816743710512726e-05, "seconds": 43.089777574990876, "memory_gb": 10.425317376}
{"event": "TRAIN", "step": 980, "effective_epoch": 0.027866662993764658, "loss": 2.9052927494049072, "grdn": 6.235867023468018, "lr": 1.7601232152433226e-05, "seconds": 46.87018518894911, "memory_gb": 10.425317376}
{"event": "TRAIN", "step": 990, "effective_epoch": 0.028151016697782662, "loss": 2.857496976852417, "grdn": 6.572037696838379, "lr": 1.7039697154456618e-05, "seconds": 42.83024353696965, "memory_gb": 10.425317376}
{"event": "EVAL", "step": 996, "effective_epoch": 0.028321628920193468, "train": {"frames": 352, "episodes": 11, "ce": 2.769306532022628, "mae": 0.018431196809449994, "rmse": 0.02740623447954736, "episode_mae": 0.018431196809449994, "baseline_mae": 0.0976172377016734, "baseline_rmse": 0.1176886652947721, "mae_remaining_seconds": 22.047397623464082, "bias": -0.003927880342499438, "crps": 0.012536747009025103, "entropy": 3.1639231727881865, "interval90_coverage": 0.9715909090909091, "interval90_width": 0.12109374777752567}, "test": {"frames": 352, "episodes": 11, "ce": 3.625872704285112, "mae": 0.03694911519414745, "rmse": 0.048513082270248115, "episode_mae": 0.03694911519414745, "baseline_mae": 0.09093507870354435, "baseline_rmse": 0.1089701435114882, "mae_remaining_seconds": 44.19853159523918, "bias": 0.0018013094694734636, "crps": 0.026299876673874678, "entropy": 3.155530783940445, "interval90_coverage": 0.8068181818181818, "interval90_width": 0.11990056506527419}, "best_step": 996, "best_episode_mae": 0.03694911519414745, "bad_evaluations": 0}
{"event": "TRAIN", "step": 1000, "effective_epoch": 0.02843537040180067, "loss": 2.8824005126953125, "grdn": 6.484620094299316, "lr": 1.648316410513159e-05, "seconds": 142.13908587000333, "memory_gb": 10.425317376}
{"event": "TRAIN", "step": 1010, "effective_epoch": 0.028719724105818675, "loss": 2.8532862663269043, "grdn": 6.358245372772217, "lr": 1.5931962041111617e-05, "seconds": 45.541604264988564, "memory_gb": 10.425317376}
{"event": "TRAIN", "step": 1020, "effective_epoch": 0.029004077809836683, "loss": 2.852902889251709, "grdn": 5.892322540283203, "lr": 1.5386416847234544e-05, "seconds": 40.93823011103086, "memory_gb": 10.425317376}
{"event": "TRAIN", "step": 1030, "effective_epoch": 0.02928843151385469, "loss": 2.7691917419433594, "grdn": 6.39262580871582, "lr": 1.4846851063851073e-05, "seconds": 40.964025421999395, "memory_gb": 10.425317376}
{"event": "TRAIN", "step": 1040, "effective_epoch": 0.029572785217872696, "loss": 2.7934937477111816, "grdn": 6.5543365478515625, "lr": 1.4313583696130624e-05, "seconds": 47.081530358991586, "memory_gb": 10.425317376}
{"event": "TRAIN", "step": 1050, "effective_epoch": 0.029857138921890704, "loss": 2.878051996231079, "grdn": 6.4196953773498535, "lr": 1.3786930025457284e-05, "seconds": 40.76302456995472, "memory_gb": 10.425317376}
{"event": "TRAIN", "step": 1060, "effective_epoch": 0.03014149262590871, "loss": 2.8233890533447266, "grdn": 6.573880195617676, "lr": 1.3267201423027334e-05, "seconds": 48.49082903901581, "memory_gb": 10.425317376}
{"event": "TRAIN", "step": 1070, "effective_epoch": 0.030425846329926717, "loss": 2.7667384147644043, "grdn": 6.994378089904785, "lr": 1.2754705165758582e-05, "seconds": 42.36270678101573, "memory_gb": 10.425317376}
{"event": "TRAIN", "step": 1080, "effective_epoch": 0.030710200033944722, "loss": 2.773468017578125, "grdn": 6.544679164886475, "lr": 1.2249744254620353e-05, "seconds": 40.97660725598689, "memory_gb": 10.425317376}
{"event": "TRAIN", "step": 1090, "effective_epoch": 0.03099455373796273, "loss": 2.8136348724365234, "grdn": 6.1353936195373535, "lr": 1.175261723549152e-05, "seconds": 40.28028683003504, "memory_gb": 10.425317376}
{"event": "TRAIN", "step": 1100, "effective_epoch": 0.03127890744198074, "loss": 2.873657703399658, "grdn": 6.774462699890137, "lr": 1.1263618022652515e-05, "seconds": 44.22522624605335, "memory_gb": 10.425317376}
{"event": "TRAIN", "step": 1110, "effective_epoch": 0.03156326114599874, "loss": 2.721972942352295, "grdn": 6.649234771728516, "lr": 1.0783035725015609e-05, "seconds": 43.21443530602846, "memory_gb": 10.425317376}
{"event": "TRAIN", "step": 1120, "effective_epoch": 0.03184761485001675, "loss": 2.691035270690918, "grdn": 6.7404608726501465, "lr": 1.0311154475196335e-05, "seconds": 44.47800731402822, "memory_gb": 10.425317376}
{"event": "TRAIN", "step": 1130, "effective_epoch": 0.03213196855403476, "loss": 2.7956924438476562, "grdn": 7.683283805847168, "lr": 9.848253261526945e-06, "seconds": 35.95254412200302, "memory_gb": 10.425317376}
{"event": "TRAIN", "step": 1140, "effective_epoch": 0.032416322258052764, "loss": 2.815638780593872, "grdn": 6.503310203552246, "lr": 9.394605763111354e-06, "seconds": 39.08580211899243, "memory_gb": 10.425317376}
{"event": "TRAIN", "step": 1150, "effective_epoch": 0.03270067596207077, "loss": 2.7509875297546387, "grdn": 6.722184658050537, "lr": 8.950480188018978e-06, "seconds": 42.89127429202199, "memory_gb": 10.425317376}
{"event": "TRAIN", "step": 1160, "effective_epoch": 0.03298502966608878, "loss": 2.8206818103790283, "grdn": 6.68292236328125, "lr": 8.516139114713267e-06, "seconds": 37.69766696705483, "memory_gb": 10.425317376}
{"event": "TRAIN", "step": 1170, "effective_epoch": 0.033269383370106785, "loss": 2.731267213821411, "grdn": 6.825653076171875, "lr": 8.09183933680854e-06, "seconds": 43.18541890499182, "memory_gb": 10.425317376}
{"event": "TRAIN", "step": 1180, "effective_epoch": 0.03355373707412479, "loss": 2.7466373443603516, "grdn": 6.8200812339782715, "lr": 7.677831711247013e-06, "seconds": 41.72909311496187, "memory_gb": 10.425317376}
{"event": "TRAIN", "step": 1190, "effective_epoch": 0.033838090778142794, "loss": 2.6976494789123535, "grdn": 7.219511985778809, "lr": 7.274361009985682e-06, "seconds": 44.47113374003675, "memory_gb": 10.425317376}
{"event": "TRAIN", "step": 1200, "effective_epoch": 0.034122444482160806, "loss": 2.773555278778076, "grdn": 6.677851676940918, "lr": 6.8816657752809004e-06, "seconds": 40.46668066398706, "memory_gb": 10.425317376}
{"event": "TRAIN", "step": 1210, "effective_epoch": 0.03440679818617881, "loss": 2.7138445377349854, "grdn": 6.504756927490234, "lr": 6.49997817865603e-06, "seconds": 43.49815638794098, "memory_gb": 10.425317376}
{"event": "TRAIN", "step": 1220, "effective_epoch": 0.034691151890196815, "loss": 2.738616704940796, "grdn": 6.72415018081665, "lr": 6.129523883635655e-06, "seconds": 44.50292624998838, "memory_gb": 10.425317376}
{"event": "TRAIN", "step": 1230, "effective_epoch": 0.03497550559421483, "loss": 2.7259345054626465, "grdn": 6.707452297210693, "lr": 5.77052191232753e-06, "seconds": 42.37899327802006, "memory_gb": 10.425317376}
{"event": "TRAIN", "step": 1240, "effective_epoch": 0.03525985929823283, "loss": 2.674888849258423, "grdn": 6.366831302642822, "lr": 5.423184515931064e-06, "seconds": 41.069614336011, "memory_gb": 10.425317376}
{"event": "EVAL", "step": 1245, "effective_epoch": 0.03540203615024183, "train": {"frames": 352, "episodes": 11, "ce": 2.6107200389219956, "mae": 0.01481146010866558, "rmse": 0.0247927149375416, "episode_mae": 0.01481146010866558, "baseline_mae": 0.0976172377016734, "baseline_rmse": 0.1176886652947721, "mae_remaining_seconds": 17.717468581985766, "bias": -0.0029204757778312673, "crps": 0.010778885651234305, "entropy": 3.0387315303087234, "interval90_coverage": 0.9630681818181818, "interval90_width": 0.11130681695596484}, "test": {"frames": 352, "episodes": 11, "ce": 3.6859565373848784, "mae": 0.03556631216832267, "rmse": 0.04775633612729872, "episode_mae": 0.03556631216832267, "baseline_mae": 0.09093507870354435, "baseline_rmse": 0.1089701435114882, "mae_remaining_seconds": 42.544422615747585, "bias": 0.0029305204172322356, "crps": 0.02633812179952987, "entropy": 3.023060513829643, "interval90_coverage": 0.7386363636363636, "interval90_width": 0.10353692940870216}, "best_step": 1245, "best_episode_mae": 0.03556631216832267, "bad_evaluations": 0}
{"event": "TRAIN", "step": 1250, "effective_epoch": 0.035544213002250837, "loss": 2.6894612312316895, "grdn": 6.947000026702881, "lr": 5.087717049248947e-06, "seconds": 153.35508401494008, "memory_gb": 10.425317376}
{"event": "TRAIN", "step": 1260, "effective_epoch": 0.03582856670626884, "loss": 2.7210960388183594, "grdn": 6.679490566253662, "lr": 4.764317849276116e-06, "seconds": 38.18447415798437, "memory_gb": 10.425317376}
{"event": "TRAIN", "step": 1270, "effective_epoch": 0.03611292041028685, "loss": 2.712162733078003, "grdn": 6.9044084548950195, "lr": 4.4531781179378104e-06, "seconds": 44.46733108907938, "memory_gb": 10.425317376}
{"event": "TRAIN", "step": 1280, "effective_epoch": 0.03639727411430486, "loss": 2.6882152557373047, "grdn": 6.643511772155762, "lr": 4.154481809046097e-06, "seconds": 44.50672277191188, "memory_gb": 10.425317376}
{"event": "TRAIN", "step": 1290, "effective_epoch": 0.03668162781832286, "loss": 2.68727970123291, "grdn": 6.933518409729004, "lr": 3.868405519541629e-06, "seconds": 44.093860610970296, "memory_gb": 10.425317376}
{"event": "TRAIN", "step": 1300, "effective_epoch": 0.036965981522340874, "loss": 2.762343168258667, "grdn": 6.349358558654785, "lr": 3.595118385084979e-06, "seconds": 46.13858819799498, "memory_gb": 10.425317376}
{"event": "TRAIN", "step": 1310, "effective_epoch": 0.03725033522635888, "loss": 2.645785093307495, "grdn": 6.722459316253662, "lr": 3.3347819800593246e-06, "seconds": 39.785107724019326, "memory_gb": 10.425317376}
{"event": "TRAIN", "step": 1320, "effective_epoch": 0.03753468893037688, "loss": 2.6814417839050293, "grdn": 6.605311393737793, "lr": 3.087550222043485e-06, "seconds": 45.31154418899678, "memory_gb": 10.425317376}
{"event": "TRAIN", "step": 1330, "effective_epoch": 0.03781904263439489, "loss": 2.67124080657959, "grdn": 6.312513828277588, "lr": 2.8535692808119044e-06, "seconds": 45.67778604105115, "memory_gb": 10.425317376}
{"event": "TRAIN", "step": 1340, "effective_epoch": 0.0381033963384129, "loss": 2.680292844772339, "grdn": 6.357901096343994, "lr": 2.6329774919153112e-06, "seconds": 39.731157765956596, "memory_gb": 10.425317376}
{"event": "TRAIN", "step": 1350, "effective_epoch": 0.038387750042430904, "loss": 2.6251609325408936, "grdn": 6.249622821807861, "lr": 2.425905274893188e-06, "seconds": 42.89362187089864, "memory_gb": 10.425317376}
{"event": "TRAIN", "step": 1360, "effective_epoch": 0.03867210374644891, "loss": 2.650585174560547, "grdn": 6.307653903961182, "lr": 2.232475056166395e-06, "seconds": 41.4773587170057, "memory_gb": 10.425317376}
{"event": "TRAIN", "step": 1370, "effective_epoch": 0.03895645745046692, "loss": 2.5805039405822754, "grdn": 6.2922587394714355, "lr": 2.0528011966554982e-06, "seconds": 43.41656234499533, "memory_gb": 10.425317376}
{"event": "TRAIN", "step": 1380, "effective_epoch": 0.039240811154484925, "loss": 2.656054973602295, "grdn": 6.377004146575928, "lr": 1.886989924167672e-06, "seconds": 48.6586154110264, "memory_gb": 10.425317376}
{"event": "TRAIN", "step": 1390, "effective_epoch": 0.03952516485850293, "loss": 2.735813617706299, "grdn": 7.0968780517578125, "lr": 1.7351392705920803e-06, "seconds": 46.02136340807192, "memory_gb": 10.425317376}
{"event": "TRAIN", "step": 1400, "effective_epoch": 0.039809518562520935, "loss": 2.6079750061035156, "grdn": 6.6182379722595215, "lr": 1.597339013940905e-06, "seconds": 44.22777655394748, "memory_gb": 10.425317376}
{"event": "TRAIN", "step": 1410, "effective_epoch": 0.040093872266538946, "loss": 2.66495943069458, "grdn": 6.93350887298584, "lr": 1.4736706252702645e-06, "seconds": 47.473208646988496, "memory_gb": 10.425317376}
{"event": "TRAIN", "step": 1420, "effective_epoch": 0.04037822597055695, "loss": 2.6937508583068848, "grdn": 7.171156406402588, "lr": 1.364207220512442e-06, "seconds": 40.51451669400558, "memory_gb": 10.425317376}
{"event": "TRAIN", "step": 1430, "effective_epoch": 0.040662579674574956, "loss": 2.692534923553467, "grdn": 6.9019365310668945, "lr": 1.2690135172478612e-06, "seconds": 42.56636507494841, "memory_gb": 10.425317376}
{"event": "TRAIN", "step": 1440, "effective_epoch": 0.04094693337859297, "loss": 2.6601130962371826, "grdn": 6.60870361328125, "lr": 1.188145796442397e-06, "seconds": 43.42532947601285, "memory_gb": 10.425317376}
{"event": "TRAIN", "step": 1450, "effective_epoch": 0.04123128708261097, "loss": 2.709824800491333, "grdn": 6.677631378173828, "lr": 1.1216518691726e-06, "seconds": 43.809194838046096, "memory_gb": 10.425317376}
{"event": "TRAIN", "step": 1460, "effective_epoch": 0.04151564078662898, "loss": 2.6253883838653564, "grdn": 6.58453893661499, "lr": 1.0695710483585784e-06, "seconds": 44.43041844898835, "memory_gb": 10.425317376}
{"event": "TRAIN", "step": 1470, "effective_epoch": 0.04179999449064698, "loss": 2.6516060829162598, "grdn": 6.4806413650512695, "lr": 1.0319341255211805e-06, "seconds": 44.26808244897984, "memory_gb": 10.425317376}
{"event": "TRAIN", "step": 1480, "effective_epoch": 0.04208434819466499, "loss": 2.637679100036621, "grdn": 6.296810626983643, "lr": 1.0087633525772547e-06, "seconds": 44.676104163052514, "memory_gb": 10.425317376}
{"event": "TRAIN", "step": 1490, "effective_epoch": 0.042368701898683, "loss": 2.5931031703948975, "grdn": 6.824194431304932, "lr": 1.0000724286837442e-06, "seconds": 41.97571580694057, "memory_gb": 10.425317376}
{"event": "EVAL", "step": 1491, "effective_epoch": 0.0423971372690848, "train": {"frames": 352, "episodes": 11, "ce": 2.5467494319785726, "mae": 0.013461951809321445, "rmse": 0.023021086874002016, "episode_mae": 0.013461951809321445, "baseline_mae": 0.0976172377016734, "baseline_rmse": 0.1176886652947721, "mae_remaining_seconds": 16.10318675431031, "bias": -0.000769573504592038, "crps": 0.009950476135021414, "entropy": 3.0018071403557602, "interval90_coverage": 0.9744318181818182, "interval90_width": 0.10928977122371593}, "test": {"frames": 352, "episodes": 11, "ce": 3.7542882316153157, "mae": 0.03731403755955398, "rmse": 0.05002714540447152, "episode_mae": 0.03731403755955398, "baseline_mae": 0.09093507870354435, "baseline_rmse": 0.1089701435114882, "mae_remaining_seconds": 44.635051728738475, "bias": 0.005338290663944049, "crps": 0.0275893828923224, "entropy": 2.9967622868716717, "interval90_coverage": 0.7045454545454546, "interval90_width": 0.09805397540119222}, "best_step": 1245, "best_episode_mae": 0.03556631216832267, "bad_evaluations": 1}
TRAINING_STAGE_COMPLETE
