/data/experiments/value-demo3-20260906/venv-py312-torch210-cu128/lib/python3.12/site-packages/torch/distributed/c10d_logger.py:83: UserWarning: barrier(): using the device under current context. You can specify `device_id` in `init_process_group` to mute this warning.
  return func(*args, **kwargs)
[rank0]:[W907 07:22:44.835596937 ProcessGroupNCCL.cpp:5138] Guessing device ID based on global rank. This can cause a hang if rank to GPU mapping is heterogeneous. You can specify device_id in init_process_group()
NCCL version 2.27.5+cuda12.9
{"event": "ARCHITECTURE", "variant": "vision_only", "total_parameters": 429182729, "trainable_parameters": 429182729, "state_input": false}
{"event": "READY", "task": "so101_fold_clothes_left_stack_right", "step": 0, "train_frames": 1125359, "test_frames": 352, "global_batch": 32, "parameters": 429182729}
{"event": "TRAIN", "step": 10, "effective_epoch": 0.0002843537040180067, "loss": 5.318672180175781, "grdn": 5.207327842712402, "lr": 2.512562814070352e-06, "seconds": 44.90337053197436, "memory_gb": 10.425316864}
{"event": "TRAIN", "step": 20, "effective_epoch": 0.0005687074080360134, "loss": 5.24187707901001, "grdn": 5.081038475036621, "lr": 5.025125628140704e-06, "seconds": 42.91323940700386, "memory_gb": 10.425317376}
{"event": "TRAIN", "step": 30, "effective_epoch": 0.00085306111205402, "loss": 5.191511631011963, "grdn": 4.888421535491943, "lr": 7.537688442211055e-06, "seconds": 36.79408693499863, "memory_gb": 10.425317376}
{"event": "TRAIN", "step": 40, "effective_epoch": 0.0011374148160720268, "loss": 5.118828773498535, "grdn": 4.958782196044922, "lr": 1.0050251256281408e-05, "seconds": 45.33678052597679, "memory_gb": 10.425317376}
{"event": "TRAIN", "step": 50, "effective_epoch": 0.0014217685200900334, "loss": 5.072206974029541, "grdn": 4.840408802032471, "lr": 1.2562814070351759e-05, "seconds": 38.422074446920305, "memory_gb": 10.425317376}
{"event": "TRAIN", "step": 60, "effective_epoch": 0.00170612222410804, "loss": 5.0402703285217285, "grdn": 4.71213960647583, "lr": 1.507537688442211e-05, "seconds": 45.611705137067474, "memory_gb": 10.425317376}
{"event": "TRAIN", "step": 70, "effective_epoch": 0.0019904759281260467, "loss": 4.988301753997803, "grdn": 4.345611095428467, "lr": 1.7587939698492464e-05, "seconds": 39.31151413090993, "memory_gb": 10.425317376}
{"event": "TRAIN", "step": 80, "effective_epoch": 0.0022748296321440536, "loss": 4.9506940841674805, "grdn": 4.23334264755249, "lr": 2.0100502512562815e-05, "seconds": 44.84591796400491, "memory_gb": 10.425317376}
{"event": "TRAIN", "step": 90, "effective_epoch": 0.0025591833361620605, "loss": 4.917143821716309, "grdn": 4.237298488616943, "lr": 2.261306532663317e-05, "seconds": 38.428421549033374, "memory_gb": 10.425317376}
{"event": "TRAIN", "step": 100, "effective_epoch": 0.002843537040180067, "loss": 4.889039039611816, "grdn": 4.113793849945068, "lr": 2.5125628140703518e-05, "seconds": 42.45716553099919, "memory_gb": 10.425317376}
{"event": "TRAIN", "step": 110, "effective_epoch": 0.0031278907441980737, "loss": 4.861183166503906, "grdn": 3.840038776397705, "lr": 2.7638190954773873e-05, "seconds": 34.12760970008094, "memory_gb": 10.425317376}
{"event": "TRAIN", "step": 120, "effective_epoch": 0.00341224444821608, "loss": 4.813992023468018, "grdn": 3.9525458812713623, "lr": 3.015075376884422e-05, "seconds": 44.75111224199645, "memory_gb": 10.425317376}
{"event": "TRAIN", "step": 130, "effective_epoch": 0.003696598152234087, "loss": 4.735794544219971, "grdn": 4.1022467613220215, "lr": 3.2663316582914576e-05, "seconds": 43.31500942003913, "memory_gb": 10.425317376}
{"event": "TRAIN", "step": 140, "effective_epoch": 0.0039809518562520935, "loss": 4.729761123657227, "grdn": 4.0334696769714355, "lr": 3.517587939698493e-05, "seconds": 46.386806237977, "memory_gb": 10.425317376}
{"event": "TRAIN", "step": 150, "effective_epoch": 0.004265305560270101, "loss": 4.666914939880371, "grdn": 4.126232624053955, "lr": 3.768844221105528e-05, "seconds": 40.62785477808211, "memory_gb": 10.425317376}
{"event": "TRAIN", "step": 160, "effective_epoch": 0.004549659264288107, "loss": 4.592510223388672, "grdn": 4.065339088439941, "lr": 4.020100502512563e-05, "seconds": 38.46488078695256, "memory_gb": 10.425317376}
{"event": "TRAIN", "step": 170, "effective_epoch": 0.004834012968306114, "loss": 4.562754154205322, "grdn": 4.270874977111816, "lr": 4.271356783919598e-05, "seconds": 42.76743422704749, "memory_gb": 10.425317376}
{"event": "TRAIN", "step": 180, "effective_epoch": 0.005118366672324121, "loss": 4.472681045532227, "grdn": 4.520439147949219, "lr": 4.522613065326634e-05, "seconds": 40.35717813903466, "memory_gb": 10.425317376}
{"event": "TRAIN", "step": 190, "effective_epoch": 0.005402720376342127, "loss": 4.4614691734313965, "grdn": 4.489523410797119, "lr": 4.7738693467336685e-05, "seconds": 38.8394073699601, "memory_gb": 10.425317376}
{"event": "TRAIN", "step": 200, "effective_epoch": 0.005687074080360134, "loss": 4.429041862487793, "grdn": 4.526163578033447, "lr": 4.999998437854304e-05, "seconds": 36.129763227072544, "memory_gb": 10.425317376}
{"event": "TRAIN", "step": 210, "effective_epoch": 0.005971427784378141, "loss": 4.359748363494873, "grdn": 5.1507792472839355, "lr": 4.9998109827811774e-05, "seconds": 39.06293677398935, "memory_gb": 10.425317376}
{"event": "TRAIN", "step": 220, "effective_epoch": 0.0062557814883961475, "loss": 4.367313385009766, "grdn": 5.514402866363525, "lr": 4.9993111259593675e-05, "seconds": 39.95644536498003, "memory_gb": 10.425317376}
{"event": "TRAIN", "step": 230, "effective_epoch": 0.006540135192414154, "loss": 4.312111854553223, "grdn": 4.93934965133667, "lr": 4.998498931130995e-05, "seconds": 37.88766113796737, "memory_gb": 10.425317376}
{"event": "TRAIN", "step": 240, "effective_epoch": 0.00682448889643216, "loss": 4.226500511169434, "grdn": 5.00887393951416, "lr": 4.997374501867759e-05, "seconds": 40.19951544399373, "memory_gb": 10.425317376}
{"event": "EVAL", "step": 249, "effective_epoch": 0.007080407230048367, "train": {"frames": 352, "episodes": 11, "ce": 4.187528388744051, "mae": 0.07811405505477027, "rmse": 0.09486202045170762, "episode_mae": 0.07811405505477027, "baseline_mae": 0.0976172377016734, "baseline_rmse": 0.1176886652947721, "mae_remaining_seconds": 93.44003265651621, "bias": -0.01838385013186119, "crps": 0.049183612514752895, "entropy": 4.423873293128881, "interval90_coverage": 0.9914772727272727, "interval90_width": 0.501775561154566}, "test": {"frames": 352, "episodes": 11, "ce": 4.150300400500948, "mae": 0.07425032602623105, "rmse": 0.0915011197112651, "episode_mae": 0.07425032602623105, "baseline_mae": 0.09093507870354435, "baseline_rmse": 0.1089701435114882, "mae_remaining_seconds": 88.81823999257759, "bias": -0.02951103707098148, "crps": 0.0467997182065367, "entropy": 4.458290169184858, "interval90_coverage": 0.9943181818181818, "interval90_width": 0.5336505635218187}, "best_step": 249, "best_episode_mae": 0.07425032602623105, "bad_evaluations": 0}
{"event": "TRAIN", "step": 250, "effective_epoch": 0.007108842600450168, "loss": 4.296942710876465, "grdn": 5.541621208190918, "lr": 4.995937981557727e-05, "seconds": 139.67011117306538, "memory_gb": 10.425317376}
{"event": "TRAIN", "step": 260, "effective_epoch": 0.007393196304468174, "loss": 4.259001731872559, "grdn": 6.261192798614502, "lr": 4.994189553387057e-05, "seconds": 37.34680258797016, "memory_gb": 10.425317376}
{"event": "TRAIN", "step": 270, "effective_epoch": 0.0076775500084861805, "loss": 4.183119773864746, "grdn": 5.024897575378418, "lr": 4.9921294403166313e-05, "seconds": 38.78697851195466, "memory_gb": 10.425317376}
{"event": "TRAIN", "step": 280, "effective_epoch": 0.007961903712504187, "loss": 4.125761985778809, "grdn": 6.639407157897949, "lr": 4.989757905053625e-05, "seconds": 38.540397844975814, "memory_gb": 10.425317376}
{"event": "TRAIN", "step": 290, "effective_epoch": 0.008246257416522195, "loss": 4.055229663848877, "grdn": 4.885743141174316, "lr": 4.987075250018008e-05, "seconds": 37.319297897978686, "memory_gb": 10.425317376}
{"event": "TRAIN", "step": 300, "effective_epoch": 0.008530611120540202, "loss": 4.021620750427246, "grdn": 5.540801048278809, "lr": 4.98408181730398e-05, "seconds": 42.9935574659612, "memory_gb": 10.425317376}
{"event": "TRAIN", "step": 310, "effective_epoch": 0.008814964824558208, "loss": 4.108348369598389, "grdn": 7.403733253479004, "lr": 4.980777988636342e-05, "seconds": 39.59601406205911, "memory_gb": 10.425317376}
{"event": "TRAIN", "step": 320, "effective_epoch": 0.009099318528576214, "loss": 3.953227996826172, "grdn": 5.602015972137451, "lr": 4.977164185321825e-05, "seconds": 41.09264423698187, "memory_gb": 10.425317376}
{"event": "TRAIN", "step": 330, "effective_epoch": 0.00938367223259422, "loss": 3.9453015327453613, "grdn": 5.386374473571777, "lr": 4.973240868195359e-05, "seconds": 40.733363215927966, "memory_gb": 10.425317376}
{"event": "TRAIN", "step": 340, "effective_epoch": 0.009668025936612227, "loss": 3.9512672424316406, "grdn": 5.447438716888428, "lr": 4.96900853756131e-05, "seconds": 40.77088270208333, "memory_gb": 10.425317376}
{"event": "TRAIN", "step": 350, "effective_epoch": 0.009952379640630234, "loss": 3.813401699066162, "grdn": 8.897985458374023, "lr": 4.964467733129681e-05, "seconds": 38.43314454506617, "memory_gb": 10.425317376}
{"event": "TRAIN", "step": 360, "effective_epoch": 0.010236733344648242, "loss": 3.945812940597534, "grdn": 5.852906227111816, "lr": 4.959619033947286e-05, "seconds": 39.089147454011254, "memory_gb": 10.425317376}
{"event": "TRAIN", "step": 370, "effective_epoch": 0.010521087048666248, "loss": 3.958393096923828, "grdn": 6.175767421722412, "lr": 4.95446305832391e-05, "seconds": 42.02060502697714, "memory_gb": 10.425317376}
{"event": "TRAIN", "step": 380, "effective_epoch": 0.010805440752684255, "loss": 3.8381829261779785, "grdn": 6.241715908050537, "lr": 4.9490004637534635e-05, "seconds": 36.18169114703778, "memory_gb": 10.425317376}
{"event": "TRAIN", "step": 390, "effective_epoch": 0.011089794456702261, "loss": 3.827911853790283, "grdn": 6.090133190155029, "lr": 4.943231946830136e-05, "seconds": 41.34814905002713, "memory_gb": 10.425317376}
{"event": "TRAIN", "step": 400, "effective_epoch": 0.011374148160720268, "loss": 3.8556969165802, "grdn": 6.942261695861816, "lr": 4.9371582431595654e-05, "seconds": 42.45407942100428, "memory_gb": 10.425317376}
{"event": "TRAIN", "step": 410, "effective_epoch": 0.011658501864738274, "loss": 3.956653594970703, "grdn": 6.471011161804199, "lr": 4.930780127265037e-05, "seconds": 39.778258359991014, "memory_gb": 10.425317376}
{"event": "TRAIN", "step": 420, "effective_epoch": 0.011942855568756282, "loss": 3.901416063308716, "grdn": 6.417637825012207, "lr": 4.9240984124887115e-05, "seconds": 40.5154164659325, "memory_gb": 10.425317376}
{"event": "TRAIN", "step": 430, "effective_epoch": 0.012227209272774289, "loss": 3.7646446228027344, "grdn": 5.964417934417725, "lr": 4.917113950887909e-05, "seconds": 39.627236531930976, "memory_gb": 10.425317376}
{"event": "TRAIN", "step": 440, "effective_epoch": 0.012511562976792295, "loss": 3.722573757171631, "grdn": 5.532863616943359, "lr": 4.9098276331264535e-05, "seconds": 37.85995717102196, "memory_gb": 10.425317376}
{"event": "TRAIN", "step": 450, "effective_epoch": 0.012795916680810301, "loss": 3.7216877937316895, "grdn": 6.42941427230835, "lr": 4.902240388361094e-05, "seconds": 36.39811406400986, "memory_gb": 10.425317376}
{"event": "TRAIN", "step": 460, "effective_epoch": 0.013080270384828308, "loss": 3.689551830291748, "grdn": 6.583778381347656, "lr": 4.89435318412302e-05, "seconds": 39.577548612025566, "memory_gb": 10.425317376}
{"event": "TRAIN", "step": 470, "effective_epoch": 0.013364624088846314, "loss": 3.703822374343872, "grdn": 6.849925994873047, "lr": 4.8861670261944774e-05, "seconds": 40.77475733298343, "memory_gb": 10.425317376}
{"event": "TRAIN", "step": 480, "effective_epoch": 0.01364897779286432, "loss": 3.6881778240203857, "grdn": 7.032015800476074, "lr": 4.877682958480517e-05, "seconds": 42.03896246396471, "memory_gb": 10.425317376}
{"event": "TRAIN", "step": 490, "effective_epoch": 0.013933331496882329, "loss": 3.7327888011932373, "grdn": 6.051749229431152, "lr": 4.8689020628758664e-05, "seconds": 41.96568487898912, "memory_gb": 10.425317376}
{"event": "EVAL", "step": 498, "effective_epoch": 0.014160814460096734, "train": {"frames": 352, "episodes": 11, "ce": 3.5898716134781186, "mae": 0.04531255912628363, "rmse": 0.05559290450425754, "episode_mae": 0.04531255912628363, "baseline_mae": 0.0976172377016734, "baseline_rmse": 0.1176886652947721, "mae_remaining_seconds": 54.202883226860486, "bias": -0.024759434015405448, "crps": 0.02857383819752034, "entropy": 3.897402961823073, "interval90_coverage": 0.9573863636363636, "interval90_width": 0.2548721545714546}, "test": {"frames": 352, "episodes": 11, "ce": 3.7764123285358604, "mae": 0.052926148716571995, "rmse": 0.0647457029241687, "episode_mae": 0.052926148716571995, "baseline_mae": 0.09093507870354435, "baseline_rmse": 0.1089701435114882, "mae_remaining_seconds": 63.31025909476342, "bias": -0.01992419915040955, "crps": 0.034110273960819046, "entropy": 3.885233112695542, "interval90_coverage": 0.9403409090909091, "interval90_width": 0.24842328902079977}, "best_step": 498, "best_episode_mae": 0.052926148716571995, "bad_evaluations": 0}
{"event": "TRAIN", "step": 500, "effective_epoch": 0.014217685200900335, "loss": 3.712477207183838, "grdn": 6.658939361572266, "lr": 4.8598254591269715e-05, "seconds": 144.00843851803802, "memory_gb": 10.425317376}
{"event": "TRAIN", "step": 510, "effective_epoch": 0.014502038904918342, "loss": 3.707249402999878, "grdn": 6.059358596801758, "lr": 4.850454304689205e-05, "seconds": 48.06574580504093, "memory_gb": 10.425317376}
{"event": "TRAIN", "step": 520, "effective_epoch": 0.014786392608936348, "loss": 3.6594600677490234, "grdn": 6.298819065093994, "lr": 4.8407897945792665e-05, "seconds": 36.79888941301033, "memory_gb": 10.425317376}
{"event": "TRAIN", "step": 530, "effective_epoch": 0.015070746312954355, "loss": 3.651850461959839, "grdn": 7.071409702301025, "lr": 4.830833161222792e-05, "seconds": 50.22427857504226, "memory_gb": 10.425317376}
{"event": "TRAIN", "step": 540, "effective_epoch": 0.015355100016972361, "loss": 3.713339328765869, "grdn": 6.951624870300293, "lr": 4.8205856742971926e-05, "seconds": 38.48517609597184, "memory_gb": 10.425317376}
{"event": "TRAIN", "step": 550, "effective_epoch": 0.01563945372099037, "loss": 3.640399217605591, "grdn": 6.1758880615234375, "lr": 4.810048640569751e-05, "seconds": 38.65052620600909, "memory_gb": 10.425317376}
{"event": "TRAIN", "step": 560, "effective_epoch": 0.015923807425008374, "loss": 3.5676136016845703, "grdn": 5.713480472564697, "lr": 4.799223403730973e-05, "seconds": 46.21364059508778, "memory_gb": 10.425317376}
{"event": "TRAIN", "step": 570, "effective_epoch": 0.016208161129026382, "loss": 3.51475191116333, "grdn": 5.983246803283691, "lr": 4.788111344223246e-05, "seconds": 36.23645113105886, "memory_gb": 10.425317376}
{"event": "TRAIN", "step": 580, "effective_epoch": 0.01649251483304439, "loss": 3.5296835899353027, "grdn": 6.8088788986206055, "lr": 4.776713879064799e-05, "seconds": 40.76536253199447, "memory_gb": 10.425317376}
{"event": "TRAIN", "step": 590, "effective_epoch": 0.016776868537062395, "loss": 3.5915191173553467, "grdn": 5.9007344245910645, "lr": 4.765032461669006e-05, "seconds": 42.55645147105679, "memory_gb": 10.425317376}
{"event": "TRAIN", "step": 600, "effective_epoch": 0.017061222241080403, "loss": 3.5626659393310547, "grdn": 6.306763172149658, "lr": 4.753068581659044e-05, "seconds": 39.264885894954205, "memory_gb": 10.425317376}
{"event": "TRAIN", "step": 610, "effective_epoch": 0.017345575945098408, "loss": 3.4608006477355957, "grdn": 5.9376444816589355, "lr": 4.740823764677939e-05, "seconds": 40.48997614206746, "memory_gb": 10.425317376}
{"event": "TRAIN", "step": 620, "effective_epoch": 0.017629929649116416, "loss": 3.3969268798828125, "grdn": 7.054473876953125, "lr": 4.728299572194008e-05, "seconds": 43.88216385897249, "memory_gb": 10.425317376}
{"event": "TRAIN", "step": 630, "effective_epoch": 0.01791428335313442, "loss": 3.4137141704559326, "grdn": 6.336276054382324, "lr": 4.715497601301746e-05, "seconds": 40.565196269075386, "memory_gb": 10.425317376}
{"event": "TRAIN", "step": 640, "effective_epoch": 0.01819863705715243, "loss": 3.5295615196228027, "grdn": 7.244885444641113, "lr": 4.7024194845181604e-05, "seconds": 39.28566947195213, "memory_gb": 10.425317376}
{"event": "TRAIN", "step": 650, "effective_epoch": 0.018482990761170437, "loss": 3.464669704437256, "grdn": 7.788926601409912, "lr": 4.6890668895745914e-05, "seconds": 37.72867326892447, "memory_gb": 10.425317376}
{"event": "TRAIN", "step": 660, "effective_epoch": 0.01876734446518844, "loss": 3.631685256958008, "grdn": 6.951162815093994, "lr": 4.67544151920404e-05, "seconds": 45.90001557592768, "memory_gb": 10.425317376}
{"event": "TRAIN", "step": 670, "effective_epoch": 0.01905169816920645, "loss": 3.4237236976623535, "grdn": 8.031119346618652, "lr": 4.6615451109240396e-05, "seconds": 39.04860564903356, "memory_gb": 10.425317376}
{"event": "TRAIN", "step": 680, "effective_epoch": 0.019336051873224454, "loss": 3.4281044006347656, "grdn": 6.810288906097412, "lr": 4.6473794368150774e-05, "seconds": 40.618323658942245, "memory_gb": 10.425317376}
{"event": "TRAIN", "step": 690, "effective_epoch": 0.019620405577242463, "loss": 3.349454879760742, "grdn": 6.759535789489746, "lr": 4.632946303294628e-05, "seconds": 37.70944683603011, "memory_gb": 10.425317376}
{"event": "TRAIN", "step": 700, "effective_epoch": 0.019904759281260467, "loss": 3.397925615310669, "grdn": 7.172084808349609, "lr": 4.6182475508867876e-05, "seconds": 40.695286190952174, "memory_gb": 10.425317376}
{"event": "TRAIN", "step": 710, "effective_epoch": 0.020189112985278476, "loss": 3.3692779541015625, "grdn": 7.261872291564941, "lr": 4.603285053987578e-05, "seconds": 44.173732853960246, "memory_gb": 10.425317376}
{"event": "TRAIN", "step": 720, "effective_epoch": 0.020473466689296484, "loss": 3.278485059738159, "grdn": 7.527813911437988, "lr": 4.588060720625915e-05, "seconds": 41.393436992075294, "memory_gb": 10.425317376}
{"event": "TRAIN", "step": 730, "effective_epoch": 0.02075782039331449, "loss": 3.3216521739959717, "grdn": 7.25162410736084, "lr": 4.5725764922203005e-05, "seconds": 41.95952091203071, "memory_gb": 10.425317376}
{"event": "TRAIN", "step": 740, "effective_epoch": 0.021042174097332497, "loss": 3.3058199882507324, "grdn": 8.576231956481934, "lr": 4.556834343331246e-05, "seconds": 38.32765307300724, "memory_gb": 10.425317376}
{"event": "EVAL", "step": 747, "effective_epoch": 0.021241221690145102, "train": {"frames": 352, "episodes": 11, "ce": 3.2119343778626486, "mae": 0.026360727642895654, "rmse": 0.037550691767244966, "episode_mae": 0.026360727642895654, "baseline_mae": 0.0976172377016734, "baseline_rmse": 0.1176886652947721, "mae_remaining_seconds": 31.53270240643178, "bias": 0.0016738021328240973, "crps": 0.018342966465173628, "entropy": 3.4262009659274058, "interval90_coverage": 0.9403409090909091, "interval90_width": 0.15140624591996046}, "test": {"frames": 352, "episodes": 11, "ce": 3.629608731039546, "mae": 0.04100562047361481, "rmse": 0.05403734899714105, "episode_mae": 0.04100562047361481, "baseline_mae": 0.09093507870354435, "baseline_rmse": 0.1089701435114882, "mae_remaining_seconds": 49.05092321053803, "bias": 0.003021944065535949, "crps": 0.028630192318814807, "entropy": 3.4170327901162882, "interval90_coverage": 0.84375, "interval90_width": 0.14724431419745088}, "best_step": 747, "best_episode_mae": 0.04100562047361481, "bad_evaluations": 0}
{"event": "TRAIN", "step": 750, "effective_epoch": 0.0213265278013505, "loss": 3.3689098358154297, "grdn": 7.49740743637085, "lr": 4.5408362814094804e-05, "seconds": 145.82389903394505, "memory_gb": 10.425317376}
{"event": "TRAIN", "step": 760, "effective_epoch": 0.02161088150536851, "loss": 3.475766658782959, "grdn": 7.187349796295166, "lr": 4.5245843465399546e-05, "seconds": 41.91337399499025, "memory_gb": 10.425317376}
{"event": "TRAIN", "step": 770, "effective_epoch": 0.021895235209386514, "loss": 3.3508009910583496, "grdn": 7.84380578994751, "lr": 4.508080611181691e-05, "seconds": 40.91487602703273, "memory_gb": 10.425317376}
{"event": "TRAIN", "step": 780, "effective_epoch": 0.022179588913404522, "loss": 3.354823350906372, "grdn": 7.8005876541137695, "lr": 4.491327179903499e-05, "seconds": 37.25753875391092, "memory_gb": 10.425317376}
{"event": "TRAIN", "step": 790, "effective_epoch": 0.02246394261742253, "loss": 3.316357135772705, "grdn": 7.773857116699219, "lr": 4.474326189115602e-05, "seconds": 40.48604679305572, "memory_gb": 10.425317376}
{"event": "TRAIN", "step": 800, "effective_epoch": 0.022748296321440535, "loss": 3.376795530319214, "grdn": 9.453237533569336, "lr": 4.457079806797199e-05, "seconds": 41.734691814985126, "memory_gb": 10.425317376}
{"event": "TRAIN", "step": 810, "effective_epoch": 0.023032650025458543, "loss": 3.3044967651367188, "grdn": 7.231705665588379, "lr": 4.439590232220002e-05, "seconds": 40.23230148095172, "memory_gb": 10.425317376}
{"event": "TRAIN", "step": 820, "effective_epoch": 0.023317003729476548, "loss": 3.259068012237549, "grdn": 6.836995601654053, "lr": 4.4218596956677845e-05, "seconds": 43.47182639595121, "memory_gb": 10.425317376}
{"event": "TRAIN", "step": 830, "effective_epoch": 0.023601357433494556, "loss": 3.219029188156128, "grdn": 6.944994926452637, "lr": 4.4038904581519716e-05, "seconds": 38.68810386292171, "memory_gb": 10.425317376}
{"event": "TRAIN", "step": 840, "effective_epoch": 0.023885711137512564, "loss": 3.3319802284240723, "grdn": 7.418356895446777, "lr": 4.3856848111233174e-05, "seconds": 38.81381894403603, "memory_gb": 10.425317376}
{"event": "TRAIN", "step": 850, "effective_epoch": 0.02417006484153057, "loss": 3.218458890914917, "grdn": 7.083558082580566, "lr": 4.3672450761796946e-05, "seconds": 43.38218693702947, "memory_gb": 10.425317376}
{"event": "TRAIN", "step": 860, "effective_epoch": 0.024454418545548577, "loss": 3.271761417388916, "grdn": 7.605371952056885, "lr": 4.348573604770046e-05, "seconds": 35.6495242039673, "memory_gb": 10.425317376}
{"event": "TRAIN", "step": 870, "effective_epoch": 0.024738772249566582, "loss": 3.21185040473938, "grdn": 6.885725498199463, "lr": 4.32967277789452e-05, "seconds": 43.99646658694837, "memory_gb": 10.425317376}
{"event": "TRAIN", "step": 880, "effective_epoch": 0.02502312595358459, "loss": 3.2181313037872314, "grdn": 7.506359100341797, "lr": 4.3105450058008515e-05, "seconds": 42.22061779699288, "memory_gb": 10.425317376}
{"event": "TRAIN", "step": 890, "effective_epoch": 0.025307479657602595, "loss": 3.2047972679138184, "grdn": 8.043313980102539, "lr": 4.291192727676998e-05, "seconds": 41.46059437899385, "memory_gb": 10.425317376}
{"event": "TRAIN", "step": 900, "effective_epoch": 0.025591833361620603, "loss": 3.2568676471710205, "grdn": 7.605874061584473, "lr": 4.271618411340097e-05, "seconds": 42.73325341695454, "memory_gb": 10.425317376}
{"event": "TRAIN", "step": 910, "effective_epoch": 0.02587618706563861, "loss": 3.1466526985168457, "grdn": 6.372631072998047, "lr": 4.251824552921768e-05, "seconds": 39.16222027793992, "memory_gb": 10.425317376}
{"event": "TRAIN", "step": 920, "effective_epoch": 0.026160540769656616, "loss": 3.10373854637146, "grdn": 6.72652530670166, "lr": 4.2318136765498e-05, "seconds": 41.43869402108248, "memory_gb": 10.425317376}
{"event": "TRAIN", "step": 930, "effective_epoch": 0.026444894473674624, "loss": 3.1366946697235107, "grdn": 7.845844268798828, "lr": 4.211588334026278e-05, "seconds": 39.19355708302464, "memory_gb": 10.425317376}
{"event": "TRAIN", "step": 940, "effective_epoch": 0.02672924817769263, "loss": 3.127793312072754, "grdn": 7.430495262145996, "lr": 4.191151104502172e-05, "seconds": 41.72204701602459, "memory_gb": 10.425317376}
{"event": "TRAIN", "step": 950, "effective_epoch": 0.027013601881710637, "loss": 3.125356674194336, "grdn": 7.369996547698975, "lr": 4.170504594148441e-05, "seconds": 36.01106361800339, "memory_gb": 10.425317376}
{"event": "TRAIN", "step": 960, "effective_epoch": 0.02729795558572864, "loss": 3.2389259338378906, "grdn": 7.7266364097595215, "lr": 4.149651435823696e-05, "seconds": 42.640655745984986, "memory_gb": 10.425317376}
{"event": "TRAIN", "step": 970, "effective_epoch": 0.02758230928974665, "loss": 3.2307369709014893, "grdn": 7.642935276031494, "lr": 4.128594288738452e-05, "seconds": 44.91932716500014, "memory_gb": 10.425317376}
{"event": "TRAIN", "step": 980, "effective_epoch": 0.027866662993764658, "loss": 3.1408915519714355, "grdn": 7.096600532531738, "lr": 4.107335838116025e-05, "seconds": 44.52975738805253, "memory_gb": 10.425317376}
{"event": "TRAIN", "step": 990, "effective_epoch": 0.028151016697782662, "loss": 3.0561532974243164, "grdn": 7.397063255310059, "lr": 4.0858787948501125e-05, "seconds": 39.87562149995938, "memory_gb": 10.425317376}
{"event": "EVAL", "step": 996, "effective_epoch": 0.028321628920193468, "train": {"frames": 352, "episodes": 11, "ce": 3.068615000186996, "mae": 0.02363406257195906, "rmse": 0.03269842050141308, "episode_mae": 0.02363406257195906, "baseline_mae": 0.0976172377016734, "baseline_rmse": 0.1176886652947721, "mae_remaining_seconds": 28.271065648577427, "bias": 0.009999304142018611, "crps": 0.015978908855851678, "entropy": 3.145311688496308, "interval90_coverage": 0.9289772727272727, "interval90_width": 0.11154829267285425}, "test": {"frames": 352, "episodes": 11, "ce": 3.804085874760693, "mae": 0.041381630041128534, "rmse": 0.058276038745100754, "episode_mae": 0.041381630041128534, "baseline_mae": 0.09093507870354435, "baseline_rmse": 0.1089701435114882, "mae_remaining_seconds": 49.50070585519795, "bias": 0.017827487317845225, "crps": 0.030553166625560898, "entropy": 3.1024354581128466, "interval90_coverage": 0.7443181818181818, "interval90_width": 0.10492897495119409}, "best_step": 747, "best_episode_mae": 0.04100562047361481, "bad_evaluations": 1}
{"event": "TRAIN", "step": 1000, "effective_epoch": 0.02843537040180067, "loss": 3.163999080657959, "grdn": 8.403361320495605, "lr": 4.064225895159091e-05, "seconds": 143.18981700600125, "memory_gb": 10.425317376}
{"event": "TRAIN", "step": 1010, "effective_epoch": 0.028719724105818675, "loss": 3.0172982215881348, "grdn": 6.584545135498047, "lr": 4.042379900237103e-05, "seconds": 41.111787746078335, "memory_gb": 10.425317376}
{"event": "TRAIN", "step": 1020, "effective_epoch": 0.029004077809836683, "loss": 3.0729820728302, "grdn": 6.9744086265563965, "lr": 4.0203435959019354e-05, "seconds": 41.942286139936186, "memory_gb": 10.425317376}
{"event": "TRAIN", "step": 1030, "effective_epoch": 0.02928843151385469, "loss": 2.9423327445983887, "grdn": 7.265045166015625, "lr": 3.9981197922397766e-05, "seconds": 39.100172196980566, "memory_gb": 10.425317376}
{"event": "TRAIN", "step": 1040, "effective_epoch": 0.029572785217872696, "loss": 3.012990951538086, "grdn": 7.9506964683532715, "lr": 3.975711323246874e-05, "seconds": 42.194586558965966, "memory_gb": 10.425317376}
{"event": "TRAIN", "step": 1050, "effective_epoch": 0.029857138921890704, "loss": 3.0905792713165283, "grdn": 7.205698490142822, "lr": 3.9531210464681346e-05, "seconds": 46.562270941911265, "memory_gb": 10.425317376}
{"event": "TRAIN", "step": 1060, "effective_epoch": 0.03014149262590871, "loss": 3.080402135848999, "grdn": 7.995261192321777, "lr": 3.930351842632732e-05, "seconds": 40.06229680299293, "memory_gb": 10.425317376}
{"event": "TRAIN", "step": 1070, "effective_epoch": 0.030425846329926717, "loss": 2.907532215118408, "grdn": 7.609550476074219, "lr": 3.9074066152867525e-05, "seconds": 41.54132593399845, "memory_gb": 10.425317376}
{"event": "TRAIN", "step": 1080, "effective_epoch": 0.030710200033944722, "loss": 2.9360413551330566, "grdn": 7.270987033843994, "lr": 3.884288290422937e-05, "seconds": 44.83868138096295, "memory_gb": 10.425317376}
{"event": "TRAIN", "step": 1090, "effective_epoch": 0.03099455373796273, "loss": 3.0115458965301514, "grdn": 6.744992256164551, "lr": 3.86099981610755e-05, "seconds": 36.75239950791001, "memory_gb": 10.425317376}
{"event": "TRAIN", "step": 1100, "effective_epoch": 0.03127890744198074, "loss": 3.0901987552642822, "grdn": 7.35779333114624, "lr": 3.8375441621044426e-05, "seconds": 38.46659587090835, "memory_gb": 10.425317376}
{"event": "TRAIN", "step": 1110, "effective_epoch": 0.03156326114599874, "loss": 2.903212785720825, "grdn": 8.402261734008789, "lr": 3.8139243194963464e-05, "seconds": 41.42416504304856, "memory_gb": 10.425317376}
{"event": "TRAIN", "step": 1120, "effective_epoch": 0.03184761485001675, "loss": 2.9637413024902344, "grdn": 7.612129211425781, "lr": 3.79014330030345e-05, "seconds": 40.157738454057835, "memory_gb": 10.425317376}
{"event": "TRAIN", "step": 1130, "effective_epoch": 0.03213196855403476, "loss": 3.018580198287964, "grdn": 7.573657989501953, "lr": 3.766204137099298e-05, "seconds": 40.91254445002414, "memory_gb": 10.425317376}
{"event": "TRAIN", "step": 1140, "effective_epoch": 0.032416322258052764, "loss": 3.020554304122925, "grdn": 7.652652740478516, "lr": 3.742109882624084e-05, "seconds": 42.39691596804187, "memory_gb": 10.425317376}
{"event": "TRAIN", "step": 1150, "effective_epoch": 0.03270067596207077, "loss": 2.9744372367858887, "grdn": 7.316403865814209, "lr": 3.717863609395352e-05, "seconds": 46.74412015196867, "memory_gb": 10.425317376}
{"event": "TRAIN", "step": 1160, "effective_epoch": 0.03298502966608878, "loss": 2.994450330734253, "grdn": 7.526248931884766, "lr": 3.693468409316197e-05, "seconds": 38.0534080429934, "memory_gb": 10.425317376}
{"event": "TRAIN", "step": 1170, "effective_epoch": 0.033269383370106785, "loss": 2.973665714263916, "grdn": 6.96970272064209, "lr": 3.668927393280977e-05, "seconds": 45.03706245997455, "memory_gb": 10.425317376}
{"event": "TRAIN", "step": 1180, "effective_epoch": 0.03355373707412479, "loss": 2.9290738105773926, "grdn": 7.084080696105957, "lr": 3.644243690778611e-05, "seconds": 38.131043573026545, "memory_gb": 10.425317376}
{"event": "TRAIN", "step": 1190, "effective_epoch": 0.033838090778142794, "loss": 2.8863067626953125, "grdn": 7.902451515197754, "lr": 3.6194204494935016e-05, "seconds": 42.89158784295432, "memory_gb": 10.425317376}
{"event": "TRAIN", "step": 1200, "effective_epoch": 0.034122444482160806, "loss": 2.9493744373321533, "grdn": 8.12177562713623, "lr": 3.594460834904148e-05, "seconds": 38.26942011900246, "memory_gb": 10.425317376}
{"event": "TRAIN", "step": 1210, "effective_epoch": 0.03440679818617881, "loss": 2.8774540424346924, "grdn": 6.7274603843688965, "lr": 3.569368029879472e-05, "seconds": 42.80625361006241, "memory_gb": 10.425317376}
{"event": "TRAIN", "step": 1220, "effective_epoch": 0.034691151890196815, "loss": 2.993048906326294, "grdn": 8.246418952941895, "lr": 3.544145234272941e-05, "seconds": 38.84315728105139, "memory_gb": 10.425317376}
{"event": "TRAIN", "step": 1230, "effective_epoch": 0.03497550559421483, "loss": 2.9013450145721436, "grdn": 7.066468715667725, "lr": 3.518795664514521e-05, "seconds": 40.979301298968494, "memory_gb": 10.425317376}
{"event": "TRAIN", "step": 1240, "effective_epoch": 0.03525985929823283, "loss": 2.9158408641815186, "grdn": 7.71596622467041, "lr": 3.493322553200512e-05, "seconds": 37.640386657905765, "memory_gb": 10.425317376}
{"event": "EVAL", "step": 1245, "effective_epoch": 0.03540203615024183, "train": {"frames": 352, "episodes": 11, "ce": 2.7372386650266973, "mae": 0.01662239845344712, "rmse": 0.02738891406600851, "episode_mae": 0.01662239845344712, "baseline_mae": 0.0976172377016734, "baseline_rmse": 0.1176886652947721, "mae_remaining_seconds": 19.883713030013446, "bias": 0.0038258252025116235, "crps": 0.011823873771142891, "entropy": 2.9549717134372755, "interval90_coverage": 0.9488636363636364, "interval90_width": 0.09254261044076305}, "test": {"frames": 352, "episodes": 11, "ce": 3.883253376084295, "mae": 0.03905136674504981, "rmse": 0.0535638004576147, "episode_mae": 0.03905136674504981, "baseline_mae": 0.09093507870354435, "baseline_rmse": 0.1089701435114882, "mae_remaining_seconds": 46.713244900428585, "bias": 0.01451861527907154, "crps": 0.029494033975424827, "entropy": 2.9228706055066804, "interval90_coverage": 0.6960227272727273, "interval90_width": 0.08647727059591985}, "best_step": 1245, "best_episode_mae": 0.03905136674504981, "bad_evaluations": 0}
{"event": "TRAIN", "step": 1250, "effective_epoch": 0.035544213002250837, "loss": 2.838740348815918, "grdn": 7.387381076812744, "lr": 3.467729148681328e-05, "seconds": 143.90929262991995, "memory_gb": 10.425317376}
{"event": "TRAIN", "step": 1260, "effective_epoch": 0.03582856670626884, "loss": 2.8317196369171143, "grdn": 7.434996604919434, "lr": 3.442018714647263e-05, "seconds": 41.03485794691369, "memory_gb": 10.425317376}
{"event": "TRAIN", "step": 1270, "effective_epoch": 0.03611292041028685, "loss": 2.8876795768737793, "grdn": 8.033254623413086, "lr": 3.416194529712303e-05, "seconds": 37.78239767695777, "memory_gb": 10.425317376}
{"event": "TRAIN", "step": 1280, "effective_epoch": 0.03639727411430486, "loss": 2.8497276306152344, "grdn": 7.073577880859375, "lr": 3.390259886996035e-05, "seconds": 37.30889632401522, "memory_gb": 10.425317376}
{"event": "TRAIN", "step": 1290, "effective_epoch": 0.03668162781832286, "loss": 2.868102550506592, "grdn": 7.82950496673584, "lr": 3.364218093703707e-05, "seconds": 40.942484083003365, "memory_gb": 10.425317376}
{"event": "TRAIN", "step": 1300, "effective_epoch": 0.036965981522340874, "loss": 2.940034866333008, "grdn": 8.385207176208496, "lr": 3.3380724707044865e-05, "seconds": 40.91884736798238, "memory_gb": 10.425317376}
{"event": "TRAIN", "step": 1310, "effective_epoch": 0.03725033522635888, "loss": 2.8287513256073, "grdn": 9.541360855102539, "lr": 3.3118263521079866e-05, "seconds": 38.65534032299183, "memory_gb": 10.425317376}
{"event": "TRAIN", "step": 1320, "effective_epoch": 0.03753468893037688, "loss": 2.8685505390167236, "grdn": 7.569631099700928, "lr": 3.2854830848390936e-05, "seconds": 38.05520938697737, "memory_gb": 10.425317376}
{"event": "TRAIN", "step": 1330, "effective_epoch": 0.03781904263439489, "loss": 2.795611619949341, "grdn": 7.500496864318848, "lr": 3.259046028211167e-05, "seconds": 44.72709440195467, "memory_gb": 10.425317376}
{"event": "TRAIN", "step": 1340, "effective_epoch": 0.0381033963384129, "loss": 2.7627806663513184, "grdn": 7.702211856842041, "lr": 3.2325185534976535e-05, "seconds": 38.96961624594405, "memory_gb": 10.425317376}
{"event": "TRAIN", "step": 1350, "effective_epoch": 0.038387750042430904, "loss": 2.770781993865967, "grdn": 7.088104248046875, "lr": 3.2059040435021866e-05, "seconds": 45.499715856974944, "memory_gb": 10.425317376}
{"event": "TRAIN", "step": 1360, "effective_epoch": 0.03867210374644891, "loss": 2.7305405139923096, "grdn": 7.440130710601807, "lr": 3.179205892127201e-05, "seconds": 42.21438027906697, "memory_gb": 10.425317376}
{"event": "TRAIN", "step": 1370, "effective_epoch": 0.03895645745046692, "loss": 2.775341749191284, "grdn": 8.021163940429688, "lr": 3.1524275039411465e-05, "seconds": 41.40694044705015, "memory_gb": 10.425317376}
{"event": "TRAIN", "step": 1380, "effective_epoch": 0.039240811154484925, "loss": 2.823489189147949, "grdn": 7.751574516296387, "lr": 3.125572293744329e-05, "seconds": 44.432191462954506, "memory_gb": 10.425317376}
{"event": "TRAIN", "step": 1390, "effective_epoch": 0.03952516485850293, "loss": 2.818824529647827, "grdn": 7.269209384918213, "lr": 3.098643686133457e-05, "seconds": 48.003826408064924, "memory_gb": 10.425317376}
{"event": "TRAIN", "step": 1400, "effective_epoch": 0.039809518562520935, "loss": 2.7250242233276367, "grdn": 7.1527252197265625, "lr": 3.071645115064932e-05, "seconds": 43.716800185036846, "memory_gb": 10.425317376}
{"event": "TRAIN", "step": 1410, "effective_epoch": 0.040093872266538946, "loss": 2.7219910621643066, "grdn": 7.228672027587891, "lr": 3.0445800234169488e-05, "seconds": 41.47938434500247, "memory_gb": 10.425317376}
{"event": "TRAIN", "step": 1420, "effective_epoch": 0.04037822597055695, "loss": 2.766592502593994, "grdn": 7.5364508628845215, "lr": 3.017451862550455e-05, "seconds": 43.33990358398296, "memory_gb": 10.425317376}
{"event": "TRAIN", "step": 1430, "effective_epoch": 0.040662579674574956, "loss": 2.8486697673797607, "grdn": 7.872091770172119, "lr": 2.9902640918690373e-05, "seconds": 40.96373364003375, "memory_gb": 10.425317376}
{"event": "TRAIN", "step": 1440, "effective_epoch": 0.04094693337859297, "loss": 2.650552272796631, "grdn": 7.174442291259766, "lr": 2.9630201783777664e-05, "seconds": 40.93865680799354, "memory_gb": 10.425317376}
{"event": "TRAIN", "step": 1450, "effective_epoch": 0.04123128708261097, "loss": 2.7989182472229004, "grdn": 7.893424987792969, "lr": 2.9357235962410883e-05, "seconds": 41.99449790397193, "memory_gb": 10.425317376}
{"event": "TRAIN", "step": 1460, "effective_epoch": 0.04151564078662898, "loss": 2.6998987197875977, "grdn": 7.339959621429443, "lr": 2.9083778263397943e-05, "seconds": 40.04873355105519, "memory_gb": 10.425317376}
{"event": "TRAIN", "step": 1470, "effective_epoch": 0.04179999449064698, "loss": 2.7006826400756836, "grdn": 7.76690149307251, "lr": 2.880986355827137e-05, "seconds": 38.47984546504449, "memory_gb": 10.425317376}
{"event": "TRAIN", "step": 1480, "effective_epoch": 0.04208434819466499, "loss": 2.723844051361084, "grdn": 6.947928428649902, "lr": 2.8535526776841454e-05, "seconds": 42.1965245680185, "memory_gb": 10.425317376}
{"event": "TRAIN", "step": 1490, "effective_epoch": 0.042368701898683, "loss": 2.7014307975769043, "grdn": 7.788863182067871, "lr": 2.826080290274197e-05, "seconds": 36.567652377067134, "memory_gb": 10.425317376}
{"event": "EVAL", "step": 1494, "effective_epoch": 0.042482443380290204, "train": {"frames": 352, "episodes": 11, "ce": 2.519155319272117, "mae": 0.014124181801559065, "rmse": 0.020995733900058794, "episode_mae": 0.014124181801559065, "baseline_mae": 0.0976172377016734, "baseline_rmse": 0.1176886652947721, "mae_remaining_seconds": 16.895346271024955, "bias": -0.001733533077640459, "crps": 0.009699254904262489, "entropy": 2.8195003240623255, "interval90_coverage": 0.9630681818181818, "interval90_width": 0.0848153383359948}, "test": {"frames": 352, "episodes": 11, "ce": 3.8730035576630724, "mae": 0.03639686547367918, "rmse": 0.048706491232836505, "episode_mae": 0.03639686547367918, "baseline_mae": 0.09093507870354435, "baseline_rmse": 0.1089701435114882, "mae_remaining_seconds": 43.537930479615035, "bias": -0.0019381030896593902, "crps": 0.027564034615352284, "entropy": 2.8358387550847097, "interval90_coverage": 0.6704545454545454, "interval90_width": 0.08663352074852976}, "best_step": 1494, "best_episode_mae": 0.03639686547367918, "bad_evaluations": 0}
{"event": "TRAIN", "step": 1500, "effective_epoch": 0.042653055602701, "loss": 2.6603312492370605, "grdn": 7.714592933654785, "lr": 2.798572696896905e-05, "seconds": 146.14387982198969, "memory_gb": 10.425317376}
{"event": "TRAIN", "step": 1510, "effective_epoch": 0.042937409306719014, "loss": 2.6540744304656982, "grdn": 7.698079586029053, "lr": 2.771033405341373e-05, "seconds": 44.90800073498394, "memory_gb": 10.425317376}
{"event": "TRAIN", "step": 1520, "effective_epoch": 0.04322176301073702, "loss": 2.8075549602508545, "grdn": 7.562569618225098, "lr": 2.7434659274388827e-05, "seconds": 39.60933062399272, "memory_gb": 10.425317376}
{"event": "TRAIN", "step": 1530, "effective_epoch": 0.04350611671475502, "loss": 2.6864399909973145, "grdn": 7.879158973693848, "lr": 2.715873778615056e-05, "seconds": 37.59986256796401, "memory_gb": 10.425317376}
{"event": "TRAIN", "step": 1540, "effective_epoch": 0.04379047041877303, "loss": 2.7021615505218506, "grdn": 7.5924787521362305, "lr": 2.6882604774415725e-05, "seconds": 42.00706675904803, "memory_gb": 10.425317376}
{"event": "TRAIN", "step": 1550, "effective_epoch": 0.04407482412279104, "loss": 2.674462080001831, "grdn": 7.553688049316406, "lr": 2.660629545187476e-05, "seconds": 41.02332043694332, "memory_gb": 10.425317376}
{"event": "TRAIN", "step": 1560, "effective_epoch": 0.044359177826809044, "loss": 2.628169298171997, "grdn": 6.972936153411865, "lr": 2.6329845053701357e-05, "seconds": 41.056302265962586, "memory_gb": 10.425317376}
{"event": "TRAIN", "step": 1570, "effective_epoch": 0.04464353153082705, "loss": 2.5721466541290283, "grdn": 7.3616437911987305, "lr": 2.605328883305932e-05, "seconds": 41.39485750999302, "memory_gb": 10.425317376}
{"event": "TRAIN", "step": 1580, "effective_epoch": 0.04492788523484506, "loss": 2.5608954429626465, "grdn": 7.18142557144165, "lr": 2.5776662056606974e-05, "seconds": 37.00283667596523, "memory_gb": 10.425317376}
{"event": "TRAIN", "step": 1590, "effective_epoch": 0.045212238938863065, "loss": 2.6771962642669678, "grdn": 7.751561641693115, "lr": 2.5500000000000003e-05, "seconds": 37.97160205303226, "memory_gb": 10.425317376}
{"event": "TRAIN", "step": 1600, "effective_epoch": 0.04549659264288107, "loss": 2.6385300159454346, "grdn": 7.4303107261657715, "lr": 2.5223337943393036e-05, "seconds": 45.2126082200557, "memory_gb": 10.425317376}
{"event": "TRAIN", "step": 1610, "effective_epoch": 0.04578094634689908, "loss": 2.5900254249572754, "grdn": 7.298959255218506, "lr": 2.4946711166940697e-05, "seconds": 38.74650331400335, "memory_gb": 10.425317376}
{"event": "TRAIN", "step": 1620, "effective_epoch": 0.046065300050917087, "loss": 2.592874050140381, "grdn": 6.7858123779296875, "lr": 2.4670154946298646e-05, "seconds": 39.15738976607099, "memory_gb": 10.425317376}
{"event": "TRAIN", "step": 1630, "effective_epoch": 0.04634965375493509, "loss": 2.553279399871826, "grdn": 7.581445217132568, "lr": 2.4393704548125257e-05, "seconds": 38.026072512962855, "memory_gb": 10.425317376}
{"event": "TRAIN", "step": 1640, "effective_epoch": 0.046634007458953096, "loss": 2.5642921924591064, "grdn": 7.021345615386963, "lr": 2.411739522558428e-05, "seconds": 39.61673153901938, "memory_gb": 10.425317376}
{"event": "TRAIN", "step": 1650, "effective_epoch": 0.04691836116297111, "loss": 2.55267333984375, "grdn": 7.849832057952881, "lr": 2.384126221384945e-05, "seconds": 39.86418373696506, "memory_gb": 10.425317376}
{"event": "TRAIN", "step": 1660, "effective_epoch": 0.04720271486698911, "loss": 2.5564351081848145, "grdn": 7.001051902770996, "lr": 2.3565340725611193e-05, "seconds": 35.91651689494029, "memory_gb": 10.425317376}
{"event": "TRAIN", "step": 1670, "effective_epoch": 0.04748706857100712, "loss": 2.5401182174682617, "grdn": 8.446372985839844, "lr": 2.3289665946586274e-05, "seconds": 39.60199224902317, "memory_gb": 10.425317376}
{"event": "TRAIN", "step": 1680, "effective_epoch": 0.04777142227502513, "loss": 2.485518455505371, "grdn": 6.900527000427246, "lr": 2.301427303103096e-05, "seconds": 40.85733421694022, "memory_gb": 10.425317376}
{"event": "TRAIN", "step": 1690, "effective_epoch": 0.04805577597904313, "loss": 2.577347993850708, "grdn": 6.869701385498047, "lr": 2.273919709725804e-05, "seconds": 40.45969327597413, "memory_gb": 10.425317376}
{"event": "TRAIN", "step": 1700, "effective_epoch": 0.04834012968306114, "loss": 2.6041574478149414, "grdn": 7.465517520904541, "lr": 2.2464473223158556e-05, "seconds": 40.75526080094278, "memory_gb": 10.425317376}
{"event": "TRAIN", "step": 1710, "effective_epoch": 0.04862448338707914, "loss": 2.454047203063965, "grdn": 7.056436061859131, "lr": 2.219013644172864e-05, "seconds": 46.55474114196841, "memory_gb": 10.425317376}
{"event": "TRAIN", "step": 1720, "effective_epoch": 0.048908837091097154, "loss": 2.497476577758789, "grdn": 7.538437843322754, "lr": 2.1916221736602073e-05, "seconds": 41.8300550240092, "memory_gb": 10.425317376}
{"event": "TRAIN", "step": 1730, "effective_epoch": 0.04919319079511516, "loss": 2.5946314334869385, "grdn": 7.339608669281006, "lr": 2.164276403758913e-05, "seconds": 39.24836065899581, "memory_gb": 10.425317376}
{"event": "TRAIN", "step": 1740, "effective_epoch": 0.049477544499133164, "loss": 2.595762252807617, "grdn": 7.454987525939941, "lr": 2.136979821622235e-05, "seconds": 40.539405092946254, "memory_gb": 10.425317376}
{"event": "EVAL", "step": 1743, "effective_epoch": 0.04956285061033857, "train": {"frames": 352, "episodes": 11, "ce": 2.45848797083917, "mae": 0.013432492406784811, "rmse": 0.021494573100624633, "episode_mae": 0.013432492406784811, "baseline_mae": 0.0976172377016734, "baseline_rmse": 0.1176886652947721, "mae_remaining_seconds": 16.06794741699599, "bias": -0.0012076402887363326, "crps": 0.009473971970940263, "entropy": 2.6912875686856834, "interval90_coverage": 0.9573863636363636, "interval90_width": 0.07251420248278671}, "test": {"frames": 352, "episodes": 11, "ce": 4.016486787321893, "mae": 0.03545237438414584, "rmse": 0.048471890717478545, "episode_mae": 0.03545237438414584, "baseline_mae": 0.09093507870354435, "baseline_rmse": 0.1089701435114882, "mae_remaining_seconds": 42.40813023831526, "bias": 0.00784175985344601, "crps": 0.027845316710392417, "entropy": 2.6953277946873144, "interval90_coverage": 0.6107954545454546, "interval90_width": 0.07024147590378892}, "best_step": 1743, "best_episode_mae": 0.03545237438414584, "bad_evaluations": 0}
{"event": "TRAIN", "step": 1750, "effective_epoch": 0.049761898203151175, "loss": 2.5987634658813477, "grdn": 7.768588066101074, "lr": 2.1097359081309634e-05, "seconds": 150.62934374006, "memory_gb": 10.425317376}
{"event": "TRAIN", "step": 1760, "effective_epoch": 0.05004625190716918, "loss": 2.572795867919922, "grdn": 7.968517303466797, "lr": 2.0825481374495452e-05, "seconds": 40.72461432707496, "memory_gb": 10.425317376}
{"event": "TRAIN", "step": 1770, "effective_epoch": 0.050330605611187185, "loss": 2.4685235023498535, "grdn": 7.115862846374512, "lr": 2.055419976583053e-05, "seconds": 41.31563092907891, "memory_gb": 10.425317376}
{"event": "TRAIN", "step": 1780, "effective_epoch": 0.05061495931520519, "loss": 2.440338134765625, "grdn": 7.525415897369385, "lr": 2.0283548849350688e-05, "seconds": 41.97446590801701, "memory_gb": 10.425317376}
{"event": "TRAIN", "step": 1790, "effective_epoch": 0.0508993130192232, "loss": 2.4825901985168457, "grdn": 7.110509395599365, "lr": 2.0013563138665436e-05, "seconds": 35.929595268913545, "memory_gb": 10.425317376}
{"event": "TRAIN", "step": 1800, "effective_epoch": 0.051183666723241206, "loss": 2.5333971977233887, "grdn": 7.795914649963379, "lr": 1.9744277062556714e-05, "seconds": 38.729890752001666, "memory_gb": 10.425317376}
{"event": "TRAIN", "step": 1810, "effective_epoch": 0.05146802042725921, "loss": 2.4392590522766113, "grdn": 7.252066612243652, "lr": 1.9475724960588542e-05, "seconds": 40.181620456976816, "memory_gb": 10.425317376}
{"event": "TRAIN", "step": 1820, "effective_epoch": 0.05175237413127722, "loss": 2.492475986480713, "grdn": 8.122655868530273, "lr": 1.920794107872799e-05, "seconds": 43.70055589999538, "memory_gb": 10.425317376}
{"event": "TRAIN", "step": 1830, "effective_epoch": 0.05203672783529523, "loss": 2.5144829750061035, "grdn": 7.967190742492676, "lr": 1.8940959564978143e-05, "seconds": 39.92338958894834, "memory_gb": 10.425317376}
{"event": "TRAIN", "step": 1840, "effective_epoch": 0.05232108153931323, "loss": 2.2960705757141113, "grdn": 7.288475036621094, "lr": 1.8674814465023468e-05, "seconds": 38.921215201029554, "memory_gb": 10.425317376}
{"event": "TRAIN", "step": 1850, "effective_epoch": 0.052605435243331236, "loss": 2.484961748123169, "grdn": 7.939797878265381, "lr": 1.8409539717888345e-05, "seconds": 42.47037578490563, "memory_gb": 10.425317376}
{"event": "TRAIN", "step": 1860, "effective_epoch": 0.05288978894734925, "loss": 2.448643445968628, "grdn": 7.26978063583374, "lr": 1.8145169151609067e-05, "seconds": 37.859690129058436, "memory_gb": 10.425317376}
{"event": "TRAIN", "step": 1870, "effective_epoch": 0.05317414265136725, "loss": 2.383976459503174, "grdn": 6.793072700500488, "lr": 1.7881736478920137e-05, "seconds": 37.202918283990584, "memory_gb": 10.425317376}
{"event": "TRAIN", "step": 1880, "effective_epoch": 0.05345849635538526, "loss": 2.4179797172546387, "grdn": 7.211564540863037, "lr": 1.7619275292955145e-05, "seconds": 40.25641044299118, "memory_gb": 10.425317376}
{"event": "TRAIN", "step": 1890, "effective_epoch": 0.05374285005940327, "loss": 2.415221929550171, "grdn": 7.455201148986816, "lr": 1.7357819062962938e-05, "seconds": 39.02386756089982, "memory_gb": 10.425317376}
{"event": "TRAIN", "step": 1900, "effective_epoch": 0.05402720376342127, "loss": 2.454711437225342, "grdn": 6.997337341308594, "lr": 1.7097401130039652e-05, "seconds": 37.861984941060655, "memory_gb": 10.425317376}
{"event": "TRAIN", "step": 1910, "effective_epoch": 0.05431155746743928, "loss": 2.4014763832092285, "grdn": 8.087678909301758, "lr": 1.683805470287698e-05, "seconds": 38.86252761899959, "memory_gb": 10.425317376}
{"event": "TRAIN", "step": 1920, "effective_epoch": 0.05459591117145728, "loss": 2.4886887073516846, "grdn": 7.684220314025879, "lr": 1.657981285352738e-05, "seconds": 40.50656515802257, "memory_gb": 10.425317376}
{"event": "TRAIN", "step": 1930, "effective_epoch": 0.054880264875475294, "loss": 2.3812150955200195, "grdn": 7.045180320739746, "lr": 1.632270851318673e-05, "seconds": 41.88625805801712, "memory_gb": 10.425317376}
{"event": "TRAIN", "step": 1940, "effective_epoch": 0.0551646185794933, "loss": 2.3437044620513916, "grdn": 7.103674411773682, "lr": 1.6066774467994884e-05, "seconds": 41.55796109500807, "memory_gb": 10.425317376}
{"event": "TRAIN", "step": 1950, "effective_epoch": 0.055448972283511304, "loss": 2.388705015182495, "grdn": 7.52874755859375, "lr": 1.5812043354854802e-05, "seconds": 39.90955932904035, "memory_gb": 10.425317376}
{"event": "TRAIN", "step": 1960, "effective_epoch": 0.055733325987529315, "loss": 2.3785548210144043, "grdn": 7.357354640960693, "lr": 1.5558547657270603e-05, "seconds": 40.12378670205362, "memory_gb": 10.425317376}
{"event": "TRAIN", "step": 1970, "effective_epoch": 0.05601767969154732, "loss": 2.364689826965332, "grdn": 7.346805572509766, "lr": 1.5306319701205287e-05, "seconds": 38.57135465799365, "memory_gb": 10.425317376}
{"event": "TRAIN", "step": 1980, "effective_epoch": 0.056302033395565325, "loss": 2.468813419342041, "grdn": 8.532130241394043, "lr": 1.5055391650958525e-05, "seconds": 38.765307361027226, "memory_gb": 10.425317376}
{"event": "TRAIN", "step": 1990, "effective_epoch": 0.05658638709958333, "loss": 2.3750338554382324, "grdn": 8.068888664245605, "lr": 1.4805795505064987e-05, "seconds": 38.525337177095935, "memory_gb": 10.425317376}
{"event": "EVAL", "step": 1992, "effective_epoch": 0.056643257840386936, "train": {"frames": 352, "episodes": 11, "ce": 2.2043622347780247, "mae": 0.009558804816068996, "rmse": 0.0156908919676043, "episode_mae": 0.009558804816068996, "baseline_mae": 0.0976172377016734, "baseline_rmse": 0.1176886652947721, "mae_remaining_seconds": 11.434242320981733, "bias": 0.00037121491649569094, "crps": 0.006927595800913299, "entropy": 2.5527062764899298, "interval90_coverage": 0.9630681818181818, "interval90_width": 0.06436079364820299}, "test": {"frames": 352, "episodes": 11, "ce": 4.222970692694864, "mae": 0.036331812784985894, "rmse": 0.049142953157735945, "episode_mae": 0.036331812784985894, "baseline_mae": 0.09093507870354435, "baseline_rmse": 0.1089701435114882, "mae_remaining_seconds": 43.460114453400124, "bias": 0.007039905565431003, "crps": 0.02891954438266773, "entropy": 2.5700283456932413, "interval90_coverage": 0.5369318181818182, "interval90_width": 0.06099431636341086}, "best_step": 1743, "best_episode_mae": 0.03545237438414584, "bad_evaluations": 1}
{"event": "TRAIN", "step": 2000, "effective_epoch": 0.05687074080360134, "loss": 2.361455202102661, "grdn": 7.904963493347168, "lr": 1.4557563092213903e-05, "seconds": 141.93410920805763, "memory_gb": 10.425317376}
{"event": "TRAIN", "step": 2010, "effective_epoch": 0.057155094507619346, "loss": 2.3882250785827637, "grdn": 7.730959415435791, "lr": 1.4310726067190236e-05, "seconds": 44.26218435401097, "memory_gb": 10.425317376}
{"event": "TRAIN", "step": 2020, "effective_epoch": 0.05743944821163735, "loss": 2.3152263164520264, "grdn": 7.556709289550781, "lr": 1.4065315906838034e-05, "seconds": 38.47127497801557, "memory_gb": 10.425317376}
{"event": "TRAIN", "step": 2030, "effective_epoch": 0.05772380191565536, "loss": 2.3476738929748535, "grdn": 8.171144485473633, "lr": 1.3821363906046488e-05, "seconds": 39.85584509698674, "memory_gb": 10.425317376}
{"event": "TRAIN", "step": 2040, "effective_epoch": 0.05800815561967337, "loss": 2.272061824798584, "grdn": 7.213702201843262, "lr": 1.3578901173759172e-05, "seconds": 43.358496033004485, "memory_gb": 10.425317376}
{"event": "TRAIN", "step": 2050, "effective_epoch": 0.05829250932369137, "loss": 2.2869369983673096, "grdn": 7.2402801513671875, "lr": 1.3337958629007024e-05, "seconds": 38.35363783000503, "memory_gb": 10.425317376}
{"event": "TRAIN", "step": 2060, "effective_epoch": 0.05857686302770938, "loss": 2.355956554412842, "grdn": 8.078878402709961, "lr": 1.3098566996965508e-05, "seconds": 41.543348361039534, "memory_gb": 10.425317376}
{"event": "TRAIN", "step": 2070, "effective_epoch": 0.05886121673172739, "loss": 2.3539509773254395, "grdn": 8.23864459991455, "lr": 1.2860756805036539e-05, "seconds": 39.88157800002955, "memory_gb": 10.425317376}
{"event": "TRAIN", "step": 2080, "effective_epoch": 0.05914557043574539, "loss": 2.323970317840576, "grdn": 8.290166854858398, "lr": 1.262455837895558e-05, "seconds": 36.18942809395958, "memory_gb": 10.425317376}
{"event": "TRAIN", "step": 2090, "effective_epoch": 0.0594299241397634, "loss": 2.2355122566223145, "grdn": 6.835900783538818, "lr": 1.2390001838924503e-05, "seconds": 38.91878422803711, "memory_gb": 10.425317376}
{"event": "TRAIN", "step": 2100, "effective_epoch": 0.05971427784378141, "loss": 2.289498805999756, "grdn": 7.11135196685791, "lr": 1.215711709577064e-05, "seconds": 36.12105903693009, "memory_gb": 10.425317376}
{"event": "TRAIN", "step": 2110, "effective_epoch": 0.059998631547799414, "loss": 2.3291916847229004, "grdn": 8.208066940307617, "lr": 1.1925933847132474e-05, "seconds": 42.13052902498748, "memory_gb": 10.425317376}
{"event": "TRAIN", "step": 2120, "effective_epoch": 0.06028298525181742, "loss": 2.234353542327881, "grdn": 7.173004150390625, "lr": 1.1696481573672686e-05, "seconds": 36.3259410179453, "memory_gb": 10.425317376}
{"event": "TRAIN", "step": 2130, "effective_epoch": 0.06056733895583543, "loss": 2.252976894378662, "grdn": 7.563706874847412, "lr": 1.1468789535318657e-05, "seconds": 48.670080545009114, "memory_gb": 10.425317376}
{"event": "TRAIN", "step": 2140, "effective_epoch": 0.060851692659853435, "loss": 2.26769757270813, "grdn": 7.286046504974365, "lr": 1.1242886767531259e-05, "seconds": 39.56387661292683, "memory_gb": 10.425317376}
{"event": "TRAIN", "step": 2150, "effective_epoch": 0.06113604636387144, "loss": 2.3280651569366455, "grdn": 7.977330684661865, "lr": 1.1018802077602239e-05, "seconds": 37.748128228937276, "memory_gb": 10.425317376}
{"event": "TRAIN", "step": 2160, "effective_epoch": 0.061420400067889444, "loss": 2.255976676940918, "grdn": 7.781730651855469, "lr": 1.0796564040980652e-05, "seconds": 50.057209330028854, "memory_gb": 10.425317376}
{"event": "TRAIN", "step": 2170, "effective_epoch": 0.061704753771907456, "loss": 2.210561752319336, "grdn": 7.500775337219238, "lr": 1.0576200997628984e-05, "seconds": 36.771385052008554, "memory_gb": 10.425317376}
{"event": "TRAIN", "step": 2180, "effective_epoch": 0.06198910747592546, "loss": 2.2399070262908936, "grdn": 7.351988792419434, "lr": 1.0357741048409095e-05, "seconds": 43.89878612593748, "memory_gb": 10.425317376}
{"event": "TRAIN", "step": 2190, "effective_epoch": 0.062273461179943465, "loss": 2.1667873859405518, "grdn": 7.111907005310059, "lr": 1.014121205149888e-05, "seconds": 39.184896140010096, "memory_gb": 10.425317376}
{"event": "TRAIN", "step": 2200, "effective_epoch": 0.06255781488396148, "loss": 2.249591827392578, "grdn": 7.207876682281494, "lr": 9.926641618839755e-06, "seconds": 41.685625041951425, "memory_gb": 10.425317376}
{"event": "TRAIN", "step": 2210, "effective_epoch": 0.06284216858797947, "loss": 2.2500946521759033, "grdn": 7.370311737060547, "lr": 9.71405711261549e-06, "seconds": 40.524369104998186, "memory_gb": 10.425317376}
{"event": "TRAIN", "step": 2220, "effective_epoch": 0.06312652229199749, "loss": 2.2364513874053955, "grdn": 7.421058654785156, "lr": 9.503485641763048e-06, "seconds": 41.14457726792898, "memory_gb": 10.425317376}
{"event": "TRAIN", "step": 2230, "effective_epoch": 0.0634108759960155, "loss": 2.188936233520508, "grdn": 7.239777565002441, "lr": 9.294954058515597e-06, "seconds": 42.83460964204278, "memory_gb": 10.425317376}
{"event": "TRAIN", "step": 2240, "effective_epoch": 0.0636952297000335, "loss": 2.2400498390197754, "grdn": 7.9026288986206055, "lr": 9.088488954978289e-06, "seconds": 40.15655879594851, "memory_gb": 10.425317376}
{"event": "EVAL", "step": 2241, "effective_epoch": 0.0637236650704353, "train": {"frames": 352, "episodes": 11, "ce": 2.0998959111219104, "mae": 0.00888281155626332, "rmse": 0.014819868230775426, "episode_mae": 0.00888281155626332, "baseline_mae": 0.0976172377016734, "baseline_rmse": 0.1176886652947721, "mae_remaining_seconds": 10.625619183602181, "bias": -0.0005430234159575775, "crps": 0.006431770343376477, "entropy": 2.472417447377335, "interval90_coverage": 0.9659090909090909, "interval90_width": 0.06446022479742003}, "test": {"frames": 352, "episodes": 11, "ce": 4.234894123944369, "mae": 0.034751764503942635, "rmse": 0.04686117768698452, "episode_mae": 0.034751764503942635, "baseline_mae": 0.09093507870354435, "baseline_rmse": 0.1089701435114882, "mae_remaining_seconds": 41.57006069961618, "bias": 0.005086477306163447, "crps": 0.0279210721505065, "entropy": 2.516910781575875, "interval90_coverage": 0.5142045454545454, "interval90_width": 0.06110795308962803}, "best_step": 2241, "best_episode_mae": 0.034751764503942635, "bad_evaluations": 0}
{"event": "TRAIN", "step": 2250, "effective_epoch": 0.06397958340405151, "loss": 2.18757963180542, "grdn": 7.201315402984619, "lr": 8.884116659737223e-06, "seconds": 141.0025135090109, "memory_gb": 10.425317376}
{"event": "TRAIN", "step": 2260, "effective_epoch": 0.06426393710806952, "loss": 2.154123067855835, "grdn": 7.315625190734863, "lr": 8.681863234502001e-06, "seconds": 41.466957653989084, "memory_gb": 10.425317376}
{"event": "TRAIN", "step": 2270, "effective_epoch": 0.06454829081208752, "loss": 2.1699650287628174, "grdn": 7.347805023193359, "lr": 8.481754470782325e-06, "seconds": 38.68753991893027, "memory_gb": 10.425317376}
{"event": "TRAIN", "step": 2280, "effective_epoch": 0.06483264451610553, "loss": 2.1924328804016113, "grdn": 6.999591827392578, "lr": 8.28381588659903e-06, "seconds": 41.16938859806396, "memory_gb": 10.425317376}
{"event": "TRAIN", "step": 2290, "effective_epoch": 0.06511699822012354, "loss": 2.1350321769714355, "grdn": 6.913374423980713, "lr": 8.088072723230025e-06, "seconds": 37.99620440299623, "memory_gb": 10.425317376}
{"event": "TRAIN", "step": 2300, "effective_epoch": 0.06540135192414154, "loss": 2.1423561573028564, "grdn": 7.144758701324463, "lr": 7.894549941991488e-06, "seconds": 39.23159267799929, "memory_gb": 10.425317376}
{"event": "TRAIN", "step": 2310, "effective_epoch": 0.06568570562815955, "loss": 2.1203787326812744, "grdn": 7.967463493347168, "lr": 7.7032722210548e-06, "seconds": 41.584945891052485, "memory_gb": 10.425317376}
{"event": "TRAIN", "step": 2320, "effective_epoch": 0.06597005933217756, "loss": 2.267397403717041, "grdn": 8.158991813659668, "lr": 7.514263952299552e-06, "seconds": 38.318196662003174, "memory_gb": 10.425317376}
{"event": "TRAIN", "step": 2330, "effective_epoch": 0.06625441303619556, "loss": 2.140911817550659, "grdn": 7.674132347106934, "lr": 7.327549238203051e-06, "seconds": 40.29216194408946, "memory_gb": 10.425317376}
{"event": "TRAIN", "step": 2340, "effective_epoch": 0.06653876674021357, "loss": 2.100182294845581, "grdn": 8.820435523986816, "lr": 7.143151888766827e-06, "seconds": 39.98455711908173, "memory_gb": 10.425317376}
{"event": "TRAIN", "step": 2350, "effective_epoch": 0.06682312044423157, "loss": 2.1266188621520996, "grdn": 6.687119960784912, "lr": 6.9610954184802866e-06, "seconds": 39.39334574097302, "memory_gb": 10.425317376}
{"event": "TRAIN", "step": 2360, "effective_epoch": 0.06710747414824958, "loss": 2.12518048286438, "grdn": 7.682819366455078, "lr": 6.781403043322157e-06, "seconds": 39.145105210947804, "memory_gb": 10.425317376}
{"event": "TRAIN", "step": 2370, "effective_epoch": 0.06739182785226759, "loss": 2.2174603939056396, "grdn": 8.423827171325684, "lr": 6.604097677799984e-06, "seconds": 42.007486700080335, "memory_gb": 10.425317376}
{"event": "TRAIN", "step": 2380, "effective_epoch": 0.06767618155628559, "loss": 2.146202564239502, "grdn": 8.108073234558105, "lr": 6.429201932028008e-06, "seconds": 46.320465939934365, "memory_gb": 10.425317376}
{"event": "TRAIN", "step": 2390, "effective_epoch": 0.0679605352603036, "loss": 2.2122585773468018, "grdn": 7.431906223297119, "lr": 6.256738108843986e-06, "seconds": 43.821708695963025, "memory_gb": 10.425317376}
{"event": "TRAIN", "step": 2400, "effective_epoch": 0.06824488896432161, "loss": 2.1043503284454346, "grdn": 7.484835624694824, "lr": 6.086728200965017e-06, "seconds": 40.27860993007198, "memory_gb": 10.425317376}
{"event": "TRAIN", "step": 2410, "effective_epoch": 0.06852924266833961, "loss": 2.173326253890991, "grdn": 7.4264631271362305, "lr": 5.919193888183093e-06, "seconds": 41.87787652306724, "memory_gb": 10.425317376}
{"event": "TRAIN", "step": 2420, "effective_epoch": 0.06881359637235762, "loss": 2.1520776748657227, "grdn": 8.33672046661377, "lr": 5.7541565346004625e-06, "seconds": 40.25605166994501, "memory_gb": 10.425317376}
{"event": "TRAIN", "step": 2430, "effective_epoch": 0.06909795007637563, "loss": 2.145430088043213, "grdn": 8.046932220458984, "lr": 5.591637185905198e-06, "seconds": 42.486662321025506, "memory_gb": 10.425317376}
{"event": "TRAIN", "step": 2440, "effective_epoch": 0.06938230378039363, "loss": 2.107616901397705, "grdn": 7.454150199890137, "lr": 5.431656566687547e-06, "seconds": 39.233904634951614, "memory_gb": 10.425317376}
{"event": "TRAIN", "step": 2450, "effective_epoch": 0.06966665748441164, "loss": 2.1974754333496094, "grdn": 8.243523597717285, "lr": 5.274235077797003e-06, "seconds": 40.031746573979035, "memory_gb": 10.425317376}
{"event": "TRAIN", "step": 2460, "effective_epoch": 0.06995101118842965, "loss": 2.1429898738861084, "grdn": 7.704395294189453, "lr": 5.119392793740851e-06, "seconds": 40.2013724980643, "memory_gb": 10.425317376}
{"event": "TRAIN", "step": 2470, "effective_epoch": 0.07023536489244765, "loss": 2.089277744293213, "grdn": 7.446712493896484, "lr": 4.967149460124225e-06, "seconds": 40.197405877988786, "memory_gb": 10.425317376}
{"event": "TRAIN", "step": 2480, "effective_epoch": 0.07051971859646566, "loss": 2.0933711528778076, "grdn": 7.678579807281494, "lr": 4.817524491132128e-06, "seconds": 38.08839328598697, "memory_gb": 10.425317376}
{"event": "TRAIN", "step": 2490, "effective_epoch": 0.07080407230048366, "loss": 2.1350936889648438, "grdn": 8.119125366210938, "lr": 4.670536967053731e-06, "seconds": 41.67967794497963, "memory_gb": 10.425317376}
{"event": "EVAL", "step": 2490, "effective_epoch": 0.07080407230048366, "train": {"frames": 352, "episodes": 11, "ce": 1.9971615319902247, "mae": 0.008417156608299014, "rmse": 0.01428391991690194, "episode_mae": 0.008417156608299014, "baseline_mae": 0.0976172377016734, "baseline_rmse": 0.1176886652947721, "mae_remaining_seconds": 10.06860273484728, "bias": -0.0007168819733620198, "crps": 0.0059099132446466356, "entropy": 2.4198257503184406, "interval90_coverage": 0.96875, "interval90_width": 0.05927556647061878}, "test": {"frames": 352, "episodes": 11, "ce": 4.3432557444003494, "mae": 0.03516434636549093, "rmse": 0.04738787069482411, "episode_mae": 0.03516434636549093, "baseline_mae": 0.09093507870354435, "baseline_rmse": 0.1089701435114882, "mae_remaining_seconds": 42.06359112240025, "bias": 0.004812683605864136, "crps": 0.02845309962917368, "entropy": 2.449709119105881, "interval90_coverage": 0.4971590909090909, "interval90_width": 0.05586647601872259}, "best_step": 2241, "best_episode_mae": 0.034751764503942635, "bad_evaluations": 1}
{"event": "TRAIN", "step": 2500, "effective_epoch": 0.07108842600450167, "loss": 2.1004652976989746, "grdn": 7.779690742492676, "lr": 4.526205631849228e-06, "seconds": 138.64018141198903, "memory_gb": 10.425317376}
{"event": "TRAIN", "step": 2510, "effective_epoch": 0.07137277970851968, "loss": 2.068845748901367, "grdn": 7.354010105133057, "lr": 4.384548890759611e-06, "seconds": 38.3148444959661, "memory_gb": 10.425317376}
{"event": "TRAIN", "step": 2520, "effective_epoch": 0.07165713341253768, "loss": 2.0993409156799316, "grdn": 7.9523773193359375, "lr": 4.245584807959594e-06, "seconds": 39.23199118801858, "memory_gb": 10.425317376}
{"event": "TRAIN", "step": 2530, "effective_epoch": 0.0719414871165557, "loss": 2.0426528453826904, "grdn": 7.591749668121338, "lr": 4.109331104254086e-06, "seconds": 38.72047591896262, "memory_gb": 10.425317376}
{"event": "TRAIN", "step": 2540, "effective_epoch": 0.0722258408205737, "loss": 2.051453113555908, "grdn": 7.16589879989624, "lr": 3.975805154818395e-06, "seconds": 42.372994168894365, "memory_gb": 10.425317376}
{"event": "TRAIN", "step": 2550, "effective_epoch": 0.0725101945245917, "loss": 2.103986978530884, "grdn": 6.948085784912109, "lr": 3.8450239869825404e-06, "seconds": 39.10192508599721, "memory_gb": 10.425317376}
{"event": "TRAIN", "step": 2560, "effective_epoch": 0.07279454822860972, "loss": 2.147010087966919, "grdn": 7.798669338226318, "lr": 3.7170042780599265e-06, "seconds": 41.07195689796936, "memory_gb": 10.425317376}
{"event": "TRAIN", "step": 2570, "effective_epoch": 0.07307890193262773, "loss": 2.0928914546966553, "grdn": 8.284427642822266, "lr": 3.591762353220616e-06, "seconds": 42.91997273894958, "memory_gb": 10.425317376}
{"event": "TRAIN", "step": 2580, "effective_epoch": 0.07336325563664572, "loss": 2.1026792526245117, "grdn": 8.216625213623047, "lr": 3.46931418340956e-06, "seconds": 38.15390431298874, "memory_gb": 10.425317376}
{"event": "TRAIN", "step": 2590, "effective_epoch": 0.07364760934066374, "loss": 2.068743944168091, "grdn": 7.447344779968262, "lr": 3.3496753833099476e-06, "seconds": 39.173204898950644, "memory_gb": 10.425317376}
{"event": "TRAIN", "step": 2600, "effective_epoch": 0.07393196304468175, "loss": 2.206122875213623, "grdn": 8.249282836914062, "lr": 3.23286120935201e-06, "seconds": 43.3235517910216, "memory_gb": 10.425317376}
{"event": "TRAIN", "step": 2610, "effective_epoch": 0.07421631674869975, "loss": 2.076432228088379, "grdn": 7.347029685974121, "lr": 3.1188865577675425e-06, "seconds": 42.42971605400089, "memory_gb": 10.425317376}
{"event": "TRAIN", "step": 2620, "effective_epoch": 0.07450067045271776, "loss": 2.0090084075927734, "grdn": 6.680006504058838, "lr": 3.007765962690271e-06, "seconds": 47.42983511299826, "memory_gb": 10.425317376}
{"event": "TRAIN", "step": 2630, "effective_epoch": 0.07478502415673575, "loss": 2.224118709564209, "grdn": 7.539468288421631, "lr": 2.8995135943024927e-06, "seconds": 36.38064591703005, "memory_gb": 10.425317376}
{"event": "TRAIN", "step": 2640, "effective_epoch": 0.07506937786075377, "loss": 2.0433261394500732, "grdn": 7.258331298828125, "lr": 2.794143257028079e-06, "seconds": 41.891393374069594, "memory_gb": 10.425317376}
{"event": "TRAIN", "step": 2650, "effective_epoch": 0.07535373156477178, "loss": 2.0044913291931152, "grdn": 7.526880741119385, "lr": 2.691668387772088e-06, "seconds": 43.27364095998928, "memory_gb": 10.425317376}
{"event": "TRAIN", "step": 2660, "effective_epoch": 0.07563808526878978, "loss": 2.088249683380127, "grdn": 7.761326789855957, "lr": 2.5921020542073394e-06, "seconds": 39.881957944016904, "memory_gb": 10.425317376}
{"event": "TRAIN", "step": 2670, "effective_epoch": 0.07592243897280779, "loss": 2.017005443572998, "grdn": 6.814054012298584, "lr": 2.4954569531079523e-06, "seconds": 38.871706393081695, "memory_gb": 10.425317376}
{"event": "TRAIN", "step": 2680, "effective_epoch": 0.0762067926768258, "loss": 2.0886621475219727, "grdn": 7.530881404876709, "lr": 2.4017454087302904e-06, "seconds": 42.915521382004954, "memory_gb": 10.425317376}
{"event": "TRAIN", "step": 2690, "effective_epoch": 0.0764911463808438, "loss": 2.0339672565460205, "grdn": 7.5600104331970215, "lr": 2.3109793712413428e-06, "seconds": 37.66684478602838, "memory_gb": 10.425317376}
{"event": "TRAIN", "step": 2700, "effective_epoch": 0.07677550008486181, "loss": 2.1058425903320312, "grdn": 7.645575046539307, "lr": 2.223170415194833e-06, "seconds": 41.210241561057046, "memory_gb": 10.425317376}
{"event": "TRAIN", "step": 2710, "effective_epoch": 0.07705985378887982, "loss": 2.0764193534851074, "grdn": 7.676784515380859, "lr": 2.1383297380552253e-06, "seconds": 40.62265101005323, "memory_gb": 10.425317376}
{"event": "TRAIN", "step": 2720, "effective_epoch": 0.07734420749289782, "loss": 2.083691120147705, "grdn": 7.684574127197266, "lr": 2.056468158769808e-06, "seconds": 41.58320195204578, "memory_gb": 10.425317376}
{"event": "TRAIN", "step": 2730, "effective_epoch": 0.07762856119691583, "loss": 2.054123640060425, "grdn": 7.403295040130615, "lr": 1.977596116389066e-06, "seconds": 42.159541049040854, "memory_gb": 10.425317376}
{"event": "EVAL", "step": 2739, "effective_epoch": 0.07788447953053204, "train": {"frames": 352, "episodes": 11, "ce": 1.9369046857411212, "mae": 0.0075165401768489655, "rmse": 0.013607381779666305, "episode_mae": 0.0075165401768489655, "baseline_mae": 0.0976172377016734, "baseline_rmse": 0.1176886652947721, "mae_remaining_seconds": 8.991285359546733, "bias": 0.0003739458439998667, "crps": 0.0053619987796661335, "entropy": 2.384875070981004, "interval90_coverage": 0.9715909090909091, "interval90_width": 0.05811079402073202}, "test": {"frames": 352, "episodes": 11, "ce": 4.342155068774115, "mae": 0.03485724954887039, "rmse": 0.04728674879306846, "episode_mae": 0.03485724954887039, "baseline_mae": 0.09093507870354435, "baseline_rmse": 0.1089701435114882, "mae_remaining_seconds": 41.69624191035876, "bias": 0.006937657149550928, "crps": 0.028317917092119223, "entropy": 2.4312332089651716, "interval90_coverage": 0.48011363636363635, "interval90_width": 0.05551136244850403}, "best_step": 2241, "best_episode_mae": 0.034751764503942635, "bad_evaluations": 2}
{"event": "TRAIN", "step": 2740, "effective_epoch": 0.07791291490093384, "loss": 2.0899760723114014, "grdn": 7.15485143661499, "lr": 1.9017236687354703e-06, "seconds": 145.35563466104213, "memory_gb": 10.425317376}
{"event": "TRAIN", "step": 2750, "effective_epoch": 0.07819726860495184, "loss": 1.9974724054336548, "grdn": 7.352293491363525, "lr": 1.8288604911209134e-06, "seconds": 41.32179529208224, "memory_gb": 10.425317376}
{"event": "TRAIN", "step": 2760, "effective_epoch": 0.07848162230896985, "loss": 2.0735690593719482, "grdn": 7.395003318786621, "lr": 1.7590158751128872e-06, "seconds": 38.96283252397552, "memory_gb": 10.425317376}
{"event": "TRAIN", "step": 2770, "effective_epoch": 0.07876597601298786, "loss": 2.0397651195526123, "grdn": 7.521463871002197, "lr": 1.692198727349633e-06, "seconds": 40.541433405014686, "memory_gb": 10.425317376}
{"event": "TRAIN", "step": 2780, "effective_epoch": 0.07905032971700586, "loss": 2.0929925441741943, "grdn": 7.569031715393066, "lr": 1.628417568404347e-06, "seconds": 40.122533121029846, "memory_gb": 10.425317376}
{"event": "TRAIN", "step": 2790, "effective_epoch": 0.07933468342102387, "loss": 2.0341029167175293, "grdn": 7.542012691497803, "lr": 1.5676805316986447e-06, "seconds": 42.24807539698668, "memory_gb": 10.425317376}
{"event": "TRAIN", "step": 2800, "effective_epoch": 0.07961903712504187, "loss": 2.0204696655273438, "grdn": 7.205369472503662, "lr": 1.5099953624653653e-06, "seconds": 42.17595330707263, "memory_gb": 10.425317376}
{"event": "TRAIN", "step": 2810, "effective_epoch": 0.07990339082905988, "loss": 2.0380704402923584, "grdn": 6.8729400634765625, "lr": 1.4553694167608978e-06, "seconds": 38.6913599469699, "memory_gb": 10.425317376}
{"event": "TRAIN", "step": 2820, "effective_epoch": 0.08018774453307789, "loss": 2.0236923694610596, "grdn": 8.295010566711426, "lr": 1.4038096605271403e-06, "seconds": 37.45213850296568, "memory_gb": 10.425317376}
{"event": "TRAIN", "step": 2830, "effective_epoch": 0.08047209823709589, "loss": 2.00431489944458, "grdn": 7.070660591125488, "lr": 1.3553226687031898e-06, "seconds": 40.76921738695819, "memory_gb": 10.425317376}
{"event": "TRAIN", "step": 2840, "effective_epoch": 0.0807564519411139, "loss": 2.0813851356506348, "grdn": 7.363029479980469, "lr": 1.3099146243868995e-06, "seconds": 40.63880992401391, "memory_gb": 10.425317376}
{"event": "TRAIN", "step": 2850, "effective_epoch": 0.08104080564513191, "loss": 2.082688093185425, "grdn": 7.852780342102051, "lr": 1.2675913180464153e-06, "seconds": 42.4287565050181, "memory_gb": 10.425317376}
{"event": "TRAIN", "step": 2860, "effective_epoch": 0.08132515934914991, "loss": 2.010312557220459, "grdn": 7.920103549957275, "lr": 1.2283581467817519e-06, "seconds": 43.71456503495574, "memory_gb": 10.425317376}
{"event": "TRAIN", "step": 2870, "effective_epoch": 0.08160951305316792, "loss": 2.0192437171936035, "grdn": 8.052776336669922, "lr": 1.1922201136365798e-06, "seconds": 39.76315381703898, "memory_gb": 10.425317376}
{"event": "TRAIN", "step": 2880, "effective_epoch": 0.08189386675718593, "loss": 2.0892767906188965, "grdn": 7.5727338790893555, "lr": 1.1591818269602035e-06, "seconds": 38.17299916408956, "memory_gb": 10.425317376}
{"event": "TRAIN", "step": 2890, "effective_epoch": 0.08217822046120393, "loss": 2.0180280208587646, "grdn": 7.453163146972656, "lr": 1.1292474998199198e-06, "seconds": 40.86930120305624, "memory_gb": 10.425317376}
{"event": "TRAIN", "step": 2900, "effective_epoch": 0.08246257416522194, "loss": 2.048387289047241, "grdn": 8.096855163574219, "lr": 1.1024209494637536e-06, "seconds": 37.556760197039694, "memory_gb": 10.425317376}
{"event": "TRAIN", "step": 2910, "effective_epoch": 0.08274692786923996, "loss": 1.9817081689834595, "grdn": 7.834140777587891, "lr": 1.0787055968336902e-06, "seconds": 41.66457433195319, "memory_gb": 10.425317376}
{"event": "TRAIN", "step": 2920, "effective_epoch": 0.08303128157325795, "loss": 2.0468597412109375, "grdn": 7.278810977935791, "lr": 1.0581044661294313e-06, "seconds": 37.670430795056745, "memory_gb": 10.425317376}
{"event": "TRAIN", "step": 2930, "effective_epoch": 0.08331563527727597, "loss": 1.93830144405365, "grdn": 6.851441860198975, "lr": 1.0406201844227325e-06, "seconds": 45.16424475598615, "memory_gb": 10.425317376}
{"event": "TRAIN", "step": 2940, "effective_epoch": 0.08359998898129396, "loss": 2.0957019329071045, "grdn": 8.17965030670166, "lr": 1.02625498132242e-06, "seconds": 40.7000711010769, "memory_gb": 10.425317376}
{"event": "TRAIN", "step": 2950, "effective_epoch": 0.08388434268531197, "loss": 2.0250296592712402, "grdn": 7.531175136566162, "lr": 1.015010688690052e-06, "seconds": 38.52239296596963, "memory_gb": 10.425317376}
{"event": "TRAIN", "step": 2960, "effective_epoch": 0.08416869638932999, "loss": 1.9625837802886963, "grdn": 6.94341516494751, "lr": 1.0068887404063273e-06, "seconds": 40.20849254401401, "memory_gb": 10.425317376}
{"event": "TRAIN", "step": 2970, "effective_epoch": 0.08445305009334798, "loss": 2.076997756958008, "grdn": 7.600003242492676, "lr": 1.0018901721882302e-06, "seconds": 39.50564299407415, "memory_gb": 10.425317376}
{"event": "TRAIN", "step": 2980, "effective_epoch": 0.084737403797366, "loss": 2.0589470863342285, "grdn": 7.6979851722717285, "lr": 1.0000156214569605e-06, "seconds": 39.55919188295957, "memory_gb": 10.425317376}
{"event": "EVAL", "step": 2981, "effective_epoch": 0.0847658391677678, "train": {"frames": 352, "episodes": 11, "ce": 1.9204323853958736, "mae": 0.007475044227744961, "rmse": 0.013423867234618948, "episode_mae": 0.007475044227744961, "baseline_mae": 0.0976172377016734, "baseline_rmse": 0.1176886652947721, "mae_remaining_seconds": 8.941647905228523, "bias": -0.00038210506715007466, "crps": 0.0053588361543833425, "entropy": 2.375245483761484, "interval90_coverage": 0.9744318181818182, "interval90_width": 0.058394884545123205}, "test": {"frames": 352, "episodes": 11, "ce": 4.358504159714688, "mae": 0.03492378360401331, "rmse": 0.04747708133567361, "episode_mae": 0.03492378360401331, "baseline_mae": 0.09093507870354435, "baseline_rmse": 0.1089701435114882, "mae_remaining_seconds": 41.77582994712073, "bias": 0.006212312511210753, "crps": 0.028473748763148746, "entropy": 2.416521327739412, "interval90_coverage": 0.48295454545454547, "interval90_width": 0.05495738530457443}, "best_step": 2241, "best_episode_mae": 0.034751764503942635, "bad_evaluations": 3}
TRAINING_STAGE_COMPLETE
