{"status": "metadata_ok", "summaries": {"demo_train": {"episodes": 502, "frames": 1132703, "max_cost": 7440.0, "takeovers": 0}, "demo_test": {"episodes": 56, "frames": 123026, "max_cost": 5752.0, "takeovers": 0}, "hil_train": {"episodes": 127, "frames": 809459, "max_cost": 15337.0, "takeovers": 545}, "hil_test": {"episodes": 14, "frames": 95789, "max_cost": 12316.0, "takeovers": 71}}, "scale": 15337.0, "exact_action_state_duplicate_pairs": [], "split_leakage_note": "Exact whole-trajectory fingerprint check only; similar scenes/session correlation still possible", "unit_tests": "reward boundaries and deterministic 1:1 sampler passed", "manifest_sha256": "d38574b6fdbad834c767d9218b723f5dd58a65c8d1b558222b40af1af5938423"}
Traceback (most recent call last):
  File "/data/experiments/value-mixed-takeover-20260907/preflight.py", line 46, in <module>
    if __name__=='__main__':main()
                            ^^^^^^
  File "/data/experiments/value-mixed-takeover-20260907/preflight.py", line 42, in main
    sample=d[int(start)+frame];assert tuple(sample['images'].shape)==(3,3,480,640);decoded+=3
           ~^^^^^^^^^^^^^^^^^^
  File "/data/experiments/value-mixed-takeover-20260907/mixed_data.py", line 103, in __getitem__
    images.append(decode_video_frames(path,[timestamp],1e-4,backend='pyav',return_uint8=True)[0])
                  ^^^^^^^^^^^^^^^^^^^^^^^^^^^^^^^^^^^^^^^^^^^^^^^^^^^^^^^^^^^^^^^^^^^^^^^^^^^
  File "/data/src/lerobot-v0.6.1/src/lerobot/datasets/video_utils.py", line 95, in decode_video_frames
    return decode_video_frames_pyav(
           ^^^^^^^^^^^^^^^^^^^^^^^^^
  File "/data/src/lerobot-v0.6.1/src/lerobot/datasets/video_utils.py", line 195, in decode_video_frames_pyav
    raise FrameTimestampError(
lerobot.datasets.video_utils.FrameTimestampError: One or several query timestamps unexpectedly violate the tolerance (tensor([0.0001]) > tolerance_s=0.0001). It means that the closest frame that can be loaded from the video is too far away in time. This might be due to synchronization issues with timestamps during data collection. To be safe, we advise to ignore this item during training.
queried timestamps: tensor([1888.2334])
loaded timestamps: tensor([1888.1666, 1888.2000, 1888.2333])
video: /data/datasets/piperx-full-intervention-141-20260903/videos/observation.images.right_environment_1/chunk-000/file-005.mp4
backend: pyav
{"status": "metadata_ok", "summaries": {"demo_train": {"episodes": 502, "frames": 1132703, "max_cost": 7440.0, "takeovers": 0}, "demo_test": {"episodes": 56, "frames": 123026, "max_cost": 5752.0, "takeovers": 0}, "hil_train": {"episodes": 127, "frames": 809459, "max_cost": 15337.0, "takeovers": 545}, "hil_test": {"episodes": 14, "frames": 95789, "max_cost": 12316.0, "takeovers": 71}}, "scale": 15337.0, "exact_action_state_duplicate_pairs": [], "split_leakage_note": "Exact whole-trajectory fingerprint check only; similar scenes/session correlation still possible", "unit_tests": "reward boundaries and deterministic 1:1 sampler passed", "manifest_sha256": "d38574b6fdbad834c767d9218b723f5dd58a65c8d1b558222b40af1af5938423"}
PREFLIGHT_COMPLETE
