/data/experiments/value-demo3-20260906/venv-py312-torch210-cu128/lib/python3.12/site-packages/torch/distributed/c10d_logger.py:83: UserWarning: barrier(): using the device under current context. You can specify `device_id` in `init_process_group` to mute this warning.
  return func(*args, **kwargs)
[rank0]:[W907 00:41:34.055149178 ProcessGroupNCCL.cpp:5138] Guessing device ID based on global rank. This can cause a hang if rank to GPU mapping is heterogeneous. You can specify device_id in init_process_group()
NCCL version 2.27.5+cuda12.9
{"event": "ARCHITECTURE", "variant": "vision_only", "total_parameters": 429182729, "trainable_parameters": 429182729, "state_input": false}
{"event": "READY", "task": "piperx_insert_copper_screw", "step": 0, "train_frames": 1132703, "test_frames": 1792, "global_batch": 32, "parameters": 429182729}
{"event": "TRAIN", "step": 10, "effective_epoch": 0.0002825100666282335, "loss": 5.314681053161621, "grdn": 5.359243392944336, "lr": 2.5e-06, "seconds": 40.881120578036644, "memory_gb": 10.425316864}
{"event": "TRAIN", "step": 20, "effective_epoch": 0.000565020133256467, "loss": 5.209103584289551, "grdn": 5.146048545837402, "lr": 5e-06, "seconds": 35.72798474598676, "memory_gb": 10.425317376}
{"event": "TRAIN", "step": 30, "effective_epoch": 0.0008475301998847006, "loss": 5.049927234649658, "grdn": 5.094094276428223, "lr": 7.5e-06, "seconds": 34.38258783996571, "memory_gb": 10.425317376}
{"event": "TRAIN", "step": 40, "effective_epoch": 0.001130040266512934, "loss": 4.90478515625, "grdn": 5.427667140960693, "lr": 1e-05, "seconds": 35.1101617179811, "memory_gb": 10.425317376}
{"event": "TRAIN", "step": 50, "effective_epoch": 0.0014125503331411677, "loss": 4.764592170715332, "grdn": 5.849367618560791, "lr": 1.25e-05, "seconds": 34.60373607208021, "memory_gb": 10.425317376}
{"event": "TRAIN", "step": 60, "effective_epoch": 0.0016950603997694011, "loss": 4.707718372344971, "grdn": 5.404376983642578, "lr": 1.5e-05, "seconds": 37.14309723803308, "memory_gb": 10.425317376}
{"event": "TRAIN", "step": 70, "effective_epoch": 0.0019775704663976346, "loss": 4.6099748611450195, "grdn": 5.379146099090576, "lr": 1.7500000000000002e-05, "seconds": 35.54172763496172, "memory_gb": 10.425317376}
{"event": "TRAIN", "step": 80, "effective_epoch": 0.002260080533025868, "loss": 4.523110866546631, "grdn": 5.629179954528809, "lr": 2e-05, "seconds": 35.75247619103175, "memory_gb": 10.425317376}
{"event": "TRAIN", "step": 90, "effective_epoch": 0.002542590599654102, "loss": 4.440450191497803, "grdn": 4.916243553161621, "lr": 2.25e-05, "seconds": 32.92937673605047, "memory_gb": 10.425317376}
{"event": "TRAIN", "step": 100, "effective_epoch": 0.0028251006662823354, "loss": 4.240813255310059, "grdn": 5.148694038391113, "lr": 2.5e-05, "seconds": 38.86978310800623, "memory_gb": 10.425317376}
{"event": "TRAIN", "step": 110, "effective_epoch": 0.003107610732910569, "loss": 4.08241605758667, "grdn": 6.034054756164551, "lr": 2.7500000000000004e-05, "seconds": 36.068346712039784, "memory_gb": 10.425317376}
{"event": "TRAIN", "step": 120, "effective_epoch": 0.0033901207995388023, "loss": 4.059348106384277, "grdn": 5.754851818084717, "lr": 3e-05, "seconds": 32.8794225739548, "memory_gb": 10.425317376}
{"event": "TRAIN", "step": 130, "effective_epoch": 0.0036726308661670357, "loss": 3.9432461261749268, "grdn": 6.172259330749512, "lr": 3.2500000000000004e-05, "seconds": 37.224015561980195, "memory_gb": 10.425317376}
{"event": "TRAIN", "step": 140, "effective_epoch": 0.003955140932795269, "loss": 3.813915252685547, "grdn": 5.867954254150391, "lr": 3.5000000000000004e-05, "seconds": 33.51914206100628, "memory_gb": 10.425317376}
{"event": "TRAIN", "step": 150, "effective_epoch": 0.004237650999423503, "loss": 3.87701678276062, "grdn": 6.5034074783325195, "lr": 3.7500000000000003e-05, "seconds": 40.488649694947526, "memory_gb": 10.425317376}
{"event": "TRAIN", "step": 160, "effective_epoch": 0.004520161066051736, "loss": 3.7467548847198486, "grdn": 6.860254764556885, "lr": 4e-05, "seconds": 40.253585424041376, "memory_gb": 10.425317376}
{"event": "TRAIN", "step": 170, "effective_epoch": 0.00480267113267997, "loss": 3.581066131591797, "grdn": 5.711541652679443, "lr": 4.25e-05, "seconds": 34.07598574203439, "memory_gb": 10.425317376}
{"event": "TRAIN", "step": 180, "effective_epoch": 0.005085181199308204, "loss": 3.422670364379883, "grdn": 6.451585292816162, "lr": 4.5e-05, "seconds": 38.49667649297044, "memory_gb": 10.425317376}
{"event": "TRAIN", "step": 190, "effective_epoch": 0.005367691265936437, "loss": 3.3089613914489746, "grdn": 6.318899631500244, "lr": 4.7499999999999996e-05, "seconds": 37.290751938009635, "memory_gb": 10.425317376}
{"event": "TRAIN", "step": 200, "effective_epoch": 0.005650201332564671, "loss": 3.508122205734253, "grdn": 7.4095025062561035, "lr": 5e-05, "seconds": 34.959093482932076, "memory_gb": 10.425317376}
{"event": "TRAIN", "step": 210, "effective_epoch": 0.005932711399192904, "loss": 3.2813549041748047, "grdn": 6.054745674133301, "lr": 4.9998457890490164e-05, "seconds": 36.13421843294054, "memory_gb": 10.425317376}
{"event": "TRAIN", "step": 220, "effective_epoch": 0.006215221465821138, "loss": 3.2146294116973877, "grdn": 6.999017238616943, "lr": 4.999383175609142e-05, "seconds": 32.22942116810009, "memory_gb": 10.425317376}
{"event": "TRAIN", "step": 230, "effective_epoch": 0.006497731532449371, "loss": 3.264190196990967, "grdn": 6.948241233825684, "lr": 4.998612217917157e-05, "seconds": 38.25485850998666, "memory_gb": 10.425317376}
{"event": "TRAIN", "step": 240, "effective_epoch": 0.006780241599077605, "loss": 3.2056286334991455, "grdn": 8.223611831665039, "lr": 4.997533013026221e-05, "seconds": 44.29406560701318, "memory_gb": 10.425317376}
{"event": "TRAIN", "step": 250, "effective_epoch": 0.0070627516657058385, "loss": 3.230908155441284, "grdn": 7.6347336769104, "lr": 4.996145696793651e-05, "seconds": 36.50008472299669, "memory_gb": 10.425317376}
{"event": "EVAL", "step": 250, "effective_epoch": 0.0070627516657058385, "train": {"frames": 1792, "episodes": 56, "ce": 2.9509022348626917, "mae": 0.05080922750078441, "rmse": 0.05560875760080018, "episode_mae": 0.05080922750078441, "baseline_mae": 0.05248346601729281, "baseline_rmse": 0.06225099910710391, "mae_remaining_seconds": 25.204764122222453, "bias": -0.04981266334341074, "crps": 0.0192950463321852, "entropy": 3.5106212653751885, "interval90_coverage": 0.9469866071428571, "interval90_width": 0.32207031111465767}, "test": {"frames": 1792, "episodes": 56, "ce": 3.052231738044481, "mae": 0.0504957129846194, "rmse": 0.05549981379071192, "episode_mae": 0.0504957129846194, "baseline_mae": 0.05533733551939284, "baseline_rmse": 0.06688020310571469, "mae_remaining_seconds": 25.049240021236862, "bias": -0.04560598959713908, "crps": 0.020861527536648543, "entropy": 3.4825181114886488, "interval90_coverage": 0.9185267857142857, "interval90_width": 0.3094866045077132}, "best_step": 250, "best_episode_mae": 0.0504957129846194, "bad_evaluations": 0}
{"event": "TRAIN", "step": 260, "effective_epoch": 0.0073452617323340715, "loss": 3.207501173019409, "grdn": 7.897503852844238, "lr": 4.9944504438638174e-05, "seconds": 431.09747967496514, "memory_gb": 10.425317376}
{"event": "TRAIN", "step": 270, "effective_epoch": 0.007627771798962305, "loss": 3.098379611968994, "grdn": 7.007035732269287, "lr": 4.992447467646164e-05, "seconds": 37.296089649084024, "memory_gb": 10.425317376}
{"event": "TRAIN", "step": 280, "effective_epoch": 0.007910281865590538, "loss": 3.026498556137085, "grdn": 6.8388800621032715, "lr": 4.9901370202883365e-05, "seconds": 34.84986649104394, "memory_gb": 10.425317376}
{"event": "TRAIN", "step": 290, "effective_epoch": 0.008192791932218772, "loss": 3.0513241291046143, "grdn": 7.542201995849609, "lr": 4.9875193926444435e-05, "seconds": 37.98538138798904, "memory_gb": 10.425317376}
{"event": "TRAIN", "step": 300, "effective_epoch": 0.008475301998847006, "loss": 3.0593533515930176, "grdn": 6.874411582946777, "lr": 4.984594914238445e-05, "seconds": 38.21682270907331, "memory_gb": 10.425317376}
{"event": "TRAIN", "step": 310, "effective_epoch": 0.00875781206547524, "loss": 2.970569133758545, "grdn": 7.060484409332275, "lr": 4.981363953222663e-05, "seconds": 35.56415317894425, "memory_gb": 10.425317376}
{"event": "TRAIN", "step": 320, "effective_epoch": 0.009040322132103472, "loss": 3.058955192565918, "grdn": 7.6971564292907715, "lr": 4.97782691633144e-05, "seconds": 40.12556085898541, "memory_gb": 10.425317376}
{"event": "TRAIN", "step": 330, "effective_epoch": 0.009322832198731706, "loss": 3.0267927646636963, "grdn": 8.015928268432617, "lr": 4.97398424882994e-05, "seconds": 37.17706617608201, "memory_gb": 10.425317376}
{"event": "TRAIN", "step": 340, "effective_epoch": 0.00960534226535994, "loss": 2.942692279815674, "grdn": 8.809240341186523, "lr": 4.969836434458088e-05, "seconds": 41.73190761893056, "memory_gb": 10.425317376}
{"event": "TRAIN", "step": 350, "effective_epoch": 0.009887852331988174, "loss": 3.051927328109741, "grdn": 9.32426929473877, "lr": 4.965383995369678e-05, "seconds": 36.312341112061404, "memory_gb": 10.425317376}
{"event": "TRAIN", "step": 360, "effective_epoch": 0.010170362398616408, "loss": 2.8881144523620605, "grdn": 7.0188727378845215, "lr": 4.960627492066643e-05, "seconds": 37.663857710082084, "memory_gb": 10.425317376}
{"event": "TRAIN", "step": 370, "effective_epoch": 0.01045287246524464, "loss": 2.9465343952178955, "grdn": 7.382848262786865, "lr": 4.9555675233284904e-05, "seconds": 36.375887080910616, "memory_gb": 10.425317376}
{"event": "TRAIN", "step": 380, "effective_epoch": 0.010735382531872874, "loss": 2.977537155151367, "grdn": 9.503717422485352, "lr": 4.950204726136927e-05, "seconds": 44.19224862102419, "memory_gb": 10.425317376}
{"event": "TRAIN", "step": 390, "effective_epoch": 0.011017892598501108, "loss": 2.9986002445220947, "grdn": 7.853031158447266, "lr": 4.9445397755956723e-05, "seconds": 46.01209277694579, "memory_gb": 10.425317376}
{"event": "TRAIN", "step": 400, "effective_epoch": 0.011300402665129342, "loss": 2.800797939300537, "grdn": 6.76941442489624, "lr": 4.9385733848454676e-05, "seconds": 42.841884687077254, "memory_gb": 10.425317376}
{"event": "TRAIN", "step": 410, "effective_epoch": 0.011582912731757575, "loss": 2.825305223464966, "grdn": 7.960247993469238, "lr": 4.9323063049743075e-05, "seconds": 40.94157074892428, "memory_gb": 10.425317376}
{"event": "TRAIN", "step": 420, "effective_epoch": 0.011865422798385808, "loss": 2.8535850048065186, "grdn": 8.03904914855957, "lr": 4.925739324922883e-05, "seconds": 40.99551873106975, "memory_gb": 10.425317376}
{"event": "TRAIN", "step": 430, "effective_epoch": 0.012147932865014041, "loss": 2.8721261024475098, "grdn": 7.755774021148682, "lr": 4.9188732713852656e-05, "seconds": 33.25691267894581, "memory_gb": 10.425317376}
{"event": "TRAIN", "step": 440, "effective_epoch": 0.012430442931642275, "loss": 2.8530688285827637, "grdn": 7.226931095123291, "lr": 4.911709008704841e-05, "seconds": 38.56925514503382, "memory_gb": 10.425317376}
{"event": "TRAIN", "step": 450, "effective_epoch": 0.01271295299827051, "loss": 2.7438483238220215, "grdn": 6.417749881744385, "lr": 4.904247438765495e-05, "seconds": 44.09409313404467, "memory_gb": 10.425317376}
{"event": "TRAIN", "step": 460, "effective_epoch": 0.012995463064898741, "loss": 2.8702259063720703, "grdn": 7.1271538734436035, "lr": 4.89648950087808e-05, "seconds": 37.13033009599894, "memory_gb": 10.425317376}
{"event": "TRAIN", "step": 470, "effective_epoch": 0.013277973131526975, "loss": 2.7857611179351807, "grdn": 7.986867427825928, "lr": 4.888436171662173e-05, "seconds": 38.20144552493002, "memory_gb": 10.425317376}
{"event": "TRAIN", "step": 480, "effective_epoch": 0.01356048319815521, "loss": 2.8036043643951416, "grdn": 7.096707820892334, "lr": 4.8800884649231264e-05, "seconds": 36.18118929001503, "memory_gb": 10.425317376}
{"event": "TRAIN", "step": 490, "effective_epoch": 0.013842993264783443, "loss": 2.6748948097229004, "grdn": 7.5918073654174805, "lr": 4.8714474315244465e-05, "seconds": 41.46645901305601, "memory_gb": 10.425317376}
{"event": "TRAIN", "step": 500, "effective_epoch": 0.014125503331411677, "loss": 2.7087926864624023, "grdn": 7.3299360275268555, "lr": 4.8625141592555005e-05, "seconds": 43.638397565926425, "memory_gb": 10.425317376}
{"event": "EVAL", "step": 500, "effective_epoch": 0.014125503331411677, "train": {"frames": 1792, "episodes": 56, "ce": 2.4612207265703807, "mae": 0.012216837094196567, "rmse": 0.01754810489277211, "episode_mae": 0.012216837094196567, "baseline_mae": 0.05248346601729281, "baseline_rmse": 0.06225099910710391, "mae_remaining_seconds": 6.060365654527777, "bias": -0.0019193302565067175, "crps": 0.008661535362047548, "entropy": 2.5854238669521044, "interval90_coverage": 0.9609375, "interval90_width": 0.06985769882261852}, "test": {"frames": 1792, "episodes": 56, "ce": 2.5711617021089688, "mae": 0.015734399564930106, "rmse": 0.02319532808883594, "episode_mae": 0.015734399564930106, "baseline_mae": 0.05533733551939284, "baseline_rmse": 0.06688020310571469, "mae_remaining_seconds": 7.805311144176328, "bias": 0.0010869094611345126, "crps": 0.01078003320555711, "entropy": 2.564568273124418, "interval90_coverage": 0.9441964285714286, "interval90_width": 0.06756975198576194}, "best_step": 500, "best_episode_mae": 0.015734399564930106, "bad_evaluations": 0}
{"event": "TRAIN", "step": 510, "effective_epoch": 0.014408013398039909, "loss": 2.717324733734131, "grdn": 7.622260093688965, "lr": 4.8532897726945863e-05, "seconds": 439.08296009898186, "memory_gb": 10.425317376}
{"event": "TRAIN", "step": 520, "effective_epoch": 0.014690523464668143, "loss": 2.6611480712890625, "grdn": 7.927308082580566, "lr": 4.8437754330673565e-05, "seconds": 38.43898218800314, "memory_gb": 10.425317376}
{"event": "TRAIN", "step": 530, "effective_epoch": 0.014973033531296377, "loss": 2.7499289512634277, "grdn": 7.864309787750244, "lr": 4.833972338100635e-05, "seconds": 37.37118552008178, "memory_gb": 10.425317376}
{"event": "TRAIN", "step": 540, "effective_epoch": 0.01525554359792461, "loss": 2.739346981048584, "grdn": 7.627743721008301, "lr": 4.823881721871646e-05, "seconds": 39.58673451701179, "memory_gb": 10.425317376}
{"event": "TRAIN", "step": 550, "effective_epoch": 0.015538053664552845, "loss": 2.805788516998291, "grdn": 7.698689937591553, "lr": 4.8135048546526525e-05, "seconds": 38.47246973996516, "memory_gb": 10.425317376}
{"event": "TRAIN", "step": 560, "effective_epoch": 0.015820563731181077, "loss": 2.7129645347595215, "grdn": 7.834246635437012, "lr": 4.8028430427510544e-05, "seconds": 36.28116781299468, "memory_gb": 10.425317376}
{"event": "TRAIN", "step": 570, "effective_epoch": 0.01610307379780931, "loss": 2.7705600261688232, "grdn": 7.3108038902282715, "lr": 4.791897628344934e-05, "seconds": 36.63195522502065, "memory_gb": 10.425317376}
{"event": "TRAIN", "step": 580, "effective_epoch": 0.016385583864437545, "loss": 2.7822928428649902, "grdn": 7.405126094818115, "lr": 4.780669989314099e-05, "seconds": 37.486099865986034, "memory_gb": 10.425317376}
{"event": "TRAIN", "step": 590, "effective_epoch": 0.01666809393106578, "loss": 2.6683855056762695, "grdn": 7.754673957824707, "lr": 4.7691615390666256e-05, "seconds": 36.49433858890552, "memory_gb": 10.425317376}
{"event": "TRAIN", "step": 600, "effective_epoch": 0.016950603997694012, "loss": 2.5996322631835938, "grdn": 7.000848293304443, "lr": 4.757373726360927e-05, "seconds": 42.58931866392959, "memory_gb": 10.425317376}
{"event": "TRAIN", "step": 610, "effective_epoch": 0.017233114064322246, "loss": 2.7288248538970947, "grdn": 7.825560092926025, "lr": 4.745308035123377e-05, "seconds": 35.148275278043, "memory_gb": 10.425317376}
{"event": "TRAIN", "step": 620, "effective_epoch": 0.01751562413095048, "loss": 2.6424872875213623, "grdn": 7.8303937911987305, "lr": 4.7329659842615016e-05, "seconds": 37.43018700403627, "memory_gb": 10.425317376}
{"event": "TRAIN", "step": 630, "effective_epoch": 0.01779813419757871, "loss": 2.502655506134033, "grdn": 8.139991760253906, "lr": 4.720349127472771e-05, "seconds": 37.02303746598773, "memory_gb": 10.425317376}
{"event": "TRAIN", "step": 640, "effective_epoch": 0.018080644264206944, "loss": 2.6761679649353027, "grdn": 7.685705661773682, "lr": 4.7074590530490085e-05, "seconds": 32.5692884339951, "memory_gb": 10.425317376}
{"event": "TRAIN", "step": 650, "effective_epoch": 0.01836315433083518, "loss": 2.693538188934326, "grdn": 8.61435317993164, "lr": 4.694297383676447e-05, "seconds": 36.20970590796787, "memory_gb": 10.425317376}
{"event": "TRAIN", "step": 660, "effective_epoch": 0.018645664397463412, "loss": 2.7775826454162598, "grdn": 7.7861328125, "lr": 4.680865776231454e-05, "seconds": 34.914724290021695, "memory_gb": 10.425317376}
{"event": "TRAIN", "step": 670, "effective_epoch": 0.018928174464091646, "loss": 2.620126247406006, "grdn": 7.421102046966553, "lr": 4.667165921571954e-05, "seconds": 38.9542870959267, "memory_gb": 10.425317376}
{"event": "TRAIN", "step": 680, "effective_epoch": 0.01921068453071988, "loss": 2.6250720024108887, "grdn": 7.6268157958984375, "lr": 4.653199544324572e-05, "seconds": 34.667392550967634, "memory_gb": 10.425317376}
{"event": "TRAIN", "step": 690, "effective_epoch": 0.019493194597348114, "loss": 2.7874369621276855, "grdn": 8.127524375915527, "lr": 4.638968402667526e-05, "seconds": 36.77924734703265, "memory_gb": 10.425317376}
{"event": "TRAIN", "step": 700, "effective_epoch": 0.019775704663976348, "loss": 2.6343345642089844, "grdn": 7.191459655761719, "lr": 4.6244742881092965e-05, "seconds": 34.73144910298288, "memory_gb": 10.425317376}
{"event": "TRAIN", "step": 710, "effective_epoch": 0.02005821473060458, "loss": 2.6081719398498535, "grdn": 7.147241115570068, "lr": 4.6097190252630994e-05, "seconds": 40.80933642399032, "memory_gb": 10.425317376}
{"event": "TRAIN", "step": 720, "effective_epoch": 0.020340724797232815, "loss": 2.5520412921905518, "grdn": 7.032779693603516, "lr": 4.594704471617192e-05, "seconds": 33.22597871301696, "memory_gb": 10.425317376}
{"event": "TRAIN", "step": 730, "effective_epoch": 0.020623234863861046, "loss": 2.6053855419158936, "grdn": 8.078219413757324, "lr": 4.57943251730104e-05, "seconds": 33.76673051097896, "memory_gb": 10.425317376}
{"event": "TRAIN", "step": 740, "effective_epoch": 0.02090574493048928, "loss": 2.6798675060272217, "grdn": 7.469640254974365, "lr": 4.5639050848473796e-05, "seconds": 39.81435636000242, "memory_gb": 10.425317376}
{"event": "TRAIN", "step": 750, "effective_epoch": 0.021188254997117514, "loss": 2.5730061531066895, "grdn": 7.698603630065918, "lr": 4.5481241289501875e-05, "seconds": 37.189136147964746, "memory_gb": 10.425317376}
{"event": "EVAL", "step": 750, "effective_epoch": 0.021188254997117514, "train": {"frames": 1792, "episodes": 56, "ce": 2.2263632750005593, "mae": 0.011062019501748312, "rmse": 0.014855764467923156, "episode_mae": 0.011062019501748312, "baseline_mae": 0.05248346601729281, "baseline_rmse": 0.06225099910710391, "mae_remaining_seconds": 5.487499140833946, "bias": -0.00523184596412258, "crps": 0.007427821901144073, "entropy": 2.476565597312791, "interval90_coverage": 0.9598214285714286, "interval90_width": 0.05906249810556931}, "test": {"frames": 1792, "episodes": 56, "ce": 2.5626432761949087, "mae": 0.016453243936276913, "rmse": 0.02339784860936349, "episode_mae": 0.016453243936276913, "baseline_mae": 0.05533733551939284, "baseline_rmse": 0.06688020310571469, "mae_remaining_seconds": 8.161905875322434, "bias": -0.0027642437653412344, "crps": 0.011283787155012501, "entropy": 2.4656664226204157, "interval90_coverage": 0.8699776785714286, "interval90_width": 0.05744140452069197}, "best_step": 500, "best_episode_mae": 0.015734399564930106, "bad_evaluations": 1}
{"event": "TRAIN", "step": 760, "effective_epoch": 0.021470765063745748, "loss": 2.523899793624878, "grdn": 7.6663103103637695, "lr": 4.532091636218621e-05, "seconds": 432.18441423401237, "memory_gb": 10.425317376}
{"event": "TRAIN", "step": 770, "effective_epoch": 0.02175327513037398, "loss": 2.549640417098999, "grdn": 7.707634925842285, "lr": 4.515809624926926e-05, "seconds": 35.09843055799138, "memory_gb": 10.425317376}
{"event": "TRAIN", "step": 780, "effective_epoch": 0.022035785197002215, "loss": 2.4358696937561035, "grdn": 7.303662300109863, "lr": 4.4992801447603634e-05, "seconds": 37.9518950949423, "memory_gb": 10.425317376}
{"event": "TRAIN", "step": 790, "effective_epoch": 0.02231829526363045, "loss": 2.4400882720947266, "grdn": 7.764532566070557, "lr": 4.482505276557184e-05, "seconds": 36.322682069963776, "memory_gb": 10.425317376}
{"event": "TRAIN", "step": 800, "effective_epoch": 0.022600805330258683, "loss": 2.5271220207214355, "grdn": 7.220566749572754, "lr": 4.4654871320466736e-05, "seconds": 42.58749130205251, "memory_gb": 10.425317376}
{"event": "TRAIN", "step": 810, "effective_epoch": 0.022883315396886917, "loss": 2.3395590782165527, "grdn": 6.718715667724609, "lr": 4.4482278535833225e-05, "seconds": 35.442844021948986, "memory_gb": 10.425317376}
{"event": "TRAIN", "step": 820, "effective_epoch": 0.02316582546351515, "loss": 2.4407947063446045, "grdn": 7.130384922027588, "lr": 4.4307296138771275e-05, "seconds": 35.57898402900901, "memory_gb": 10.425317376}
{"event": "TRAIN", "step": 830, "effective_epoch": 0.02344833553014338, "loss": 2.5480122566223145, "grdn": 8.510993957519531, "lr": 4.412994615720076e-05, "seconds": 31.713708186987787, "memory_gb": 10.425317376}
{"event": "TRAIN", "step": 840, "effective_epoch": 0.023730845596771615, "loss": 2.5360307693481445, "grdn": 8.785272598266602, "lr": 4.3950250917088476e-05, "seconds": 35.868019796092995, "memory_gb": 10.425317376}
{"event": "TRAIN", "step": 850, "effective_epoch": 0.02401335566339985, "loss": 2.638700485229492, "grdn": 7.495665550231934, "lr": 4.376823303963755e-05, "seconds": 35.82950361003168, "memory_gb": 10.425317376}
{"event": "TRAIN", "step": 860, "effective_epoch": 0.024295865730028083, "loss": 2.529998779296875, "grdn": 7.797920227050781, "lr": 4.358391543843985e-05, "seconds": 39.632466751965694, "memory_gb": 10.425317376}
{"event": "TRAIN", "step": 870, "effective_epoch": 0.024578375796656317, "loss": 2.5134806632995605, "grdn": 7.660745143890381, "lr": 4.33973213165913e-05, "seconds": 39.786085541010834, "memory_gb": 10.425317376}
{"event": "TRAIN", "step": 880, "effective_epoch": 0.02486088586328455, "loss": 2.590278148651123, "grdn": 7.448151588439941, "lr": 4.3208474163771097e-05, "seconds": 36.244559586048126, "memory_gb": 10.425317376}
{"event": "TRAIN", "step": 890, "effective_epoch": 0.025143395929912785, "loss": 2.540287733078003, "grdn": 7.627590179443359, "lr": 4.301739775328455e-05, "seconds": 39.79674223798793, "memory_gb": 10.425317376}
{"event": "TRAIN", "step": 900, "effective_epoch": 0.02542590599654102, "loss": 2.3804564476013184, "grdn": 6.825803279876709, "lr": 4.2824116139070415e-05, "seconds": 38.693154643056914, "memory_gb": 10.425317376}
{"event": "TRAIN", "step": 910, "effective_epoch": 0.025708416063169252, "loss": 2.5900821685791016, "grdn": 8.052681922912598, "lr": 4.2628653652672807e-05, "seconds": 38.07962104899343, "memory_gb": 10.425317376}
{"event": "TRAIN", "step": 920, "effective_epoch": 0.025990926129797483, "loss": 2.4547863006591797, "grdn": 7.98328161239624, "lr": 4.243103490017819e-05, "seconds": 36.383835817920044, "memory_gb": 10.425317376}
{"event": "TRAIN", "step": 930, "effective_epoch": 0.026273436196425717, "loss": 2.4483323097229004, "grdn": 7.217982292175293, "lr": 4.223128475911777e-05, "seconds": 34.00786848994903, "memory_gb": 10.425317376}
{"event": "TRAIN", "step": 940, "effective_epoch": 0.02655594626305395, "loss": 2.4761459827423096, "grdn": 7.207493782043457, "lr": 4.202942837533583e-05, "seconds": 41.23999274906237, "memory_gb": 10.425317376}
{"event": "TRAIN", "step": 950, "effective_epoch": 0.026838456329682184, "loss": 2.4129061698913574, "grdn": 7.603597164154053, "lr": 4.1825491159824096e-05, "seconds": 40.311998860910535, "memory_gb": 10.425317376}
{"event": "TRAIN", "step": 960, "effective_epoch": 0.02712096639631042, "loss": 2.480774402618408, "grdn": 7.623373508453369, "lr": 4.161949878552296e-05, "seconds": 38.35010754398536, "memory_gb": 10.425317376}
{"event": "TRAIN", "step": 970, "effective_epoch": 0.027403476462938652, "loss": 2.4174249172210693, "grdn": 8.223844528198242, "lr": 4.14114771840895e-05, "seconds": 37.043426346965134, "memory_gb": 10.425317376}
{"event": "TRAIN", "step": 980, "effective_epoch": 0.027685986529566886, "loss": 2.45070219039917, "grdn": 7.4542951583862305, "lr": 4.120145254263309e-05, "seconds": 35.49079831002746, "memory_gb": 10.425317376}
{"event": "TRAIN", "step": 990, "effective_epoch": 0.02796849659619512, "loss": 2.4873125553131104, "grdn": 7.906405448913574, "lr": 4.098945130041879e-05, "seconds": 31.710197951993905, "memory_gb": 10.425317376}
{"event": "TRAIN", "step": 1000, "effective_epoch": 0.028251006662823354, "loss": 2.500580072402954, "grdn": 8.469928741455078, "lr": 4.077550014553897e-05, "seconds": 33.34719014004804, "memory_gb": 10.425317376}
{"event": "EVAL", "step": 1000, "effective_epoch": 0.028251006662823354, "train": {"frames": 1792, "episodes": 56, "ce": 2.088827967277861, "mae": 0.009065151583334747, "rmse": 0.013346185848004337, "episode_mae": 0.009065151583334747, "baseline_mae": 0.05248346601729281, "baseline_rmse": 0.06225099910710391, "mae_remaining_seconds": 4.496919528772923, "bias": -0.0037431152837338493, "crps": 0.006332037159446762, "entropy": 2.2789870908350816, "interval90_coverage": 0.9458705357142857, "interval90_width": 0.05014229803470828}, "test": {"frames": 1792, "episodes": 56, "ce": 2.4545191239864965, "mae": 0.013832020640490685, "rmse": 0.02073944134569923, "episode_mae": 0.013832020640490685, "baseline_mae": 0.05533733551939284, "baseline_rmse": 0.06688020310571469, "mae_remaining_seconds": 6.861604372392746, "bias": -0.0014154546600236375, "crps": 0.00987852255481617, "entropy": 2.269398993745978, "interval90_coverage": 0.8493303571428571, "interval90_width": 0.04861328034478772}, "best_step": 1000, "best_episode_mae": 0.013832020640490685, "bad_evaluations": 0}
{"event": "TRAIN", "step": 1010, "effective_epoch": 0.028533516729451588, "loss": 2.430108070373535, "grdn": 7.5621137619018555, "lr": 4.0559626011553694e-05, "seconds": 435.2615638920106, "memory_gb": 10.425317376}
{"event": "TRAIN", "step": 1020, "effective_epoch": 0.028816026796079818, "loss": 2.3881633281707764, "grdn": 7.5179619789123535, "lr": 4.034185607410009e-05, "seconds": 32.01113229198381, "memory_gb": 10.425317376}
{"event": "TRAIN", "step": 1030, "effective_epoch": 0.029098536862708052, "loss": 2.4067909717559814, "grdn": 7.836360931396484, "lr": 4.012221774747134e-05, "seconds": 35.20163122296799, "memory_gb": 10.425317376}
{"event": "TRAIN", "step": 1040, "effective_epoch": 0.029381046929336286, "loss": 2.326338291168213, "grdn": 7.915256500244141, "lr": 3.990073868116559e-05, "seconds": 41.43478991207667, "memory_gb": 10.425317376}
{"event": "TRAIN", "step": 1050, "effective_epoch": 0.02966355699596452, "loss": 2.3404006958007812, "grdn": 7.468276023864746, "lr": 3.9677446756405246e-05, "seconds": 35.30242400499992, "memory_gb": 10.425317376}
{"event": "TRAIN", "step": 1060, "effective_epoch": 0.029946067062592754, "loss": 2.363781690597534, "grdn": 7.306471347808838, "lr": 3.9452370082627075e-05, "seconds": 34.77204391499981, "memory_gb": 10.425317376}
{"event": "TRAIN", "step": 1070, "effective_epoch": 0.030228577129220988, "loss": 2.4073424339294434, "grdn": 8.395062446594238, "lr": 3.922553699394367e-05, "seconds": 36.17867276095785, "memory_gb": 10.425317376}
{"event": "TRAIN", "step": 1080, "effective_epoch": 0.03051108719584922, "loss": 2.38049578666687, "grdn": 7.300573825836182, "lr": 3.899697604557651e-05, "seconds": 38.10660808905959, "memory_gb": 10.425317376}
{"event": "TRAIN", "step": 1090, "effective_epoch": 0.030793597262477455, "loss": 2.3960800170898438, "grdn": 7.941164970397949, "lr": 3.876671601026128e-05, "seconds": 34.982905981945805, "memory_gb": 10.425317376}
{"event": "TRAIN", "step": 1100, "effective_epoch": 0.03107610732910569, "loss": 2.340311288833618, "grdn": 8.214699745178223, "lr": 3.8534785874625745e-05, "seconds": 38.96364901098423, "memory_gb": 10.425317376}
{"event": "TRAIN", "step": 1110, "effective_epoch": 0.03135861739573392, "loss": 2.5158095359802246, "grdn": 7.951739311218262, "lr": 3.8301214835540747e-05, "seconds": 37.486923285992816, "memory_gb": 10.425317376}
{"event": "TRAIN", "step": 1120, "effective_epoch": 0.031641127462362154, "loss": 2.348992109298706, "grdn": 7.589146614074707, "lr": 3.8066032296444705e-05, "seconds": 38.18784428096842, "memory_gb": 10.425317376}
{"event": "TRAIN", "step": 1130, "effective_epoch": 0.03192363752899039, "loss": 2.4350879192352295, "grdn": 8.456037521362305, "lr": 3.782926786364211e-05, "seconds": 36.90971785900183, "memory_gb": 10.425317376}
{"event": "TRAIN", "step": 1140, "effective_epoch": 0.03220614759561862, "loss": 2.356243133544922, "grdn": 8.35201358795166, "lr": 3.75909513425765e-05, "seconds": 37.34006874100305, "memory_gb": 10.425317376}
{"event": "TRAIN", "step": 1150, "effective_epoch": 0.03248865766224686, "loss": 2.4272971153259277, "grdn": 7.9969353675842285, "lr": 3.7351112734078375e-05, "seconds": 37.58166602801066, "memory_gb": 10.425317376}
{"event": "TRAIN", "step": 1160, "effective_epoch": 0.03277116772887509, "loss": 2.336437702178955, "grdn": 7.721194267272949, "lr": 3.710978223058847e-05, "seconds": 35.38276296504773, "memory_gb": 10.425317376}
{"event": "TRAIN", "step": 1170, "effective_epoch": 0.03305367779550332, "loss": 2.2755157947540283, "grdn": 7.503429412841797, "lr": 3.686699021235694e-05, "seconds": 35.101158378995024, "memory_gb": 10.425317376}
{"event": "TRAIN", "step": 1180, "effective_epoch": 0.03333618786213156, "loss": 2.3356010913848877, "grdn": 7.636502742767334, "lr": 3.6622767243618894e-05, "seconds": 36.05891055602115, "memory_gb": 10.425317376}
{"event": "TRAIN", "step": 1190, "effective_epoch": 0.03361869792875979, "loss": 2.2429771423339844, "grdn": 7.955639839172363, "lr": 3.6377144068746815e-05, "seconds": 37.44995172403287, "memory_gb": 10.425317376}
{"event": "TRAIN", "step": 1200, "effective_epoch": 0.033901207995388025, "loss": 2.3135693073272705, "grdn": 7.8486127853393555, "lr": 3.6130151608380175e-05, "seconds": 38.50034934200812, "memory_gb": 10.425317376}
{"event": "TRAIN", "step": 1210, "effective_epoch": 0.034183718062016255, "loss": 2.2975895404815674, "grdn": 7.786782741546631, "lr": 3.5881820955533023e-05, "seconds": 38.351288990001194, "memory_gb": 10.425317376}
{"event": "TRAIN", "step": 1220, "effective_epoch": 0.03446622812864449, "loss": 2.3156116008758545, "grdn": 7.838146209716797, "lr": 3.563218337167976e-05, "seconds": 40.4399768570438, "memory_gb": 10.425317376}
{"event": "TRAIN", "step": 1230, "effective_epoch": 0.03474873819527272, "loss": 2.270922899246216, "grdn": 7.39699649810791, "lr": 3.5381270282819725e-05, "seconds": 40.833468921948224, "memory_gb": 10.425317376}
{"event": "TRAIN", "step": 1240, "effective_epoch": 0.03503124826190096, "loss": 2.2984986305236816, "grdn": 8.252779960632324, "lr": 3.512911327552113e-05, "seconds": 35.25972086598631, "memory_gb": 10.425317376}
{"event": "TRAIN", "step": 1250, "effective_epoch": 0.03531375832852919, "loss": 2.2528743743896484, "grdn": 7.813789367675781, "lr": 3.4875744092944704e-05, "seconds": 40.09855921496637, "memory_gb": 10.425317376}
{"event": "EVAL", "step": 1250, "effective_epoch": 0.03531375832852919, "train": {"frames": 1792, "episodes": 56, "ce": 2.079017085522147, "mae": 0.009817746110976648, "rmse": 0.0138492069447891, "episode_mae": 0.009817746110976648, "baseline_mae": 0.05248346601729281, "baseline_rmse": 0.06225099910710391, "mae_remaining_seconds": 4.870256587451816, "bias": -0.0069886655994975755, "crps": 0.0069200114449878515, "entropy": 2.20982209403467, "interval90_coverage": 0.9157366071428571, "interval90_width": 0.04673828018037186}, "test": {"frames": 1792, "episodes": 56, "ce": 2.5463159815574596, "mae": 0.014177821530211077, "rmse": 0.02044930658680569, "episode_mae": 0.014177821530211077, "baseline_mae": 0.05533733551939284, "baseline_rmse": 0.06688020310571469, "mae_remaining_seconds": 7.033144667086708, "bias": -0.0033213661501057296, "crps": 0.010432099163316317, "entropy": 2.1935376583798125, "interval90_coverage": 0.7739955357142857, "interval90_width": 0.0433593739180651}, "best_step": 1000, "best_episode_mae": 0.013832020640490685, "bad_evaluations": 1}
{"event": "TRAIN", "step": 1260, "effective_epoch": 0.03559626839515742, "loss": 2.4606993198394775, "grdn": 7.996628761291504, "lr": 3.462119463084766e-05, "seconds": 446.19783662003465, "memory_gb": 10.425317376}
{"event": "TRAIN", "step": 1270, "effective_epoch": 0.03587877846178566, "loss": 2.320991039276123, "grdn": 8.2857666015625, "lr": 3.436549693356847e-05, "seconds": 41.06907578301616, "memory_gb": 10.425317376}
{"event": "TRAIN", "step": 1280, "effective_epoch": 0.03616128852841389, "loss": 2.299062728881836, "grdn": 7.2466254234313965, "lr": 3.41086831899929e-05, "seconds": 40.91092340706382, "memory_gb": 10.425317376}
{"event": "TRAIN", "step": 1290, "effective_epoch": 0.036443798595042126, "loss": 2.345444917678833, "grdn": 7.868585109710693, "lr": 3.385078572950186e-05, "seconds": 36.60098643798847, "memory_gb": 10.425317376}
{"event": "TRAIN", "step": 1300, "effective_epoch": 0.03672630866167036, "loss": 2.3765969276428223, "grdn": 8.068000793457031, "lr": 3.3591837017901594e-05, "seconds": 36.661887682043016, "memory_gb": 10.425317376}
{"event": "TRAIN", "step": 1310, "effective_epoch": 0.037008818728298594, "loss": 2.2456326484680176, "grdn": 7.4145379066467285, "lr": 3.333186965333665e-05, "seconds": 36.06573986308649, "memory_gb": 10.425317376}
{"event": "TRAIN", "step": 1320, "effective_epoch": 0.037291328794926824, "loss": 2.2564034461975098, "grdn": 7.4747419357299805, "lr": 3.307091636218621e-05, "seconds": 34.0965051689418, "memory_gb": 10.425317376}
{"event": "TRAIN", "step": 1330, "effective_epoch": 0.03757383886155506, "loss": 2.2794032096862793, "grdn": 7.7233405113220215, "lr": 3.280900999494432e-05, "seconds": 34.39800823805854, "memory_gb": 10.425317376}
{"event": "TRAIN", "step": 1340, "effective_epoch": 0.03785634892818329, "loss": 2.2636451721191406, "grdn": 6.894006252288818, "lr": 3.254618352208442e-05, "seconds": 35.35613326099701, "memory_gb": 10.425317376}
{"event": "TRAIN", "step": 1350, "effective_epoch": 0.03813885899481153, "loss": 2.254457473754883, "grdn": 7.675880432128906, "lr": 3.228247002990881e-05, "seconds": 34.056869491003454, "memory_gb": 10.425317376}
{"event": "TRAIN", "step": 1360, "effective_epoch": 0.03842136906143976, "loss": 2.2353978157043457, "grdn": 7.9887189865112305, "lr": 3.201790271638354e-05, "seconds": 37.428632671013474, "memory_gb": 10.425317376}
{"event": "TRAIN", "step": 1370, "effective_epoch": 0.03870387912806799, "loss": 2.2172844409942627, "grdn": 7.248721122741699, "lr": 3.1752514886959244e-05, "seconds": 32.545340355020016, "memory_gb": 10.425317376}
{"event": "TRAIN", "step": 1380, "effective_epoch": 0.03898638919469623, "loss": 2.254237413406372, "grdn": 7.834271430969238, "lr": 3.1486339950378404e-05, "seconds": 39.196494214003906, "memory_gb": 10.425317376}
{"event": "TRAIN", "step": 1390, "effective_epoch": 0.03926889926132446, "loss": 2.2372496128082275, "grdn": 8.166524887084961, "lr": 3.1219411414469685e-05, "seconds": 39.703172491979785, "memory_gb": 10.425317376}
{"event": "TRAIN", "step": 1400, "effective_epoch": 0.039551409327952695, "loss": 2.1354548931121826, "grdn": 7.3094072341918945, "lr": 3.09517628819297e-05, "seconds": 34.64408744801767, "memory_gb": 10.425317376}
{"event": "TRAIN", "step": 1410, "effective_epoch": 0.039833919394580926, "loss": 2.3398168087005615, "grdn": 8.04509162902832, "lr": 3.068342804609294e-05, "seconds": 35.63870358897839, "memory_gb": 10.425317376}
{"event": "TRAIN", "step": 1420, "effective_epoch": 0.04011642946120916, "loss": 2.1436336040496826, "grdn": 7.639382362365723, "lr": 3.0414440686690187e-05, "seconds": 38.049214284983464, "memory_gb": 10.425317376}
{"event": "TRAIN", "step": 1430, "effective_epoch": 0.040398939527837394, "loss": 2.1627447605133057, "grdn": 7.186167240142822, "lr": 3.0144834665596128e-05, "seconds": 37.673227304941975, "memory_gb": 10.425317376}
{"event": "TRAIN", "step": 1440, "effective_epoch": 0.04068144959446563, "loss": 2.1384923458099365, "grdn": 7.163413047790527, "lr": 2.9874643922566603e-05, "seconds": 37.049731070990674, "memory_gb": 10.425317376}
{"event": "TRAIN", "step": 1450, "effective_epoch": 0.04096395966109386, "loss": 2.2142066955566406, "grdn": 6.9059953689575195, "lr": 2.9603902470966045e-05, "seconds": 38.58912254194729, "memory_gb": 10.425317376}
{"event": "TRAIN", "step": 1460, "effective_epoch": 0.04124646972772209, "loss": 2.120363473892212, "grdn": 7.909384250640869, "lr": 2.933264439348566e-05, "seconds": 40.537305161939, "memory_gb": 10.425317376}
{"event": "TRAIN", "step": 1470, "effective_epoch": 0.04152897979435033, "loss": 2.2590739727020264, "grdn": 8.303353309631348, "lr": 2.9060903837852865e-05, "seconds": 32.906685716006905, "memory_gb": 10.425317376}
{"event": "TRAIN", "step": 1480, "effective_epoch": 0.04181148986097856, "loss": 2.115219831466675, "grdn": 7.257806301116943, "lr": 2.8788715012532563e-05, "seconds": 37.079200459993444, "memory_gb": 10.425317376}
{"event": "TRAIN", "step": 1490, "effective_epoch": 0.0420939999276068, "loss": 2.234907865524292, "grdn": 7.812065124511719, "lr": 2.8516112182420755e-05, "seconds": 38.56102531310171, "memory_gb": 10.425317376}
{"event": "TRAIN", "step": 1500, "effective_epoch": 0.04237650999423503, "loss": 2.1572811603546143, "grdn": 7.174797058105469, "lr": 2.8243129664531045e-05, "seconds": 40.33329709502868, "memory_gb": 10.425317376}
{"event": "EVAL", "step": 1500, "effective_epoch": 0.04237650999423503, "train": {"frames": 1792, "episodes": 56, "ce": 1.841980635038843, "mae": 0.006711367899827435, "rmse": 0.009638037033473469, "episode_mae": 0.006711367899827435, "baseline_mae": 0.05248346601729281, "baseline_rmse": 0.06225099910710391, "mae_remaining_seconds": 3.329285902841063, "bias": -0.0024804454578770674, "crps": 0.004948847590380215, "entropy": 2.0853835585793212, "interval90_coverage": 0.953125, "interval90_width": 0.03873604792637967}, "test": {"frames": 1792, "episodes": 56, "ce": 2.481967491397102, "mae": 0.013490235964257278, "rmse": 0.021922786778577123, "episode_mae": 0.013490235964257278, "baseline_mae": 0.05533733551939284, "baseline_rmse": 0.06688020310571469, "mae_remaining_seconds": 6.692056387335894, "bias": 0.001527215608673162, "crps": 0.010174767264451086, "entropy": 2.067947146249935, "interval90_coverage": 0.7745535714285714, "interval90_width": 0.03682756582306216}, "best_step": 1500, "best_episode_mae": 0.013490235964257278, "bad_evaluations": 0}
{"event": "TRAIN", "step": 1510, "effective_epoch": 0.042659020060863265, "loss": 2.1778693199157715, "grdn": 7.145992279052734, "lr": 2.796980182367461e-05, "seconds": 443.4773436440155, "memory_gb": 10.425317376}
{"event": "TRAIN", "step": 1520, "effective_epoch": 0.042941530127491495, "loss": 2.1295273303985596, "grdn": 7.4938201904296875, "lr": 2.769616306813413e-05, "seconds": 38.2638890449889, "memory_gb": 10.425317376}
{"event": "TRAIN", "step": 1530, "effective_epoch": 0.04322404019411973, "loss": 2.19587779045105, "grdn": 8.004049301147461, "lr": 2.742224784533221e-05, "seconds": 38.0950542089995, "memory_gb": 10.425317376}
{"event": "TRAIN", "step": 1540, "effective_epoch": 0.04350655026074796, "loss": 2.1338677406311035, "grdn": 8.061448097229004, "lr": 2.7148090637494978e-05, "seconds": 36.03189811296761, "memory_gb": 10.425317376}
{"event": "TRAIN", "step": 1550, "effective_epoch": 0.04378906032737619, "loss": 2.1556811332702637, "grdn": 7.626157283782959, "lr": 2.6873725957311197e-05, "seconds": 37.58494286797941, "memory_gb": 10.425317376}
{"event": "TRAIN", "step": 1560, "effective_epoch": 0.04407157039400443, "loss": 2.139847755432129, "grdn": 7.159628868103027, "lr": 2.659918834358762e-05, "seconds": 35.21894384000916, "memory_gb": 10.425317376}
{"event": "TRAIN", "step": 1570, "effective_epoch": 0.04435408046063266, "loss": 2.0587921142578125, "grdn": 6.917062282562256, "lr": 2.632451235690096e-05, "seconds": 38.84167245402932, "memory_gb": 10.425317376}
{"event": "TRAIN", "step": 1580, "effective_epoch": 0.0446365905272609, "loss": 2.1016833782196045, "grdn": 6.9311347007751465, "lr": 2.6049732575247227e-05, "seconds": 37.49633860203903, "memory_gb": 10.425317376}
{"event": "TRAIN", "step": 1590, "effective_epoch": 0.04491910059388913, "loss": 2.186652421951294, "grdn": 8.033432006835938, "lr": 2.577488358968883e-05, "seconds": 35.79303047002759, "memory_gb": 10.425317376}
{"event": "TRAIN", "step": 1600, "effective_epoch": 0.045201610660517366, "loss": 2.1959540843963623, "grdn": 8.173269271850586, "lr": 2.550000000000001e-05, "seconds": 36.734285902115516, "memory_gb": 10.425317376}
{"event": "TRAIN", "step": 1610, "effective_epoch": 0.0454841207271456, "loss": 2.020512342453003, "grdn": 7.472574710845947, "lr": 2.522511641031118e-05, "seconds": 34.764839873998426, "memory_gb": 10.425317376}
{"event": "TRAIN", "step": 1620, "effective_epoch": 0.045766630793773834, "loss": 2.0470175743103027, "grdn": 7.441842555999756, "lr": 2.4950267424752783e-05, "seconds": 39.147014624089934, "memory_gb": 10.425317376}
{"event": "TRAIN", "step": 1630, "effective_epoch": 0.046049140860402064, "loss": 2.0397799015045166, "grdn": 7.536611080169678, "lr": 2.4675487643099047e-05, "seconds": 41.3336018420523, "memory_gb": 10.425317376}
{"event": "TRAIN", "step": 1640, "effective_epoch": 0.0463316509270303, "loss": 2.0584583282470703, "grdn": 7.931333065032959, "lr": 2.440081165641239e-05, "seconds": 37.74384715501219, "memory_gb": 10.425317376}
{"event": "TRAIN", "step": 1650, "effective_epoch": 0.04661416099365853, "loss": 2.2061195373535156, "grdn": 8.301936149597168, "lr": 2.4126274042688806e-05, "seconds": 36.60089953499846, "memory_gb": 10.425317376}
{"event": "TRAIN", "step": 1660, "effective_epoch": 0.04689667106028676, "loss": 2.1537814140319824, "grdn": 8.526575088500977, "lr": 2.3851909362505025e-05, "seconds": 41.02963656396605, "memory_gb": 10.425317376}
{"event": "TRAIN", "step": 1670, "effective_epoch": 0.047179181126915, "loss": 2.120710849761963, "grdn": 7.901739597320557, "lr": 2.3577752154667805e-05, "seconds": 36.910384465008974, "memory_gb": 10.425317376}
{"event": "TRAIN", "step": 1680, "effective_epoch": 0.04746169119354323, "loss": 2.1199660301208496, "grdn": 7.848651885986328, "lr": 2.330383693186589e-05, "seconds": 35.70453055202961, "memory_gb": 10.425317376}
{"event": "TRAIN", "step": 1690, "effective_epoch": 0.04774420126017147, "loss": 2.1306381225585938, "grdn": 8.364165306091309, "lr": 2.3030198176325395e-05, "seconds": 35.86257272702642, "memory_gb": 10.425317376}
{"event": "TRAIN", "step": 1700, "effective_epoch": 0.0480267113267997, "loss": 2.1418423652648926, "grdn": 8.013572692871094, "lr": 2.275687033546896e-05, "seconds": 35.58407728897873, "memory_gb": 10.425317376}
{"event": "TRAIN", "step": 1710, "effective_epoch": 0.048309221393427935, "loss": 2.1802725791931152, "grdn": 8.079124450683594, "lr": 2.248388781757926e-05, "seconds": 36.09056973399129, "memory_gb": 10.425317376}
{"event": "TRAIN", "step": 1720, "effective_epoch": 0.048591731460056166, "loss": 2.154635429382324, "grdn": 8.175992012023926, "lr": 2.2211284987467447e-05, "seconds": 33.98987453302834, "memory_gb": 10.425317376}
{"event": "TRAIN", "step": 1730, "effective_epoch": 0.0488742415266844, "loss": 2.062130928039551, "grdn": 7.706308841705322, "lr": 2.193909616214714e-05, "seconds": 36.04735123203136, "memory_gb": 10.425317376}
{"event": "TRAIN", "step": 1740, "effective_epoch": 0.049156751593312634, "loss": 2.037121295928955, "grdn": 7.511251926422119, "lr": 2.1667355606514343e-05, "seconds": 34.41029098199215, "memory_gb": 10.425317376}
{"event": "TRAIN", "step": 1750, "effective_epoch": 0.049439261659940864, "loss": 2.081585645675659, "grdn": 8.076654434204102, "lr": 2.1396097529033965e-05, "seconds": 40.08266724192072, "memory_gb": 10.425317376}
{"event": "EVAL", "step": 1750, "effective_epoch": 0.049439261659940864, "train": {"frames": 1792, "episodes": 56, "ce": 1.8680841741817338, "mae": 0.006298629097727826, "rmse": 0.009681783480467441, "episode_mae": 0.006298629097727826, "baseline_mae": 0.05248346601729281, "baseline_rmse": 0.06225099910710391, "mae_remaining_seconds": 3.124539941079517, "bias": 0.0017965635223455528, "crps": 0.004507704464978295, "entropy": 1.9438093065816378, "interval90_coverage": 0.9268973214285714, "interval90_width": 0.03138113759632688}, "test": {"frames": 1792, "episodes": 56, "ce": 2.546807457692921, "mae": 0.013148577892154987, "rmse": 0.022047300773474405, "episode_mae": 0.013148577892154987, "baseline_mae": 0.05533733551939284, "baseline_rmse": 0.06688020310571469, "mae_remaining_seconds": 6.522571206368351, "bias": 0.004766276003335536, "crps": 0.009995478774206796, "entropy": 1.9331438563697572, "interval90_coverage": 0.7477678571428571, "interval90_width": 0.031018414226959327}, "best_step": 1750, "best_episode_mae": 0.013148577892154987, "bad_evaluations": 0}
{"event": "TRAIN", "step": 1760, "effective_epoch": 0.0497217717265691, "loss": 2.1528754234313965, "grdn": 8.410637855529785, "lr": 2.1125356077433406e-05, "seconds": 435.0996814779937, "memory_gb": 10.425317376}
{"event": "TRAIN", "step": 1770, "effective_epoch": 0.05000428179319733, "loss": 2.0327091217041016, "grdn": 7.808633327484131, "lr": 2.0855165334403875e-05, "seconds": 35.376652339007705, "memory_gb": 10.425317376}
{"event": "TRAIN", "step": 1780, "effective_epoch": 0.05028679185982557, "loss": 2.106459856033325, "grdn": 7.5140509605407715, "lr": 2.0585559313309823e-05, "seconds": 37.18287073401734, "memory_gb": 10.425317376}
{"event": "TRAIN", "step": 1790, "effective_epoch": 0.0505693019264538, "loss": 2.137977123260498, "grdn": 8.778160095214844, "lr": 2.031657195390707e-05, "seconds": 41.80215054296423, "memory_gb": 10.425317376}
{"event": "TRAIN", "step": 1800, "effective_epoch": 0.05085181199308204, "loss": 2.0107128620147705, "grdn": 8.085638999938965, "lr": 2.00482371180703e-05, "seconds": 32.943035322008654, "memory_gb": 10.425317376}
{"event": "TRAIN", "step": 1810, "effective_epoch": 0.05113432205971027, "loss": 2.0545592308044434, "grdn": 7.856139183044434, "lr": 1.978058858553032e-05, "seconds": 42.072766792960465, "memory_gb": 10.425317376}
{"event": "TRAIN", "step": 1820, "effective_epoch": 0.051416832126338505, "loss": 2.0179429054260254, "grdn": 7.672931671142578, "lr": 1.9513660049621606e-05, "seconds": 40.66817607101984, "memory_gb": 10.425317376}
{"event": "TRAIN", "step": 1830, "effective_epoch": 0.051699342192966735, "loss": 1.93536376953125, "grdn": 7.110012054443359, "lr": 1.9247485113040766e-05, "seconds": 39.10168406297453, "memory_gb": 10.425317376}
{"event": "TRAIN", "step": 1840, "effective_epoch": 0.051981852259594966, "loss": 2.0009236335754395, "grdn": 7.0553131103515625, "lr": 1.8982097283616464e-05, "seconds": 38.1482285480015, "memory_gb": 10.425317376}
{"event": "TRAIN", "step": 1850, "effective_epoch": 0.0522643623262232, "loss": 2.029332399368286, "grdn": 7.807473659515381, "lr": 1.871752997009119e-05, "seconds": 39.57973971904721, "memory_gb": 10.425317376}
{"event": "TRAIN", "step": 1860, "effective_epoch": 0.05254687239285143, "loss": 2.052851915359497, "grdn": 7.682582855224609, "lr": 1.8453816477915582e-05, "seconds": 35.30783947405871, "memory_gb": 10.425317376}
{"event": "TRAIN", "step": 1870, "effective_epoch": 0.05282938245947967, "loss": 2.0335659980773926, "grdn": 7.2740373611450195, "lr": 1.819099000505568e-05, "seconds": 33.00590976700187, "memory_gb": 10.425317376}
{"event": "TRAIN", "step": 1880, "effective_epoch": 0.0531118925261079, "loss": 1.999934196472168, "grdn": 6.8171257972717285, "lr": 1.792908363781379e-05, "seconds": 34.69483228598256, "memory_gb": 10.425317376}
{"event": "TRAIN", "step": 1890, "effective_epoch": 0.05339440259273614, "loss": 1.920583724975586, "grdn": 6.9968132972717285, "lr": 1.7668130346663358e-05, "seconds": 39.709014175925404, "memory_gb": 10.425317376}
{"event": "TRAIN", "step": 1900, "effective_epoch": 0.05367691265936437, "loss": 1.9442150592803955, "grdn": 7.080609321594238, "lr": 1.7408162982098415e-05, "seconds": 38.80813549796585, "memory_gb": 10.425317376}
{"event": "TRAIN", "step": 1910, "effective_epoch": 0.053959422725992606, "loss": 1.9732354879379272, "grdn": 7.225660800933838, "lr": 1.7149214270498146e-05, "seconds": 38.703961969935335, "memory_gb": 10.425317376}
{"event": "TRAIN", "step": 1920, "effective_epoch": 0.05424193279262084, "loss": 2.02457857131958, "grdn": 8.07364559173584, "lr": 1.689131681000711e-05, "seconds": 39.76873615197837, "memory_gb": 10.425317376}
{"event": "TRAIN", "step": 1930, "effective_epoch": 0.054524442859249074, "loss": 2.033592462539673, "grdn": 8.548622131347656, "lr": 1.6634503066431533e-05, "seconds": 38.76540398597717, "memory_gb": 10.425317376}
{"event": "TRAIN", "step": 1940, "effective_epoch": 0.054806952925877304, "loss": 2.0670504570007324, "grdn": 8.776599884033203, "lr": 1.6378805369152344e-05, "seconds": 37.47694532899186, "memory_gb": 10.425317376}
{"event": "TRAIN", "step": 1950, "effective_epoch": 0.055089462992505535, "loss": 1.9996179342269897, "grdn": 8.097311019897461, "lr": 1.6124255907055302e-05, "seconds": 35.51162304694299, "memory_gb": 10.425317376}
{"event": "TRAIN", "step": 1960, "effective_epoch": 0.05537197305913377, "loss": 1.9371258020401, "grdn": 8.501923561096191, "lr": 1.587088672447887e-05, "seconds": 36.44083406997379, "memory_gb": 10.425317376}
{"event": "TRAIN", "step": 1970, "effective_epoch": 0.055654483125762, "loss": 1.9964851140975952, "grdn": 8.238252639770508, "lr": 1.561872971718028e-05, "seconds": 38.12680608499795, "memory_gb": 10.425317376}
{"event": "TRAIN", "step": 1980, "effective_epoch": 0.05593699319239024, "loss": 2.153794527053833, "grdn": 9.144928932189941, "lr": 1.536781662832025e-05, "seconds": 38.36573925497942, "memory_gb": 10.425317376}
{"event": "TRAIN", "step": 1990, "effective_epoch": 0.05621950325901847, "loss": 2.001605749130249, "grdn": 7.911616325378418, "lr": 1.511817904446698e-05, "seconds": 38.04423692205455, "memory_gb": 10.425317376}
{"event": "TRAIN", "step": 2000, "effective_epoch": 0.05650201332564671, "loss": 1.9273707866668701, "grdn": 7.366999626159668, "lr": 1.486984839161983e-05, "seconds": 42.734790084999986, "memory_gb": 10.425317376}
{"event": "EVAL", "step": 2000, "effective_epoch": 0.05650201332564671, "train": {"frames": 1792, "episodes": 56, "ce": 1.6539402801842829, "mae": 0.0052488277458126375, "rmse": 0.0083114177713076, "episode_mae": 0.0052488277458126375, "baseline_mae": 0.05248346601729281, "baseline_rmse": 0.06225099910710391, "mae_remaining_seconds": 2.603768483772789, "bias": -0.001990046846783246, "crps": 0.0040682181831195, "entropy": 1.9289120823876666, "interval90_coverage": 0.9614955357142857, "interval90_width": 0.03159040096787586}, "test": {"frames": 1792, "episodes": 56, "ce": 2.5886832208239605, "mae": 0.01306774849334553, "rmse": 0.020589340416288744, "episode_mae": 0.01306774849334553, "baseline_mae": 0.05533733551939284, "baseline_rmse": 0.06688020310571469, "mae_remaining_seconds": 6.482474435932272, "bias": 0.000985277585251814, "crps": 0.010104357720211152, "entropy": 1.9174233820355897, "interval90_coverage": 0.7098214285714286, "interval90_width": 0.030694753665427146}, "best_step": 2000, "best_episode_mae": 0.01306774849334553, "bad_evaluations": 0}
{"event": "TRAIN", "step": 2010, "effective_epoch": 0.05678452339227494, "loss": 1.9162410497665405, "grdn": 7.897050380706787, "lr": 1.4622855931253193e-05, "seconds": 432.75713161798194, "memory_gb": 10.425317376}
{"event": "TRAIN", "step": 2020, "effective_epoch": 0.057067033458903176, "loss": 1.9347326755523682, "grdn": 8.198351860046387, "lr": 1.4377232756381107e-05, "seconds": 37.312956781941466, "memory_gb": 10.425317376}
{"event": "TRAIN", "step": 2030, "effective_epoch": 0.057349543525531406, "loss": 1.9609472751617432, "grdn": 8.393667221069336, "lr": 1.413300978764307e-05, "seconds": 38.54347960394807, "memory_gb": 10.425317376}
{"event": "TRAIN", "step": 2040, "effective_epoch": 0.057632053592159636, "loss": 1.9797403812408447, "grdn": 8.512290000915527, "lr": 1.3890217769411535e-05, "seconds": 39.144713936024345, "memory_gb": 10.425317376}
{"event": "TRAIN", "step": 2050, "effective_epoch": 0.057914563658787874, "loss": 1.9289077520370483, "grdn": 7.996494293212891, "lr": 1.3648887265921627e-05, "seconds": 37.9293468069518, "memory_gb": 10.425317376}
{"event": "TRAIN", "step": 2060, "effective_epoch": 0.058197073725416104, "loss": 1.8497260808944702, "grdn": 7.285785675048828, "lr": 1.3409048657423503e-05, "seconds": 39.733496794942766, "memory_gb": 10.425317376}
{"event": "TRAIN", "step": 2070, "effective_epoch": 0.05847958379204434, "loss": 1.952795386314392, "grdn": 8.08984088897705, "lr": 1.3170732136357902e-05, "seconds": 36.00406986498274, "memory_gb": 10.425317376}
{"event": "TRAIN", "step": 2080, "effective_epoch": 0.05876209385867257, "loss": 1.9102354049682617, "grdn": 8.292311668395996, "lr": 1.2933967703555305e-05, "seconds": 37.12907756189816, "memory_gb": 10.425317376}
{"event": "TRAIN", "step": 2090, "effective_epoch": 0.05904460392530081, "loss": 1.8629236221313477, "grdn": 8.194313049316406, "lr": 1.2698785164459256e-05, "seconds": 44.50151248194743, "memory_gb": 10.425317376}
{"event": "TRAIN", "step": 2100, "effective_epoch": 0.05932711399192904, "loss": 1.8778680562973022, "grdn": 7.343642234802246, "lr": 1.2465214125374258e-05, "seconds": 35.1982699240325, "memory_gb": 10.425317376}
{"event": "TRAIN", "step": 2110, "effective_epoch": 0.05960962405855728, "loss": 1.9177207946777344, "grdn": 8.000166893005371, "lr": 1.2233283989738723e-05, "seconds": 37.076178460964, "memory_gb": 10.425317376}
{"event": "TRAIN", "step": 2120, "effective_epoch": 0.05989213412518551, "loss": 1.9048458337783813, "grdn": 7.818525791168213, "lr": 1.2003023954423492e-05, "seconds": 39.683190868003294, "memory_gb": 10.425317376}
{"event": "TRAIN", "step": 2130, "effective_epoch": 0.06017464419181374, "loss": 1.842736840248108, "grdn": 7.8269500732421875, "lr": 1.1774463006056334e-05, "seconds": 33.034087816951796, "memory_gb": 10.425317376}
{"event": "TRAIN", "step": 2140, "effective_epoch": 0.060457154258441975, "loss": 1.8422313928604126, "grdn": 7.898621559143066, "lr": 1.1547629917372928e-05, "seconds": 35.54784515895881, "memory_gb": 10.425317376}
{"event": "TRAIN", "step": 2150, "effective_epoch": 0.060739664325070206, "loss": 1.9130661487579346, "grdn": 7.707791328430176, "lr": 1.1322553243594762e-05, "seconds": 35.458002395927906, "memory_gb": 10.425317376}
{"event": "TRAIN", "step": 2160, "effective_epoch": 0.06102217439169844, "loss": 1.9382400512695312, "grdn": 7.281394958496094, "lr": 1.1099261318834413e-05, "seconds": 37.114048133953474, "memory_gb": 10.425317376}
{"event": "TRAIN", "step": 2170, "effective_epoch": 0.06130468445832667, "loss": 1.9016956090927124, "grdn": 7.575295448303223, "lr": 1.0877782252528664e-05, "seconds": 34.79696441697888, "memory_gb": 10.425317376}
{"event": "TRAIN", "step": 2180, "effective_epoch": 0.06158719452495491, "loss": 1.8985592126846313, "grdn": 8.319873809814453, "lr": 1.0658143925899917e-05, "seconds": 36.79820414993446, "memory_gb": 10.425317376}
{"event": "TRAIN", "step": 2190, "effective_epoch": 0.06186970459158314, "loss": 1.8800086975097656, "grdn": 7.49138879776001, "lr": 1.0440373988446311e-05, "seconds": 33.57966522895731, "memory_gb": 10.425317376}
{"event": "TRAIN", "step": 2200, "effective_epoch": 0.06215221465821138, "loss": 1.8843940496444702, "grdn": 7.76703405380249, "lr": 1.022449985446103e-05, "seconds": 41.52227112103719, "memory_gb": 10.425317376}
{"event": "TRAIN", "step": 2210, "effective_epoch": 0.06243472472483961, "loss": 1.9192920923233032, "grdn": 7.466822624206543, "lr": 1.0010548699581216e-05, "seconds": 36.07134894200135, "memory_gb": 10.425317376}
{"event": "TRAIN", "step": 2220, "effective_epoch": 0.06271723479146785, "loss": 1.7698876857757568, "grdn": 6.974096775054932, "lr": 9.79854745736691e-06, "seconds": 34.226339961984195, "memory_gb": 10.425317376}
{"event": "TRAIN", "step": 2230, "effective_epoch": 0.06299974485809608, "loss": 1.8281886577606201, "grdn": 7.456509590148926, "lr": 9.588522815910505e-06, "seconds": 33.40094034699723, "memory_gb": 10.425317376}
{"event": "TRAIN", "step": 2240, "effective_epoch": 0.06328225492472431, "loss": 1.8802751302719116, "grdn": 8.115846633911133, "lr": 9.380501214477044e-06, "seconds": 37.84518157504499, "memory_gb": 10.425317376}
{"event": "TRAIN", "step": 2250, "effective_epoch": 0.06356476499135254, "loss": 1.9403152465820312, "grdn": 7.8782501220703125, "lr": 9.174508840175906e-06, "seconds": 34.07705065398477, "memory_gb": 10.425317376}
{"event": "EVAL", "step": 2250, "effective_epoch": 0.06356476499135254, "train": {"frames": 1792, "episodes": 56, "ce": 1.5903908591052252, "mae": 0.0048466157465684645, "rmse": 0.006766424716442915, "episode_mae": 0.0048466157465684645, "baseline_mae": 0.05248346601729281, "baseline_rmse": 0.06225099910710391, "mae_remaining_seconds": 2.404244518014396, "bias": -0.0023678819562909276, "crps": 0.003925745925089684, "entropy": 1.8376895652950875, "interval90_coverage": 0.9475446428571429, "interval90_width": 0.028613280628113507}, "test": {"frames": 1792, "episodes": 56, "ce": 2.694579729743834, "mae": 0.01309238646808808, "rmse": 0.02068940642044132, "episode_mae": 0.01309238646808808, "baseline_mae": 0.05533733551939284, "baseline_rmse": 0.06688020310571469, "mae_remaining_seconds": 6.494696513936227, "bias": 0.0011341380680148308, "crps": 0.010356717261751263, "entropy": 1.8227066496121032, "interval90_coverage": 0.6534598214285714, "interval90_width": 0.02773437419715005}, "best_step": 2000, "best_episode_mae": 0.01306774849334553, "bad_evaluations": 1}
{"event": "TRAIN", "step": 2260, "effective_epoch": 0.06384727505798078, "loss": 1.8444058895111084, "grdn": 7.657204627990723, "lr": 8.97057162466418e-06, "seconds": 432.28897184098605, "memory_gb": 10.425317376}
{"event": "TRAIN", "step": 2270, "effective_epoch": 0.06412978512460901, "loss": 1.808593988418579, "grdn": 7.727008819580078, "lr": 8.768715240882232e-06, "seconds": 40.36737244098913, "memory_gb": 10.425317376}
{"event": "TRAIN", "step": 2280, "effective_epoch": 0.06441229519123724, "loss": 1.7290843725204468, "grdn": 7.3947858810424805, "lr": 8.568965099821818e-06, "seconds": 37.958305945037864, "memory_gb": 10.425317376}
{"event": "TRAIN", "step": 2290, "effective_epoch": 0.06469480525786547, "loss": 1.7895777225494385, "grdn": 8.244219779968262, "lr": 8.371346347327195e-06, "seconds": 32.74701776402071, "memory_gb": 10.425317376}
{"event": "TRAIN", "step": 2300, "effective_epoch": 0.06497731532449372, "loss": 1.7944602966308594, "grdn": 7.11597204208374, "lr": 8.175883860929588e-06, "seconds": 36.67694404791109, "memory_gb": 10.425317376}
{"event": "TRAIN", "step": 2310, "effective_epoch": 0.06525982539112195, "loss": 1.7972450256347656, "grdn": 7.056456565856934, "lr": 7.982602246715455e-06, "seconds": 35.33252074604388, "memory_gb": 10.425317376}
{"event": "TRAIN", "step": 2320, "effective_epoch": 0.06554233545775018, "loss": 1.864249587059021, "grdn": 7.901187896728516, "lr": 7.79152583622891e-06, "seconds": 37.56467031710781, "memory_gb": 10.425317376}
{"event": "TRAIN", "step": 2330, "effective_epoch": 0.06582484552437841, "loss": 1.702959418296814, "grdn": 6.9293365478515625, "lr": 7.602678683408702e-06, "seconds": 32.53379085496999, "memory_gb": 10.425317376}
{"event": "TRAIN", "step": 2340, "effective_epoch": 0.06610735559100664, "loss": 1.759971261024475, "grdn": 7.117524147033691, "lr": 7.416084561560157e-06, "seconds": 34.21669590298552, "memory_gb": 10.425317376}
{"event": "TRAIN", "step": 2350, "effective_epoch": 0.06638986565763488, "loss": 1.7802454233169556, "grdn": 7.852036952972412, "lr": 7.231766960362443e-06, "seconds": 36.47967198793776, "memory_gb": 10.425317376}
{"event": "TRAIN", "step": 2360, "effective_epoch": 0.06667237572426311, "loss": 1.7302730083465576, "grdn": 8.194880485534668, "lr": 7.049749082911534e-06, "seconds": 38.54723800695501, "memory_gb": 10.425317376}
{"event": "TRAIN", "step": 2370, "effective_epoch": 0.06695488579089134, "loss": 1.845738172531128, "grdn": 8.012633323669434, "lr": 6.870053842799242e-06, "seconds": 43.15796466800384, "memory_gb": 10.425317376}
{"event": "TRAIN", "step": 2380, "effective_epoch": 0.06723739585751957, "loss": 1.8430343866348267, "grdn": 8.40920639038086, "lr": 6.692703861228728e-06, "seconds": 41.18273324193433, "memory_gb": 10.425317376}
{"event": "TRAIN", "step": 2390, "effective_epoch": 0.06751990592414782, "loss": 1.7310044765472412, "grdn": 7.4568328857421875, "lr": 6.5177214641667785e-06, "seconds": 37.52135430299677, "memory_gb": 10.425317376}
{"event": "TRAIN", "step": 2400, "effective_epoch": 0.06780241599077605, "loss": 1.8158985376358032, "grdn": 7.610317230224609, "lr": 6.34512867953327e-06, "seconds": 33.69381454598624, "memory_gb": 10.425317376}
{"event": "TRAIN", "step": 2410, "effective_epoch": 0.06808492605740428, "loss": 1.747562050819397, "grdn": 7.703428745269775, "lr": 6.174947234428171e-06, "seconds": 34.932501564966515, "memory_gb": 10.425317376}
{"event": "TRAIN", "step": 2420, "effective_epoch": 0.06836743612403251, "loss": 1.7551155090332031, "grdn": 7.5404372215271, "lr": 6.007198552396368e-06, "seconds": 40.44265566801187, "memory_gb": 10.425317376}
{"event": "TRAIN", "step": 2430, "effective_epoch": 0.06864994619066074, "loss": 1.79486882686615, "grdn": 7.383645057678223, "lr": 5.8419037507307414e-06, "seconds": 39.09337255207356, "memory_gb": 10.425317376}
{"event": "TRAIN", "step": 2440, "effective_epoch": 0.06893245625728898, "loss": 1.7856324911117554, "grdn": 7.828685760498047, "lr": 5.6790836378137905e-06, "seconds": 39.880691035068594, "memory_gb": 10.425317376}
{"event": "TRAIN", "step": 2450, "effective_epoch": 0.06921496632391722, "loss": 1.744584083557129, "grdn": 7.289311408996582, "lr": 5.5187587104981265e-06, "seconds": 35.68350427807309, "memory_gb": 10.425317376}
{"event": "TRAIN", "step": 2460, "effective_epoch": 0.06949747639054545, "loss": 1.7653144598007202, "grdn": 7.294765472412109, "lr": 5.36094915152621e-06, "seconds": 37.97349478199612, "memory_gb": 10.425317376}
{"event": "TRAIN", "step": 2470, "effective_epoch": 0.06977998645717368, "loss": 1.8326294422149658, "grdn": 7.6252946853637695, "lr": 5.205674826989598e-06, "seconds": 35.59894154896028, "memory_gb": 10.425317376}
{"event": "TRAIN", "step": 2480, "effective_epoch": 0.07006249652380192, "loss": 1.727134346961975, "grdn": 7.450068473815918, "lr": 5.052955283828085e-06, "seconds": 36.78001252003014, "memory_gb": 10.425317376}
{"event": "TRAIN", "step": 2490, "effective_epoch": 0.07034500659043015, "loss": 1.8670580387115479, "grdn": 8.127779006958008, "lr": 4.902809747369013e-06, "seconds": 34.73895773908589, "memory_gb": 10.425317376}
{"event": "TRAIN", "step": 2500, "effective_epoch": 0.07062751665705838, "loss": 1.8457176685333252, "grdn": 7.689024448394775, "lr": 4.755257118907039e-06, "seconds": 35.103339630994014, "memory_gb": 10.425317376}
{"event": "EVAL", "step": 2500, "effective_epoch": 0.07062751665705838, "train": {"frames": 1792, "episodes": 56, "ce": 1.508176626354855, "mae": 0.004021278712051364, "rmse": 0.006686732456258945, "episode_mae": 0.004021278712051364, "baseline_mae": 0.05248346601729281, "baseline_rmse": 0.06225099910710391, "mae_remaining_seconds": 1.9948223264249465, "bias": 5.5333190305516056e-05, "crps": 0.003130263917317474, "entropy": 1.7750382341577537, "interval90_coverage": 0.9631696428571429, "interval90_width": 0.02661830282626657}, "test": {"frames": 1792, "episodes": 56, "ce": 2.634750931357433, "mae": 0.012723032400962049, "rmse": 0.021139765460306638, "episode_mae": 0.012723032400962049, "baseline_mae": 0.05533733551939284, "baseline_rmse": 0.06688020310571469, "mae_remaining_seconds": 6.31147227303724, "bias": 0.0033530525025915786, "crps": 0.01002813913126894, "entropy": 1.7623016729152627, "interval90_coverage": 0.6796875, "interval90_width": 0.025915177742717788}, "best_step": 2500, "best_episode_mae": 0.012723032400962049, "bad_evaluations": 0}
{"event": "TRAIN", "step": 2510, "effective_epoch": 0.07091002672368661, "loss": 1.7292811870574951, "grdn": 7.032702445983887, "lr": 4.610315973324742e-06, "seconds": 431.07797632494476, "memory_gb": 10.425317376}
{"event": "TRAIN", "step": 2520, "effective_epoch": 0.07119253679031484, "loss": 1.7332576513290405, "grdn": 7.3722968101501465, "lr": 4.4680045567542806e-06, "seconds": 40.76805535890162, "memory_gb": 10.425317376}
{"event": "TRAIN", "step": 2530, "effective_epoch": 0.07147504685694309, "loss": 1.7843166589736938, "grdn": 7.672555446624756, "lr": 4.328340784280463e-06, "seconds": 39.13535596698057, "memory_gb": 10.425317376}
{"event": "TRAIN", "step": 2540, "effective_epoch": 0.07175755692357132, "loss": 1.666387915611267, "grdn": 7.191460609436035, "lr": 4.191342237685465e-06, "seconds": 36.66989929706324, "memory_gb": 10.425317376}
{"event": "TRAIN", "step": 2550, "effective_epoch": 0.07204006699019955, "loss": 1.7728493213653564, "grdn": 7.7135796546936035, "lr": 4.057026163235535e-06, "seconds": 34.97711252095178, "memory_gb": 10.425317376}
{"event": "TRAIN", "step": 2560, "effective_epoch": 0.07232257705682778, "loss": 1.772696852684021, "grdn": 8.15419864654541, "lr": 3.925409469509919e-06, "seconds": 35.05734370602295, "memory_gb": 10.425317376}
{"event": "TRAIN", "step": 2570, "effective_epoch": 0.07260508712345602, "loss": 1.7151563167572021, "grdn": 7.366761684417725, "lr": 3.796508725272295e-06, "seconds": 38.95638282701839, "memory_gb": 10.425317376}
{"event": "TRAIN", "step": 2580, "effective_epoch": 0.07288759719008425, "loss": 1.7330152988433838, "grdn": 7.60153341293335, "lr": 3.6703401573849893e-06, "seconds": 36.94953174702823, "memory_gb": 10.425317376}
{"event": "TRAIN", "step": 2590, "effective_epoch": 0.07317010725671248, "loss": 1.7181819677352905, "grdn": 7.489603519439697, "lr": 3.5469196487662345e-06, "seconds": 39.71326206903905, "memory_gb": 10.425317376}
{"event": "TRAIN", "step": 2600, "effective_epoch": 0.07345261732334071, "loss": 1.7367054224014282, "grdn": 7.801096439361572, "lr": 3.426262736390734e-06, "seconds": 42.519752291962504, "memory_gb": 10.425317376}
{"event": "TRAIN", "step": 2610, "effective_epoch": 0.07373512738996894, "loss": 1.7930101156234741, "grdn": 7.7948431968688965, "lr": 3.308384609333746e-06, "seconds": 38.12919814197812, "memory_gb": 10.425317376}
{"event": "TRAIN", "step": 2620, "effective_epoch": 0.07401763745659719, "loss": 1.7096970081329346, "grdn": 7.446858882904053, "lr": 3.1933001068590114e-06, "seconds": 42.16735605301801, "memory_gb": 10.425317376}
{"event": "TRAIN", "step": 2630, "effective_epoch": 0.07430014752322542, "loss": 1.7427148818969727, "grdn": 7.913110256195068, "lr": 3.0810237165506645e-06, "seconds": 41.85404721496161, "memory_gb": 10.425317376}
{"event": "TRAIN", "step": 2640, "effective_epoch": 0.07458265758985365, "loss": 1.7791073322296143, "grdn": 7.5102128982543945, "lr": 2.971569572489461e-06, "seconds": 36.54491921304725, "memory_gb": 10.425317376}
{"event": "TRAIN", "step": 2650, "effective_epoch": 0.07486516765648188, "loss": 1.7696502208709717, "grdn": 7.823790073394775, "lr": 2.864951453473475e-06, "seconds": 43.056236754055135, "memory_gb": 10.425317376}
{"event": "TRAIN", "step": 2660, "effective_epoch": 0.07514767772311012, "loss": 1.7055766582489014, "grdn": 7.705863952636719, "lr": 2.7611827812835485e-06, "seconds": 39.543142976937816, "memory_gb": 10.425317376}
{"event": "TRAIN", "step": 2670, "effective_epoch": 0.07543018778973835, "loss": 1.774134874343872, "grdn": 7.551295280456543, "lr": 2.660276618993652e-06, "seconds": 34.827984684030525, "memory_gb": 10.425317376}
{"event": "TRAIN", "step": 2680, "effective_epoch": 0.07571269785636658, "loss": 1.683553695678711, "grdn": 7.530251502990723, "lr": 2.5622456693264386e-06, "seconds": 32.942324031027965, "memory_gb": 10.425317376}
{"event": "TRAIN", "step": 2690, "effective_epoch": 0.07599520792299481, "loss": 1.7259085178375244, "grdn": 7.484810829162598, "lr": 2.4671022730541336e-06, "seconds": 39.23237430700101, "memory_gb": 10.425317376}
{"event": "TRAIN", "step": 2700, "effective_epoch": 0.07627771798962306, "loss": 1.7682300806045532, "grdn": 7.606076717376709, "lr": 2.3748584074449946e-06, "seconds": 32.55306228797417, "memory_gb": 10.425317376}
{"event": "TRAIN", "step": 2710, "effective_epoch": 0.07656022805625129, "loss": 1.7059953212738037, "grdn": 7.610539436340332, "lr": 2.285525684755546e-06, "seconds": 39.61830214690417, "memory_gb": 10.425317376}
{"event": "TRAIN", "step": 2720, "effective_epoch": 0.07684273812287952, "loss": 1.7216236591339111, "grdn": 7.403420448303223, "lr": 2.1991153507687385e-06, "seconds": 36.2049661569763, "memory_gb": 10.425317376}
{"event": "TRAIN", "step": 2730, "effective_epoch": 0.07712524818950775, "loss": 1.6557422876358032, "grdn": 7.0514044761657715, "lr": 2.1156382833782724e-06, "seconds": 34.621737980050966, "memory_gb": 10.425317376}
{"event": "TRAIN", "step": 2740, "effective_epoch": 0.07740775825613598, "loss": 1.788266897201538, "grdn": 7.628236293792725, "lr": 2.035104991219204e-06, "seconds": 34.71072833996732, "memory_gb": 10.425317376}
{"event": "TRAIN", "step": 2750, "effective_epoch": 0.07769026832276422, "loss": 1.733921766281128, "grdn": 7.493128776550293, "lr": 1.9575256123450626e-06, "seconds": 33.99633860809263, "memory_gb": 10.425317376}
{"event": "EVAL", "step": 2750, "effective_epoch": 0.07769026832276422, "train": {"frames": 1792, "episodes": 56, "ce": 1.4481715352906446, "mae": 0.0037745180562913966, "rmse": 0.005465926557699941, "episode_mae": 0.0037745180562913966, "baseline_mae": 0.05248346601729281, "baseline_rmse": 0.06225099910710391, "mae_remaining_seconds": 1.8724125904576188, "bias": -0.0007397265821314899, "crps": 0.003111240954443214, "entropy": 1.7431956913455255, "interval90_coverage": 0.9642857142857143, "interval90_width": 0.025594307321236038}, "test": {"frames": 1792, "episodes": 56, "ce": 2.695263918555741, "mae": 0.012748185547284916, "rmse": 0.020781582731598608, "episode_mae": 0.012748185547284916, "baseline_mae": 0.05533733551939284, "baseline_rmse": 0.06688020310571469, "mae_remaining_seconds": 6.323949910489803, "bias": 0.002483499275902951, "crps": 0.010161874815399383, "entropy": 1.7296937337876963, "interval90_coverage": 0.6422991071428571, "interval90_width": 0.024718191265752205}, "best_step": 2500, "best_episode_mae": 0.012723032400962049, "bad_evaluations": 1}
{"event": "TRAIN", "step": 2760, "effective_epoch": 0.07797277838939246, "loss": 1.710309624671936, "grdn": 7.665738105773926, "lr": 1.8829099129515955e-06, "seconds": 433.824983502971, "memory_gb": 10.425317376}
{"event": "TRAIN", "step": 2770, "effective_epoch": 0.07825528845602069, "loss": 1.6804145574569702, "grdn": 7.334382057189941, "lr": 1.811267286147344e-06, "seconds": 33.944700668915175, "memory_gb": 10.425317376}
{"event": "TRAIN", "step": 2780, "effective_epoch": 0.07853779852264892, "loss": 1.6965830326080322, "grdn": 7.633002281188965, "lr": 1.7426067507711716e-06, "seconds": 35.567701791995205, "memory_gb": 10.425317376}
{"event": "TRAIN", "step": 2790, "effective_epoch": 0.07882030858927716, "loss": 1.6578729152679443, "grdn": 7.884570121765137, "lr": 1.6769369502569243e-06, "seconds": 42.401012354996055, "memory_gb": 10.425317376}
{"event": "TRAIN", "step": 2800, "effective_epoch": 0.07910281865590539, "loss": 1.680977463722229, "grdn": 7.29748010635376, "lr": 1.6142661515453214e-06, "seconds": 37.384278503013775, "memory_gb": 10.425317376}
{"event": "TRAIN", "step": 2810, "effective_epoch": 0.07938532872253362, "loss": 1.7082675695419312, "grdn": 8.060892105102539, "lr": 1.5546022440432813e-06, "seconds": 38.66314350801986, "memory_gb": 10.425317376}
{"event": "TRAIN", "step": 2820, "effective_epoch": 0.07966783878916185, "loss": 1.633684754371643, "grdn": 7.340884208679199, "lr": 1.4979527386307308e-06, "seconds": 40.70998765795957, "memory_gb": 10.425317376}
{"event": "TRAIN", "step": 2830, "effective_epoch": 0.07995034885579008, "loss": 1.8374593257904053, "grdn": 7.608290672302246, "lr": 1.4443247667150992e-06, "seconds": 32.83753434300888, "memory_gb": 10.425317376}
{"event": "TRAIN", "step": 2840, "effective_epoch": 0.08023285892241833, "loss": 1.7087373733520508, "grdn": 7.593050479888916, "lr": 1.3937250793335759e-06, "seconds": 39.84396377997473, "memory_gb": 10.425317376}
{"event": "TRAIN", "step": 2850, "effective_epoch": 0.08051536898904656, "loss": 1.6268383264541626, "grdn": 6.904374122619629, "lr": 1.3461600463032209e-06, "seconds": 37.59569202293642, "memory_gb": 10.425317376}
{"event": "TRAIN", "step": 2860, "effective_epoch": 0.08079787905567479, "loss": 1.696390151977539, "grdn": 7.3607330322265625, "lr": 1.3016356554191274e-06, "seconds": 40.67314635706134, "memory_gb": 10.425317376}
{"event": "TRAIN", "step": 2870, "effective_epoch": 0.08108038912230302, "loss": 1.71061110496521, "grdn": 7.575080871582031, "lr": 1.2601575117006025e-06, "seconds": 36.41390121204313, "memory_gb": 10.425317376}
{"event": "TRAIN", "step": 2880, "effective_epoch": 0.08136289918893126, "loss": 1.6966556310653687, "grdn": 8.10191535949707, "lr": 1.2217308366855998e-06, "seconds": 34.91594415996224, "memory_gb": 10.425317376}
{"event": "TRAIN", "step": 2890, "effective_epoch": 0.08164540925555949, "loss": 1.715806007385254, "grdn": 7.401683807373047, "lr": 1.1863604677733805e-06, "seconds": 35.50495931296609, "memory_gb": 10.425317376}
{"event": "TRAIN", "step": 2900, "effective_epoch": 0.08192791932218772, "loss": 1.6893951892852783, "grdn": 7.516988277435303, "lr": 1.1540508576155562e-06, "seconds": 39.96144901600201, "memory_gb": 10.425317376}
{"event": "TRAIN", "step": 2910, "effective_epoch": 0.08221042938881595, "loss": 1.71086847782135, "grdn": 7.552268028259277, "lr": 1.1248060735555676e-06, "seconds": 37.16055452998262, "memory_gb": 10.425317376}
{"event": "TRAIN", "step": 2920, "effective_epoch": 0.08249293945544418, "loss": 1.7367570400238037, "grdn": 7.829719543457031, "lr": 1.0986297971166427e-06, "seconds": 37.720210880972445, "memory_gb": 10.425317376}
{"event": "TRAIN", "step": 2930, "effective_epoch": 0.08277544952207243, "loss": 1.625897765159607, "grdn": 7.020739555358887, "lr": 1.0755253235383648e-06, "seconds": 35.74837634898722, "memory_gb": 10.425317376}
{"event": "TRAIN", "step": 2940, "effective_epoch": 0.08305795958870066, "loss": 1.6899058818817139, "grdn": 7.543097496032715, "lr": 1.055495561361826e-06, "seconds": 35.507700536982156, "memory_gb": 10.425317376}
{"event": "TRAIN", "step": 2950, "effective_epoch": 0.08334046965532889, "loss": 1.6375316381454468, "grdn": 7.383055686950684, "lr": 1.0385430320634958e-06, "seconds": 37.62646536005195, "memory_gb": 10.425317376}
{"event": "TRAIN", "step": 2960, "effective_epoch": 0.08362297972195712, "loss": 1.7438961267471313, "grdn": 7.467169284820557, "lr": 1.0246698697377926e-06, "seconds": 34.74653116299305, "memory_gb": 10.425317376}
{"event": "TRAIN", "step": 2970, "effective_epoch": 0.08390548978858536, "loss": 1.6875264644622803, "grdn": 7.738913059234619, "lr": 1.0138778208284337e-06, "seconds": 36.576318891951814, "memory_gb": 10.425317376}
{"event": "TRAIN", "step": 2980, "effective_epoch": 0.0841879998552136, "loss": 1.7067512273788452, "grdn": 7.908532619476318, "lr": 1.00616824390859e-06, "seconds": 37.405648306012154, "memory_gb": 10.425317376}
{"event": "TRAIN", "step": 2990, "effective_epoch": 0.08447050992184182, "loss": 1.7551910877227783, "grdn": 7.629071235656738, "lr": 1.001542109509836e-06, "seconds": 36.51272323995363, "memory_gb": 10.425317376}
{"event": "TRAIN", "step": 3000, "effective_epoch": 0.08475301998847005, "loss": 1.754111886024475, "grdn": 7.702820777893066, "lr": 1e-06, "seconds": 34.609767477959394, "memory_gb": 10.425317376}
{"event": "EVAL", "step": 3000, "effective_epoch": 0.08475301998847005, "train": {"frames": 1792, "episodes": 56, "ce": 1.4352752074399697, "mae": 0.0036157242086898933, "rmse": 0.0053730947043668705, "episode_mae": 0.0036157242086898933, "baseline_mae": 0.05248346601729281, "baseline_rmse": 0.06225099910710391, "mae_remaining_seconds": 1.7936402557907665, "bias": -0.0005446171905662465, "crps": 0.0029664586982026515, "entropy": 1.7303966880509896, "interval90_coverage": 0.9670758928571429, "interval90_width": 0.025145088605703286}, "test": {"frames": 1792, "episodes": 56, "ce": 2.680877298382776, "mae": 0.012619838502359926, "rmse": 0.02082008966626452, "episode_mae": 0.012619838502359926, "baseline_mae": 0.05533733551939284, "baseline_rmse": 0.06688020310571469, "mae_remaining_seconds": 6.260281219737347, "bias": 0.0027786407536041224, "crps": 0.010034567954278373, "entropy": 1.7175568465276487, "interval90_coverage": 0.6439732142857143, "interval90_width": 0.02472656175710394}, "best_step": 3000, "best_episode_mae": 0.012619838502359926, "bad_evaluations": 0}
TRAINING_STAGE_COMPLETE
