usage: run.py [-h] [--nnodes NNODES] [--nproc-per-node NPROC_PER_NODE]
              [--rdzv-backend RDZV_BACKEND] [--rdzv-endpoint RDZV_ENDPOINT]
              [--rdzv-id RDZV_ID] [--rdzv-conf RDZV_CONF] [--standalone]
              [--max-restarts MAX_RESTARTS]
              [--monitor-interval MONITOR_INTERVAL]
              [--start-method {spawn,fork,forkserver}]
              [--event-log-handler EVENT_LOG_HANDLER] [--role ROLE] [-m]
              [--no-python] [--run-path] [--log-dir LOG_DIR] [-r REDIRECTS]
              [-t TEE] [--local-ranks-filter LOCAL_RANKS_FILTER]
              [--duplicate-stdout-filters DUPLICATE_STDOUT_FILTERS]
              [--duplicate-stderr-filters DUPLICATE_STDERR_FILTERS]
              [--node-rank NODE_RANK] [--master-addr MASTER_ADDR]
              [--master-port MASTER_PORT] [--local-addr LOCAL_ADDR]
              [--logs-specs LOGS_SPECS]
              [--numa-binding {node,socket,exclusive,core-complex}]
              [--signals-to-handle SIGNALS_TO_HANDLE] [--virtual-local-rank]
              training_script ...
run.py: error: ambiguous option: --run could match --run-path, --run_path
/data/experiments/value-demo3-20260906/venv-py312-torch210-cu128/lib/python3.12/site-packages/torch/distributed/c10d_logger.py:83: UserWarning: barrier(): using the device under current context. You can specify `device_id` in `init_process_group` to mute this warning.
  return func(*args, **kwargs)
[rank0]:[W907 00:39:51.522132705 ProcessGroupNCCL.cpp:5138] Guessing device ID based on global rank. This can cause a hang if rank to GPU mapping is heterogeneous. You can specify device_id in init_process_group()
NCCL version 2.27.5+cuda12.9
{"event": "ARCHITECTURE", "variant": "vision_only", "total_parameters": 429182729, "trainable_parameters": 429182729, "state_input": false}
{"event": "READY", "task": "piperx_insert_copper_screw", "step": 0, "train_frames": 1132703, "test_frames": 112, "global_batch": 32, "parameters": 429182729}
{"event": "TRAIN", "step": 1, "effective_epoch": 2.8251006662823353e-05, "loss": 5.364429473876953, "grdn": 5.44137716293335, "lr": 5e-05, "seconds": 9.798223442048766, "memory_gb": 10.341686784}
{"event": "TRAIN", "step": 2, "effective_epoch": 5.650201332564671e-05, "loss": 5.214138507843018, "grdn": 4.102048873901367, "lr": 1e-06, "seconds": 1.2516788850771263, "memory_gb": 10.425317376}
{"event": "EVAL", "step": 2, "effective_epoch": 5.650201332564671e-05, "train": {"frames": 112, "episodes": 56, "ce": 5.192197927406856, "mae": 0.4113878643672381, "rmse": 0.4204627371347993, "episode_mae": 0.4113878643672381, "baseline_mae": 0.07633738592267036, "baseline_rmse": 0.08970050562411014, "mae_remaining_seconds": 204.07580658377458, "bias": -0.4113878643672381, "crps": 0.2579419310204685, "entropy": 5.2813840508461, "interval90_coverage": 0.5, "interval90_width": 0.9145088908927781}, "test": {"frames": 112, "episodes": 56, "ce": 5.173241496086121, "mae": 0.4106231802808387, "rmse": 0.42091713406609393, "episode_mae": 0.4106231802808387, "baseline_mae": 0.07820205350539514, "baseline_rmse": 0.09481204449993866, "mae_remaining_seconds": 203.6964722979814, "bias": -0.4106231802808387, "crps": 0.25830531566004666, "entropy": 5.281370882477079, "interval90_coverage": 0.5, "interval90_width": 0.9142856768199376}, "best_step": 2, "best_episode_mae": 0.4106231802808387, "bad_evaluations": 0}
SMOKE_SAVE_RELOAD_OK
TRAINING_STAGE_COMPLETE
