EP_COMPLETE 6 6 2666
EP_COMPLETE 7 7 2955
EP_COMPLETE 2 2 3021
EP_COMPLETE 5 5 3081
EP_COMPLETE 4 4 3266
EP_COMPLETE 3 3 3698
EP_COMPLETE 1 1 3703
EP_COMPLETE 0 0 4076
EP_COMPLETE 2 10 2500
EP_COMPLETE 5 14 2758
EP_COMPLETE 6 15 3045
EP_COMPLETE 4 13 2602
EP_COMPLETE 7 16 3168
EP_COMPLETE 1 9 2662
EP_COMPLETE 3 12 3001
EP_COMPLETE 0 8 2433
EP_COMPLETE 2 19 2086
EP_COMPLETE 6 24 1972
EP_COMPLETE 5 22 2018
EP_COMPLETE 4 21 2322
EP_COMPLETE 7 25 2244
EP_COMPLETE 3 20 2490
EP_COMPLETE 0 17 2518
EP_COMPLETE 1 18 3451
EP_COMPLETE 2 28 2058
EP_COMPLETE 5 31 1862
EP_COMPLETE 7 33 2059
EP_COMPLETE 6 32 2482
EP_COMPLETE 4 30 2236
EP_COMPLETE 3 29 1830
EP_COMPLETE 0 26 2251
EP_COMPLETE 2 36 2317
EP_COMPLETE 1 27 2256
EP_COMPLETE 5 39 2312
EP_COMPLETE 7 42 2202
EP_COMPLETE 3 37 1768
EP_COMPLETE 6 41 2119
EP_COMPLETE 4 38 2349
EP_COMPLETE 0 34 2256
EP_COMPLETE 2 46 2536
EP_COMPLETE 1 35 2299
EP_COMPLETE 5 49 2218
EP_COMPLETE 7 51 2403
EP_COMPLETE 3 47 2215
EP_COMPLETE 6 50 2198
EP_COMPLETE 4 48 2194
EP_COMPLETE 0 44 2073
EP_COMPLETE 1 45 2151
EP_COMPLETE 5 57 2012
EP_COMPLETE 2 54 2887
EP_COMPLETE 7 60 1835
EP_COMPLETE 3 55 2215
EP_COMPLETE 4 56 2148
EP_COMPLETE 6 59 2253
EP_COMPLETE 0 52 2534
EP_COMPLETE 5 68 1891
EP_COMPLETE 1 53 2076
EP_COMPLETE 2 65 1901
EP_COMPLETE 7 70 2126
EP_COMPLETE 4 67 1797
EP_COMPLETE 3 66 1926
EP_COMPLETE 6 69 2000
EP_COMPLETE 0 61 1587
EP_COMPLETE 5 76 1931
EP_COMPLETE 1 64 1732
EP_COMPLETE 7 78 1502
EP_COMPLETE 2 73 1917
EP_COMPLETE 6 77 1417
EP_COMPLETE 3 74 1545
EP_COMPLETE 0 71 1760
EP_COMPLETE 4 75 2308
EP_COMPLETE 5 85 1292
EP_COMPLETE 2 81 1394
EP_COMPLETE 7 88 1359
EP_COMPLETE 1 72 1742
EP_COMPLETE 3 82 1322
EP_COMPLETE 6 87 1483
EP_COMPLETE 0 79 1418
EP_COMPLETE 5 95 1231
EP_COMPLETE 4 83 1258
EP_COMPLETE 2 92 1368
EP_COMPLETE 7 97 1387
EP_COMPLETE 1 80 1361
EP_COMPLETE 6 96 1265
EP_COMPLETE 3 93 1396
EP_COMPLETE 4 94 1452
EP_COMPLETE 0 89 1662
EP_COMPLETE 2 101 1485
EP_COMPLETE 5 104 1865
EP_COMPLETE 7 106 1388
EP_COMPLETE 1 91 1499
EP_COMPLETE 3 102 1120
EP_COMPLETE 6 105 1562
EP_COMPLETE 4 103 1703
EP_COMPLETE 2 109 1435
EP_COMPLETE 5 112 1406
EP_COMPLETE 0 98 1957
EP_COMPLETE 1 100 1354
EP_COMPLETE 7 114 1529
EP_COMPLETE 3 110 1393
EP_COMPLETE 6 113 1329
EP_COMPLETE 2 117 1280
EP_COMPLETE 0 107 1264
EP_COMPLETE 4 111 1694
EP_COMPLETE 5 120 1408
EP_COMPLETE 7 122 1249
EP_COMPLETE 1 108 1466
EP_COMPLETE 3 118 1450
EP_COMPLETE 2 125 1269
EP_COMPLETE 6 121 1513
EP_COMPLETE 4 119 1392
EP_COMPLETE 0 115 1555
EP_COMPLETE 7 130 1329
EP_COMPLETE 5 128 1659
EP_COMPLETE 1 116 1577
EP_COMPLETE 2 133 1616
EP_COMPLETE 6 129 1497
EP_COMPLETE 0 123 1390
EP_COMPLETE 7 138 1238
EP_COMPLETE 5 136 1141
EP_COMPLETE 3 126 2384
EP_COMPLETE 1 124 1259
EP_COMPLETE 4 127 2052
EP_COMPLETE 2 141 1423
EP_COMPLETE 6 137 1354
EP_COMPLETE 5 144 1264
EP_COMPLETE 0 131 1398
EP_COMPLETE 3 134 1234
EP_COMPLETE 7 146 1601
EP_COMPLETE 4 135 1153
EP_COMPLETE 1 132 1544
EP_COMPLETE 2 149 1398
EP_COMPLETE 5 152 1317
EP_COMPLETE 6 145 1417
EP_COMPLETE 3 142 1509
EP_COMPLETE 7 154 1389
EP_COMPLETE 4 143 1463
EP_COMPLETE 1 140 1408
EP_COMPLETE 2 157 1327
EP_COMPLETE 0 139 2708
EP_COMPLETE 5 160 1582
EP_COMPLETE 6 153 1363
EP_COMPLETE 3 150 1481
EP_COMPLETE 4 151 1462
EP_COMPLETE 2 165 1181
EP_COMPLETE 1 148 1377
EP_COMPLETE 0 147 1224
EP_COMPLETE 7 162 2682
EP_COMPLETE 5 168 1517
EP_COMPLETE 6 161 1496
EP_COMPLETE 3 158 1307
EP_COMPLETE 4 159 1346
EP_COMPLETE 1 156 1288
EP_COMPLETE 2 174 1648
EP_COMPLETE 0 155 1386
EP_COMPLETE 5 177 1307
EP_COMPLETE 7 170 1400
EP_COMPLETE 6 169 1598
EP_COMPLETE 1 164 1381
EP_COMPLETE 4 167 1483
EP_COMPLETE 2 184 1355
EP_COMPLETE 3 166 1780
EP_COMPLETE 5 187 1167
EP_COMPLETE 0 163 1407
EP_COMPLETE 7 179 1374
EP_COMPLETE 4 176 1236
EP_COMPLETE 6 178 1159
EP_COMPLETE 1 173 1237
EP_COMPLETE 2 192 1330
EP_COMPLETE 5 197 1199
EP_COMPLETE 3 175 1514
EP_COMPLETE 0 172 1636
EP_COMPLETE 7 189 1294
EP_COMPLETE 6 188 1187
EP_COMPLETE 2 202 1213
EP_COMPLETE 1 183 1325
EP_COMPLETE 4 186 1449
EP_COMPLETE 5 206 1124
EP_COMPLETE 3 185 1520
EP_COMPLETE 0 181 1288
EP_COMPLETE 2 212 1293
EP_COMPLETE 6 198 1240
EP_COMPLETE 7 199 1451
EP_COMPLETE 4 194 1149
EP_COMPLETE 2 221 316
EP_COMPLETE 5 215 1426
EP_COMPLETE 1 191 2100
EP_COMPLETE 0 190 1345
EP_COMPLETE 3 193 1403
EP_COMPLETE 4 204 1191
EP_COMPLETE 7 208 1265
EP_COMPLETE 6 207 1686
EP_COMPLETE 1 201 1155
EP_COMPLETE 3 203 1088
EP_COMPLETE 5 225 1785
EP_COMPLETE 0 200 1329
EP_COMPLETE 2 231 2126
EP_COMPLETE 7 218 1110
EP_COMPLETE 6 217 1140
EP_COMPLETE 1 211 1174
EP_COMPLETE 3 213 1167
EP_COMPLETE 0 210 1215
EP_COMPLETE 4 214 2404
EP_COMPLETE 5 234 1760
EP_COMPLETE 2 239 1582
EP_COMPLETE 4 224 666
EP_COMPLETE 7 227 1960
EP_COMPLETE 0 219 1329
EP_COMPLETE 1 220 1788
EP_COMPLETE 6 226 1948
EP_COMPLETE 3 223 1785
EP_COMPLETE 5 243 1482
EP_COMPLETE 2 248 1580
EP_COMPLETE 4 233 1503
EP_COMPLETE 7 236 1895
EP_COMPLETE 5 251 1295
EP_COMPLETE 2 258 1352
EP_COMPLETE 3 232 1661
EP_COMPLETE 1 229 1962
EP_COMPLETE 6 235 1866
EP_COMPLETE 0 228 2565
EP_COMPLETE 4 241 1555
EP_COMPLETE 7 245 1575
EP_COMPLETE 1 238 1496
EP_COMPLETE 5 261 1822
EP_COMPLETE 6 244 1612
EP_COMPLETE 3 240 1730
EP_COMPLETE 0 237 1705
EP_COMPLETE 4 250 1941
EP_COMPLETE 7 253 1783
EP_COMPLETE 1 247 1467
EP_COMPLETE 3 249 1306
EP_COMPLETE 6 252 1405
EP_COMPLETE 0 246 1490
EP_COMPLETE 7 263 1220
EP_COMPLETE 2 267 4525
EP_COMPLETE 1 256 1591
EP_COMPLETE 4 260 2189
EP_COMPLETE 6 262 1466
EP_COMPLETE 3 259 1793
EP_COMPLETE 0 254 1594
EP_COMPLETE 5 270 4131
EP_COMPLETE 1 265 1556
EP_COMPLETE 0 264 1399
EP_COMPLETE 2 275 3761
EP_COMPLETE 7 272 3505
EP_COMPLETE 5 279 3010
EP_COMPLETE 6 271 3985
EP_COMPLETE 4 269 4194
EP_COMPLETE 3 268 4239
EP_COMPLETE 1 274 3637
EP_COMPLETE 2 285 3310
EP_COMPLETE 7 282 3019
EP_COMPLETE 0 273 4129
EP_COMPLETE 6 280 1968
EP_COMPLETE 0 283 1495
EP_COMPLETE 1 284 3343
EP_COMPLETE 5 288 4842
EP_COMPLETE 3 276 4758
EP_COMPLETE 2 293 3373
EP_COMPLETE 4 278 5220
EP_COMPLETE 6 289 3391
EP_COMPLETE 7 290 4497
EP_COMPLETE 0 291 3751
EP_COMPLETE 1 292 3614
EP_COMPLETE 5 296 3242
EP_COMPLETE 2 301 3279
EP_COMPLETE 3 286 3894
EP_COMPLETE 4 287 3421
EP_COMPLETE 7 298 3344
EP_COMPLETE 6 297 3735
EP_COMPLETE 0 299 3309
EP_COMPLETE 5 304 3000
EP_COMPLETE 2 310 4077
EP_COMPLETE 3 294 4039
EP_COMPLETE 4 295 3847
EP_COMPLETE 0 308 2817
EP_COMPLETE 7 307 3451
EP_COMPLETE 6 306 3426
EP_COMPLETE 1 300 6461
EP_COMPLETE 5 315 3570
EP_COMPLETE 3 302 2853
EP_COMPLETE 4 303 2684
EP_COMPLETE 2 320 4144
EP_COMPLETE 7 317 3619
EP_COMPLETE 0 318 3996
EP_COMPLETE 6 316 3636
EP_COMPLETE 5 324 3512
EP_COMPLETE 1 309 3694
EP_COMPLETE 3 311 3415
EP_COMPLETE 4 312 3566
EP_COMPLETE 2 330 3958
EP_COMPLETE 7 326 3513
EP_COMPLETE 0 327 3748
EP_COMPLETE 6 325 3695
EP_COMPLETE 5 333 3372
EP_COMPLETE 1 319 3884
EP_COMPLETE 3 321 3830
EP_COMPLETE 4 322 3375
EP_COMPLETE 2 338 3792
EP_COMPLETE 7 335 3559
EP_COMPLETE 5 342 2563
EP_COMPLETE 6 334 3143
EP_COMPLETE 0 336 3900
EP_COMPLETE 1 328 3523
EP_COMPLETE 4 332 3251
EP_COMPLETE 2 347 2734
EP_COMPLETE 7 344 2861
EP_COMPLETE 5 350 2906
EP_COMPLETE 3 331 4177
EP_COMPLETE 6 343 2607
EP_COMPLETE 0 345 2893
EP_COMPLETE 1 337 3344
EP_COMPLETE 4 340 3041
EP_COMPLETE 7 352 2908
EP_COMPLETE 6 351 2719
EP_COMPLETE 3 339 2930
EP_COMPLETE 2 355 4831
EP_COMPLETE 0 353 3128
EP_COMPLETE 5 359 4069
EP_COMPLETE 1 346 2746
EP_COMPLETE 4 349 3079
EP_COMPLETE 3 348 2954
EP_COMPLETE 2 365 3312
EP_COMPLETE 7 361 4069
EP_COMPLETE 0 363 3751
EP_COMPLETE 6 360 4188
EP_COMPLETE 5 368 3355
EP_COMPLETE 4 358 4532
EP_COMPLETE 7 370 3180
EP_COMPLETE 3 356 4129
EP_COMPLETE 2 373 3482
EP_COMPLETE 0 371 3392
EP_COMPLETE 5 376 4272
EP_COMPLETE 6 369 4626
EP_COMPLETE 1 354 7441
EP_COMPLETE 4 367 3362
EP_COMPLETE 2 381 3541
EP_COMPLETE 7 378 3817
EP_COMPLETE 3 366 4128
EP_COMPLETE 0 379 3927
EP_COMPLETE 5 384 4051
EP_COMPLETE 1 364 4003
EP_COMPLETE 5 393 1564
EP_COMPLETE 6 377 4611
EP_COMPLETE 4 375 3613
EP_COMPLETE 2 389 4446
EP_COMPLETE 5 401 1291
EP_COMPLETE 3 374 3775
EP_COMPLETE 7 386 4577
EP_COMPLETE 0 387 4395
EP_COMPLETE 5 409 1310
EP_COMPLETE 2 398 1565
EP_COMPLETE 7 395 1518
EP_COMPLETE 0 396 1290
EP_COMPLETE 1 372 3783
EP_COMPLETE 2 406 1276
EP_COMPLETE 5 417 1306
EP_COMPLETE 6 385 4243
EP_COMPLETE 7 403 1399
EP_COMPLETE 2 414 1015
EP_COMPLETE 0 404 1410
EP_COMPLETE 3 382 3777
EP_COMPLETE 5 428 1331
EP_COMPLETE 6 394 1461
EP_COMPLETE 4 383 6052
EP_COMPLETE 2 425 1327
EP_COMPLETE 7 411 1330
EP_COMPLETE 0 412 1507
EP_COMPLETE 5 437 1278
EP_COMPLETE 1 380 3676
EP_COMPLETE 6 402 1241
EP_COMPLETE 2 433 1304
EP_COMPLETE 7 421 1306
EP_COMPLETE 0 423 1217
EP_COMPLETE 5 446 1187
EP_COMPLETE 6 410 1409
EP_COMPLETE 2 443 1247
EP_COMPLETE 7 430 1429
EP_COMPLETE 0 431 1201
EP_COMPLETE 5 456 1538
EP_COMPLETE 2 453 1293
EP_COMPLETE 3 390 4546
EP_COMPLETE 0 440 1245
EP_COMPLETE 7 439 1293
EP_COMPLETE 6 419 1661
EP_COMPLETE 5 464 1253
EP_COMPLETE 4 392 4593
EP_COMPLETE 2 461 1249
EP_COMPLETE 7 448 1255
EP_COMPLETE 6 429 1193
EP_COMPLETE 0 449 1587
EP_COMPLETE 3 399 1615
EP_COMPLETE 1 388 4948
EP_COMPLETE 5 475 1534
EP_COMPLETE 2 471 1160
EP_COMPLETE 4 400 1478
EP_COMPLETE 7 458 1167
EP_COMPLETE 6 438 1221
EP_COMPLETE 0 459 1216
EP_COMPLETE 1 397 1385
EP_COMPLETE 3 407 1468
EP_COMPLETE 2 480 1333
EP_COMPLETE 4 408 1239
EP_COMPLETE 7 467 1120
EP_COMPLETE 0 468 1369
EP_COMPLETE 6 447 1410
EP_COMPLETE 3 415 1383
EP_COMPLETE 1 405 1470
EP_COMPLETE 4 416 1506
EP_COMPLETE 7 477 1596
EP_COMPLETE 0 478 1299
EP_COMPLETE 6 457 1289
EP_COMPLETE 3 426 1212
EP_COMPLETE 1 413 1320
EP_COMPLETE 4 427 1269
EP_COMPLETE 5 483 4474
EP_COMPLETE 6 465 1165
EP_COMPLETE 3 434 1155
EP_COMPLETE 2 490 4168
EP_COMPLETE 1 424 1218
EP_COMPLETE 4 436 1139
EP_COMPLETE 6 476 1351
EP_COMPLETE 3 444 1131
EP_COMPLETE 1 432 1179
EP_COMPLETE 4 445 1272
EP_COMPLETE 0 487 4192
EP_COMPLETE 3 454 1217
EP_COMPLETE 1 442 1155
EP_COMPLETE 4 455 1103
EP_COMPLETE 5 493 3453
EP_COMPLETE 2 499 3549
EP_COMPLETE 3 462 1326
EP_COMPLETE 4 463 1120
EP_COMPLETE 1 452 1361
EP_COMPLETE 7 486 5583
EP_COMPLETE 3 472 1074
EP_COMPLETE 6 485 3665
EP_COMPLETE 4 473 1295
EP_COMPLETE 1 460 1442
EP_COMPLETE 5 504 3054
EP_COMPLETE 3 481 1255
EP_COMPLETE 4 482 1202
EP_COMPLETE 0 496 4201
EP_COMPLETE 1 469 1396
EP_COMPLETE 2 509 3443
EP_COMPLETE 1 479 1205
EP_COMPLETE 7 495 4581
EP_COMPLETE 6 494 3796
EP_COMPLETE 0 507 2597
EP_COMPLETE 4 492 3105
EP_COMPLETE 3 491 3269
EP_COMPLETE 2 517 2896
EP_COMPLETE 5 512 3997
EP_COMPLETE 7 506 2966
EP_COMPLETE 0 515 2695
EP_COMPLETE 1 488 4263
EP_COMPLETE 6 505 3405
EP_COMPLETE 3 501 3007
EP_COMPLETE 4 503 3634
EP_COMPLETE 2 525 3853
EP_COMPLETE 5 520 4041
EP_COMPLETE 7 514 3154
EP_COMPLETE 0 523 3171
EP_COMPLETE 2 534 1962
EP_COMPLETE 6 513 3034
EP_COMPLETE 1 498 3595
EP_COMPLETE 3 510 3673
EP_COMPLETE 2 542 1224
EP_COMPLETE 4 511 3452
EP_COMPLETE 5 528 3416
EP_COMPLETE 2 553 1275
EP_COMPLETE 7 522 3147
EP_COMPLETE 0 532 3324
EP_COMPLETE 6 521 2765
EP_COMPLETE 5 537 1343
EP_COMPLETE 1 508 2996
EP_COMPLETE 0 540 1207
EP_COMPLETE 3 518 2836
EP_COMPLETE 5 547 1257
EP_COMPLETE 4 519 3850
EP_COMPLETE 0 551 1337
EP_COMPLETE 7 531 3237
EP_COMPLETE 5 557 1071
EP_COMPLETE 6 530 2927
EP_COMPLETE 1 516 3166
EP_COMPLETE 7 539 1236
EP_COMPLETE 6 538 1137
EP_COMPLETE 3 526 3526
EP_COMPLETE 7 550 1069
EP_COMPLETE 6 549 1172
EP_COMPLETE 3 535 1323
EP_COMPLETE 4 527 4161
EP_COMPLETE 1 524 2848
EP_COMPLETE 3 543 1128
EP_COMPLETE 4 536 1324
EP_COMPLETE 1 533 1648
EP_COMPLETE 3 554 1142
EP_COMPLETE 4 546 1257
EP_COMPLETE 1 541 1174
EP_COMPLETE 4 555 1168
EP_COMPLETE 1 552 1405
ALL558_INFERENCE_COMPLETE
