EP_COMPLETE 0 11 2693
EP_COMPLETE 0 86 1396
EP_COMPLETE 7 84 1424
EP_COMPLETE 5 62 1688
EP_COMPLETE 6 63 1852
PROGRESS 1 23 2000 2684
PROGRESS 3 43 2000 2048
PROGRESS 4 58 2000 2048
PROGRESS 2 40 2000 2275
EP_COMPLETE 4 58 2048
EP_COMPLETE 3 43 2048
EP_COMPLETE 2 40 2275
EP_COMPLETE 1 23 2684
EP_COMPLETE 0 205 1307
EP_COMPLETE 5 182 1085
EP_COMPLETE 7 196 1467
EP_COMPLETE 6 195 1131
EP_COMPLETE 3 171 1198
EP_COMPLETE 4 180 1502
EP_COMPLETE 2 99 1329
EP_COMPLETE 1 90 1285
EP_COMPLETE 0 266 1496
EP_COMPLETE 7 257 1446
EP_COMPLETE 5 242 1450
PROGRESS 6 255 2000 2035
EP_COMPLETE 6 255 2035
EP_COMPLETE 3 222 1781
EP_COMPLETE 2 216 1454
EP_COMPLETE 1 209 1216
EP_COMPLETE 4 230 1734
PROGRESS 0 341 2000 2977
PROGRESS 5 314 2000 3414
PROGRESS 7 329 2000 3475
PROGRESS 6 323 2000 3232
PROGRESS 3 305 2000 2646
EP_COMPLETE 0 341 2977
PROGRESS 2 281 2000 3187
PROGRESS 4 313 2000 3878
PROGRESS 1 277 2000 4257
EP_COMPLETE 5 314 3414
EP_COMPLETE 3 305 2646
EP_COMPLETE 7 329 3475
EP_COMPLETE 6 323 3232
EP_COMPLETE 2 281 3187
EP_COMPLETE 0 441 1247
EP_COMPLETE 5 420 1195
EP_COMPLETE 4 313 3878
EP_COMPLETE 6 422 1089
EP_COMPLETE 7 435 1309
PROGRESS 1 277 4000 4257
EP_COMPLETE 1 277 4257
PROGRESS 3 391 2000 4617
EP_COMPLETE 5 474 1141
PROGRESS 2 362 2000 3915
EP_COMPLETE 4 418 1340
PROGRESS 0 497 2000 3151
PROGRESS 6 484 2000 4746
PROGRESS 7 489 2000 3786
EP_COMPLETE 5 545 1210
EP_COMPLETE 0 497 3151
PROGRESS 3 391 4000 4617
PROGRESS 1 357 2000 5753
EP_COMPLETE 4 470 1615
EP_COMPLETE 2 362 3915
EP_COMPLETE 3 391 4617
EP_COMPLETE 7 489 3786
PROGRESS 6 484 4000 4746
EP_COMPLETE 4 544 1043
EP_COMPLETE 2 451 1161
EP_COMPLETE 3 466 1448
EP_COMPLETE 6 484 4746
PROGRESS 1 357 4000 5753
EP_COMPLETE 7 556 1500
EP_COMPLETE 6 548 1265
PROGRESS 2 502 2000 3398
PROGRESS 3 529 2000 3533
EP_COMPLETE 1 357 5753
EP_COMPLETE 2 502 3398
EP_COMPLETE 1 450 1147
EP_COMPLETE 3 529 3533
PROGRESS 1 500 2000 4327
PROGRESS 1 500 4000 4327
EP_COMPLETE 1 500 4327
GLOBAL_THRESHOLDS {'top30': 0.00376491345474414, 'bottom30': -0.00378528140476056} ELIGIBLE 122970 COUNTS 36891 36891
RAW_VIDEO_COMPLETE ep023_mixed1500_top30 540 0.003776812031957427 0.06350234992811374
RAW_VIDEO_COMPLETE ep011_mixed1500_bottom30 880 -0.07149299882343121 -0.003785549625662049
RAW_VIDEO_COMPLETE ep011_mixed1500_top30 890 0.0037694732100694503 0.08062043882915668
RAW_VIDEO_COMPLETE ep023_mixed1500_bottom30 879 -0.05522462628772565 -0.0037880269437105263
RAW_VIDEO_COMPLETE ep040_mixed1500_top30 539 0.003792827054950508 0.032266744449826995
RAW_VIDEO_COMPLETE ep040_mixed1500_bottom30 690 -0.031232519969251832 -0.003789572939184388
ALL_GLOBAL30_COMPLETE
