{"event": "HF_SKIP", "at": 1788766901.5647202, "path": "videos/observation.images.left_wrist/chunk-000/file-019.mp4", "bytes": 34960863}
{"event": "HF_SKIP", "at": 1788766901.565785, "path": "videos/observation.images.left_wrist/chunk-000/file-017.mp4", "bytes": 34771061}
{"event": "HF_SKIP", "at": 1788766901.606739, "path": "videos/observation.images.left_wrist/chunk-000/file-018.mp4", "bytes": 50925312}
{"event": "HF_SKIP", "at": 1788766901.6251347, "path": "videos/observation.images.left_wrist/chunk-000/file-020.mp4", "bytes": 57403692}
{"event": "HF_SKIP", "at": 1788766901.7099516, "path": "videos/observation.images.left_wrist/chunk-000/file-021.mp4", "bytes": 52945352}
{"event": "HF_SKIP", "at": 1788766901.7236166, "path": "videos/observation.images.left_wrist/chunk-000/file-023.mp4", "bytes": 44919755}
{"event": "HF_SKIP", "at": 1788766901.7293012, "path": "videos/observation.images.left_wrist/chunk-000/file-022.mp4", "bytes": 60660881}
{"event": "HF_SKIP", "at": 1788766901.7585294, "path": "videos/observation.images.left_wrist/chunk-000/file-024.mp4", "bytes": 50663416}
{"event": "HF_SKIP", "at": 1788766901.8432252, "path": "videos/observation.images.left_wrist/chunk-000/file-027.mp4", "bytes": 44703556}
{"event": "HF_SKIP", "at": 1788766901.8453732, "path": "videos/observation.images.left_wrist/chunk-000/file-025.mp4", "bytes": 52824091}
{"event": "HF_SKIP", "at": 1788766901.868652, "path": "videos/observation.images.left_wrist/chunk-000/file-026.mp4", "bytes": 56872869}
{"event": "HF_SKIP", "at": 1788766901.9010553, "path": "videos/observation.images.left_wrist/chunk-000/file-028.mp4", "bytes": 56388996}
{"event": "HF_SKIP", "at": 1788766901.9298246, "path": "videos/observation.images.left_wrist/chunk-000/file-029.mp4", "bytes": 34015309}
{"event": "HF_SKIP", "at": 1788766901.937874, "path": "videos/observation.images.left_wrist/chunk-000/file-030.mp4", "bytes": 36731349}
{"event": "HF_SKIP", "at": 1788766901.9536402, "path": "videos/observation.images.left_wrist/chunk-000/file-031.mp4", "bytes": 33667008}
{"event": "HF_SKIP", "at": 1788766901.962624, "path": "videos/observation.images.left_wrist/chunk-000/file-032.mp4", "bytes": 24182063}
{"event": "HF_SKIP", "at": 1788766902.0287054, "path": "videos/observation.images.left_wrist/chunk-000/file-033.mp4", "bytes": 39394321}
{"event": "HF_SKIP", "at": 1788766902.049075, "path": "videos/observation.images.left_wrist/chunk-000/file-036.mp4", "bytes": 34257720}
{"event": "HF_SKIP", "at": 1788766902.0591366, "path": "videos/observation.images.left_wrist/chunk-000/file-034.mp4", "bytes": 48724468}
{"event": "HF_SKIP", "at": 1788766902.066979, "path": "videos/observation.images.left_wrist/chunk-000/file-035.mp4", "bytes": 45567191}
{"event": "HF_SKIP", "at": 1788766902.111209, "path": "videos/observation.images.left_wrist/chunk-000/file-037.mp4", "bytes": 32808559}
{"event": "HF_SKIP", "at": 1788766902.1427763, "path": "videos/observation.images.left_wrist/chunk-000/file-038.mp4", "bytes": 37122676}
{"event": "HF_SKIP", "at": 1788766902.1692533, "path": "videos/observation.images.left_wrist/chunk-000/file-040.mp4", "bytes": 40534346}
{"event": "HF_SKIP", "at": 1788766902.1957805, "path": "videos/observation.images.left_wrist/chunk-000/file-039.mp4", "bytes": 54558817}
{"event": "HF_SKIP", "at": 1788766902.2287483, "path": "videos/observation.images.left_wrist/chunk-000/file-042.mp4", "bytes": 33926667}
{"event": "HF_SKIP", "at": 1788766902.2443604, "path": "videos/observation.images.left_wrist/chunk-000/file-041.mp4", "bytes": 52760691}
{"event": "HF_SKIP", "at": 1788766902.2800317, "path": "videos/observation.images.left_wrist/chunk-000/file-043.mp4", "bytes": 44346680}
{"event": "HF_SKIP", "at": 1788766902.296496, "path": "videos/observation.images.left_wrist/chunk-000/file-044.mp4", "bytes": 40380903}
{"event": "HF_SKIP", "at": 1788766902.321825, "path": "videos/observation.images.left_wrist/chunk-000/file-045.mp4", "bytes": 37258691}
{"event": "HF_SKIP", "at": 1788766902.335187, "path": "videos/observation.images.left_wrist/chunk-000/file-046.mp4", "bytes": 36452937}
{"event": "HF_SKIP", "at": 1788766902.3926501, "path": "videos/observation.images.left_wrist/chunk-000/file-048.mp4", "bytes": 38768093}
{"event": "HF_SKIP", "at": 1788766902.4295118, "path": "videos/observation.images.left_wrist/chunk-000/file-049.mp4", "bytes": 43136272}
{"event": "HF_SKIP", "at": 1788766902.439141, "path": "videos/observation.images.left_wrist/chunk-000/file-050.mp4", "bytes": 41707421}
{"event": "HF_SKIP", "at": 1788766902.4440973, "path": "videos/observation.images.left_wrist/chunk-000/file-047.mp4", "bytes": 65948747}
{"event": "HF_SKIP", "at": 1788766902.5023894, "path": "videos/observation.images.left_wrist/chunk-000/file-051.mp4", "bytes": 32873735}
{"event": "HF_SKIP", "at": 1788766902.5517833, "path": "videos/observation.images.left_wrist/chunk-000/file-052.mp4", "bytes": 35480231}
{"event": "HF_SKIP", "at": 1788766902.5656347, "path": "videos/observation.images.left_wrist/chunk-000/file-054.mp4", "bytes": 36532022}
{"event": "HF_SKIP", "at": 1788766902.5698795, "path": "videos/observation.images.left_wrist/chunk-000/file-053.mp4", "bytes": 41910898}
{"event": "HF_SKIP", "at": 1788766902.603242, "path": "videos/observation.images.left_wrist/chunk-000/file-055.mp4", "bytes": 33462372}
{"event": "HF_SKIP", "at": 1788766902.675173, "path": "videos/observation.images.left_wrist/chunk-000/file-056.mp4", "bytes": 44401068}
{"event": "HF_SKIP", "at": 1788766902.6975482, "path": "videos/observation.images.left_wrist/chunk-000/file-058.mp4", "bytes": 46981531}
{"event": "HF_SKIP", "at": 1788766902.716013, "path": "videos/observation.images.left_wrist/chunk-000/file-057.mp4", "bytes": 54311601}
{"event": "HF_SKIP", "at": 1788766902.7412214, "path": "videos/observation.images.left_wrist/chunk-000/file-059.mp4", "bytes": 51055025}
{"event": "HF_SKIP", "at": 1788766902.744172, "path": "videos/observation.images.left_wrist/chunk-000/file-060.mp4", "bytes": 25594767}
{"event": "HF_SKIP", "at": 1788766902.8292675, "path": "videos/observation.images.left_wrist/chunk-000/file-064.mp4", "bytes": 32991917}
{"event": "HF_SKIP", "at": 1788766902.8296895, "path": "videos/observation.images.left_wrist/chunk-000/file-063.mp4", "bytes": 33952393}
{"event": "HF_SKIP", "at": 1788766902.832774, "path": "videos/observation.images.left_wrist/chunk-000/file-062.mp4", "bytes": 45443040}
{"event": "HF_SKIP", "at": 1788766902.8399854, "path": "videos/observation.images.left_wrist/chunk-000/file-061.mp4", "bytes": 54578321}
{"event": "HF_SKIP", "at": 1788766902.923698, "path": "videos/observation.images.left_wrist/chunk-000/file-066.mp4", "bytes": 36813295}
{"event": "HF_SKIP", "at": 1788766902.9278812, "path": "videos/observation.images.left_wrist/chunk-000/file-065.mp4", "bytes": 37962074}
{"event": "HF_SKIP", "at": 1788766902.9588695, "path": "videos/observation.images.left_wrist/chunk-000/file-068.mp4", "bytes": 46750441}
{"event": "HF_SKIP", "at": 1788766902.9643629, "path": "videos/observation.images.left_wrist/chunk-000/file-067.mp4", "bytes": 52309140}
{"event": "HF_FILE_OK", "at": 1788766908.6069381, "path": "videos/observation.images.left_wrist/chunk-000/file-072.mp4", "bytes": 32323396}
{"event": "HF_FILE_OK", "at": 1788766910.1618302, "path": "videos/observation.images.left_wrist/chunk-000/file-070.mp4", "bytes": 49788883}
{"event": "HF_FILE_OK", "at": 1788766913.481448, "path": "videos/observation.images.left_wrist/chunk-000/file-069.mp4", "bytes": 54651690}
{"event": "HF_FILE_OK", "at": 1788766915.3453257, "path": "videos/observation.images.left_wrist/chunk-000/file-073.mp4", "bytes": 54214164}
{"event": "HF_FILE_OK", "at": 1788766918.3524656, "path": "videos/observation.images.left_wrist/chunk-000/file-075.mp4", "bytes": 32806363}
{"event": "HF_PROGRESS", "at": 1788766919.100663, "path": "videos/observation.images.left_wrist/chunk-000/file-071.mp4", "file_bytes": 46137344, "total": 50582442}
{"event": "HF_FILE_OK", "at": 1788766919.6010938, "path": "videos/observation.images.left_wrist/chunk-000/file-071.mp4", "bytes": 50582442}
{"event": "HF_FILE_OK", "at": 1788766922.9931533, "path": "videos/observation.images.left_wrist/chunk-000/file-076.mp4", "bytes": 50269919}
{"event": "HF_FILE_OK", "at": 1788766924.6024225, "path": "videos/observation.images.left_wrist/chunk-000/file-074.mp4", "bytes": 60299540}
{"event": "HF_FILE_OK", "at": 1788766931.5438845, "path": "videos/observation.images.left_wrist/chunk-000/file-079.mp4", "bytes": 41877219}
{"event": "HF_FILE_OK", "at": 1788766931.688135, "path": "videos/observation.images.left_wrist/chunk-000/file-080.mp4", "bytes": 31115708}
{"event": "HF_FILE_OK", "at": 1788766932.7234724, "path": "videos/observation.images.left_wrist/chunk-000/file-078.mp4", "bytes": 41063113}
{"event": "HF_FILE_OK", "at": 1788766934.1504374, "path": "videos/observation.images.left_wrist/chunk-000/file-077.mp4", "bytes": 43382031}
{"event": "HF_FILE_OK", "at": 1788766935.6926992, "path": "videos/observation.images.right_environment_1/chunk-000/file-017.mp4", "bytes": 19208247}
{"event": "HF_FILE_OK", "at": 1788766938.6018128, "path": "videos/observation.images.left_wrist/chunk-000/file-081.mp4", "bytes": 38839086}
{"event": "HF_FILE_OK", "at": 1788766940.573352, "path": "videos/observation.images.left_wrist/chunk-000/file-082.mp4", "bytes": 53696530}
{"event": "HF_FILE_OK", "at": 1788766941.9246688, "path": "videos/observation.images.right_environment_1/chunk-000/file-020.mp4", "bytes": 22057043}
{"event": "HF_FILE_OK", "at": 1788766942.0967722, "path": "videos/observation.images.right_environment_1/chunk-000/file-018.mp4", "bytes": 17863427}
{"event": "HF_FILE_OK", "at": 1788766942.5789804, "path": "videos/observation.images.right_environment_1/chunk-000/file-019.mp4", "bytes": 12830592}
{"event": "HF_FILE_OK", "at": 1788766944.744077, "path": "videos/observation.images.right_environment_1/chunk-000/file-023.mp4", "bytes": 14353529}
{"event": "HF_FILE_OK", "at": 1788766945.7831655, "path": "videos/observation.images.right_environment_1/chunk-000/file-021.mp4", "bytes": 19965640}
{"event": "HF_FILE_OK", "at": 1788766946.1158085, "path": "videos/observation.images.right_environment_1/chunk-000/file-022.mp4", "bytes": 31679688}
{"event": "HF_FILE_OK", "at": 1788766948.151875, "path": "videos/observation.images.right_environment_1/chunk-000/file-024.mp4", "bytes": 18067791}
{"event": "HF_FILE_OK", "at": 1788766948.226749, "path": "videos/observation.images.right_environment_1/chunk-000/file-025.mp4", "bytes": 19994546}
{"event": "HF_FILE_OK", "at": 1788766949.0885592, "path": "videos/observation.images.right_environment_1/chunk-000/file-027.mp4", "bytes": 16374311}
{"event": "HF_FILE_OK", "at": 1788766951.098333, "path": "videos/observation.images.right_environment_1/chunk-000/file-026.mp4", "bytes": 27777715}
{"event": "HF_FILE_OK", "at": 1788766951.90375, "path": "videos/observation.images.right_environment_1/chunk-000/file-028.mp4", "bytes": 20489918}
{"event": "HF_FILE_OK", "at": 1788766953.0311563, "path": "videos/observation.images.right_environment_1/chunk-000/file-029.mp4", "bytes": 14159025}
{"event": "HF_FILE_OK", "at": 1788766953.1376576, "path": "videos/observation.images.right_environment_1/chunk-000/file-030.mp4", "bytes": 14792578}
{"event": "HF_FILE_OK", "at": 1788766953.8650675, "path": "videos/observation.images.right_environment_1/chunk-000/file-032.mp4", "bytes": 13812094}
{"event": "HF_FILE_OK", "at": 1788766954.7739563, "path": "videos/observation.images.right_environment_1/chunk-000/file-031.mp4", "bytes": 13438458}
{"event": "HF_FILE_OK", "at": 1788766957.2082503, "path": "videos/observation.images.right_environment_1/chunk-000/file-035.mp4", "bytes": 25110801}
{"event": "HF_FILE_OK", "at": 1788766957.3717, "path": "videos/observation.images.right_environment_1/chunk-000/file-033.mp4", "bytes": 14827126}
{"event": "HF_FILE_OK", "at": 1788766957.9856472, "path": "videos/observation.images.right_environment_1/chunk-000/file-034.mp4", "bytes": 16872730}
{"event": "HF_FILE_OK", "at": 1788766959.0659664, "path": "videos/observation.images.right_environment_1/chunk-000/file-036.mp4", "bytes": 19029928}
{"event": "HF_FILE_OK", "at": 1788766960.841135, "path": "videos/observation.images.right_environment_1/chunk-000/file-039.mp4", "bytes": 19697088}
{"event": "HF_FILE_OK", "at": 1788766961.1814218, "path": "videos/observation.images.right_environment_1/chunk-000/file-037.mp4", "bytes": 18430600}
{"event": "HF_FILE_OK", "at": 1788766962.2119036, "path": "videos/observation.images.right_environment_1/chunk-000/file-038.mp4", "bytes": 20588207}
{"event": "HF_FILE_OK", "at": 1788766964.0737839, "path": "videos/observation.images.right_environment_1/chunk-000/file-042.mp4", "bytes": 13001512}
{"event": "HF_FILE_OK", "at": 1788766964.2319431, "path": "videos/observation.images.right_environment_1/chunk-000/file-041.mp4", "bytes": 20485341}
{"event": "HF_FILE_OK", "at": 1788766964.6344707, "path": "videos/observation.images.right_environment_1/chunk-000/file-040.mp4", "bytes": 15725799}
{"event": "HF_FILE_OK", "at": 1788766965.7491345, "path": "videos/observation.images.right_environment_1/chunk-000/file-043.mp4", "bytes": 17676662}
{"event": "HF_FILE_OK", "at": 1788766966.9762847, "path": "videos/observation.images.right_environment_1/chunk-000/file-046.mp4", "bytes": 12849185}
{"event": "HF_FILE_OK", "at": 1788766967.5876408, "path": "videos/observation.images.right_environment_1/chunk-000/file-044.mp4", "bytes": 14834705}
{"event": "HF_FILE_OK", "at": 1788766968.6345675, "path": "videos/observation.images.right_environment_1/chunk-000/file-047.mp4", "bytes": 23813055}
{"event": "HF_FILE_OK", "at": 1788766969.246378, "path": "videos/observation.images.right_environment_1/chunk-000/file-045.mp4", "bytes": 15112699}
{"event": "HF_FILE_OK", "at": 1788766971.1048558, "path": "videos/observation.images.right_environment_1/chunk-000/file-049.mp4", "bytes": 16766985}
{"event": "HF_FILE_OK", "at": 1788766971.9311385, "path": "videos/observation.images.right_environment_1/chunk-000/file-048.mp4", "bytes": 14111478}
{"event": "HF_FILE_OK", "at": 1788766971.9367898, "path": "videos/observation.images.right_environment_1/chunk-000/file-050.mp4", "bytes": 15386381}
{"event": "HF_FILE_OK", "at": 1788766972.4810493, "path": "videos/observation.images.right_environment_1/chunk-000/file-051.mp4", "bytes": 12632945}
{"event": "HF_FILE_OK", "at": 1788766974.071107, "path": "videos/observation.images.right_environment_1/chunk-000/file-054.mp4", "bytes": 14101836}
{"event": "HF_FILE_OK", "at": 1788766974.777976, "path": "videos/observation.images.right_environment_1/chunk-000/file-053.mp4", "bytes": 14945716}
{"event": "HF_FILE_OK", "at": 1788766975.4459124, "path": "videos/observation.images.right_environment_1/chunk-000/file-055.mp4", "bytes": 19184705}
{"event": "HF_FILE_OK", "at": 1788766977.0870697, "path": "videos/observation.images.right_environment_1/chunk-000/file-056.mp4", "bytes": 17126898}
{"event": "HF_FILE_OK", "at": 1788766977.1161854, "path": "videos/observation.images.right_environment_1/chunk-000/file-052.mp4", "bytes": 13278102}
{"event": "HF_FILE_OK", "at": 1788766978.535878, "path": "videos/observation.images.right_environment_1/chunk-000/file-057.mp4", "bytes": 29184081}
{"event": "HF_FILE_OK", "at": 1788766979.635847, "path": "videos/observation.images.right_environment_1/chunk-000/file-060.mp4", "bytes": 14929768}
{"event": "HF_FILE_OK", "at": 1788766982.056821, "path": "videos/observation.images.right_environment_1/chunk-000/file-059.mp4", "bytes": 16887964}
{"event": "HF_FILE_OK", "at": 1788766982.2228441, "path": "videos/observation.images.right_environment_1/chunk-000/file-061.mp4", "bytes": 20421840}
{"event": "HF_FILE_OK", "at": 1788766982.8403327, "path": "videos/observation.images.right_environment_1/chunk-000/file-058.mp4", "bytes": 19307338}
{"event": "HF_FILE_OK", "at": 1788766983.7543883, "path": "videos/observation.images.right_environment_1/chunk-000/file-063.mp4", "bytes": 13700948}
{"event": "HF_FILE_OK", "at": 1788766984.6699495, "path": "videos/observation.images.right_environment_1/chunk-000/file-064.mp4", "bytes": 13938300}
{"event": "HF_FILE_OK", "at": 1788766985.7228115, "path": "videos/observation.images.right_environment_1/chunk-000/file-065.mp4", "bytes": 19729191}
{"event": "HF_FILE_OK", "at": 1788766986.0451715, "path": "videos/observation.images.right_environment_1/chunk-000/file-062.mp4", "bytes": 17464318}
{"event": "HF_FILE_OK", "at": 1788766987.5793417, "path": "videos/observation.images.right_environment_1/chunk-000/file-066.mp4", "bytes": 21084166}
{"event": "HF_FILE_OK", "at": 1788766990.3071043, "path": "videos/observation.images.right_environment_1/chunk-000/file-067.mp4", "bytes": 28993466}
{"event": "HF_FILE_OK", "at": 1788766990.3580787, "path": "videos/observation.images.right_environment_1/chunk-000/file-069.mp4", "bytes": 21762581}
{"event": "HF_FILE_OK", "at": 1788766991.4220092, "path": "videos/observation.images.right_environment_1/chunk-000/file-070.mp4", "bytes": 18307809}
{"event": "HF_FILE_OK", "at": 1788766992.2486377, "path": "videos/observation.images.right_environment_1/chunk-000/file-068.mp4", "bytes": 17441259}
{"event": "HF_FILE_OK", "at": 1788766993.1778188, "path": "videos/observation.images.right_environment_1/chunk-000/file-071.mp4", "bytes": 21175946}
{"event": "HF_FILE_OK", "at": 1788766993.6586378, "path": "videos/observation.images.right_environment_1/chunk-000/file-072.mp4", "bytes": 13171342}
{"event": "HF_FILE_OK", "at": 1788766995.7391021, "path": "videos/observation.images.right_environment_1/chunk-000/file-073.mp4", "bytes": 22416289}
{"event": "HF_FILE_OK", "at": 1788766997.1830945, "path": "videos/observation.images.right_environment_1/chunk-000/file-075.mp4", "bytes": 19743143}
{"event": "HF_FILE_OK", "at": 1788766997.3570204, "path": "videos/observation.images.right_environment_1/chunk-000/file-074.mp4", "bytes": 21713298}
{"event": "HF_FILE_OK", "at": 1788766999.6780815, "path": "videos/observation.images.right_environment_1/chunk-000/file-077.mp4", "bytes": 19126049}
{"event": "HF_FILE_OK", "at": 1788766999.9546921, "path": "videos/observation.images.right_environment_1/chunk-000/file-076.mp4", "bytes": 19224756}
{"event": "HF_FILE_OK", "at": 1788767000.2188556, "path": "videos/observation.images.right_environment_1/chunk-000/file-078.mp4", "bytes": 16918953}
{"event": "HF_FILE_OK", "at": 1788767000.9722676, "path": "videos/observation.images.right_environment_1/chunk-000/file-079.mp4", "bytes": 15801398}
{"event": "HF_FILE_OK", "at": 1788767004.8120248, "path": "videos/observation.images.right_environment_1/chunk-000/file-082.mp4", "bytes": 21598279}
{"event": "HF_FILE_OK", "at": 1788767004.8450632, "path": "videos/observation.images.right_environment_1/chunk-000/file-081.mp4", "bytes": 15366678}
{"event": "HF_FILE_OK", "at": 1788767005.3092756, "path": "videos/observation.images.right_environment_1/chunk-000/file-080.mp4", "bytes": 12300146}
{"event": "HF_FILE_OK", "at": 1788767006.063543, "path": "videos/observation.images.right_wrist/chunk-000/file-017.mp4", "bytes": 41501165}
{"event": "HF_FILE_OK", "at": 1788767011.0137007, "path": "videos/observation.images.right_wrist/chunk-000/file-019.mp4", "bytes": 39224112}
{"event": "HF_FILE_OK", "at": 1788767011.6139634, "path": "videos/observation.images.right_wrist/chunk-000/file-018.mp4", "bytes": 55829072}
{"event": "HF_FILE_OK", "at": 1788767016.3874807, "path": "videos/observation.images.right_wrist/chunk-000/file-021.mp4", "bytes": 57778275}
{"event": "HF_FILE_OK", "at": 1788767021.1195393, "path": "videos/observation.images.right_wrist/chunk-000/file-022.mp4", "bytes": 67752509}
{"event": "HF_FILE_OK", "at": 1788767021.6184862, "path": "videos/observation.images.right_wrist/chunk-000/file-023.mp4", "bytes": 46746768}
{"event": "HF_PROGRESS", "at": 1788767022.333403, "path": "videos/observation.images.right_wrist/chunk-000/file-020.mp4", "file_bytes": 18874368, "total": 65373314}
{"event": "HF_FILE_OK", "at": 1788767027.6050725, "path": "videos/observation.images.right_wrist/chunk-000/file-024.mp4", "bytes": 54439857}
{"event": "HF_FILE_OK", "at": 1788767028.5159576, "path": "videos/observation.images.right_wrist/chunk-000/file-020.mp4", "bytes": 65373314}
{"event": "HF_FILE_OK", "at": 1788767034.1077938, "path": "videos/observation.images.right_wrist/chunk-000/file-025.mp4", "bytes": 60605315}
{"event": "HF_FILE_OK", "at": 1788767035.908863, "path": "videos/observation.images.right_wrist/chunk-000/file-027.mp4", "bytes": 48352000}
{"event": "HF_FILE_OK", "at": 1788767036.7255037, "path": "videos/observation.images.right_wrist/chunk-000/file-026.mp4", "bytes": 59326263}
{"event": "HF_FILE_OK", "at": 1788767043.374342, "path": "videos/observation.images.right_wrist/chunk-000/file-029.mp4", "bytes": 37117024}
{"event": "HF_FILE_OK", "at": 1788767043.8432202, "path": "videos/observation.images.right_wrist/chunk-000/file-030.mp4", "bytes": 44798527}
{"event": "HF_PROGRESS", "at": 1788767044.3610845, "path": "videos/observation.images.right_wrist/chunk-000/file-028.mp4", "file_bytes": 60817408, "total": 63356767}
{"event": "HF_FILE_OK", "at": 1788767044.742826, "path": "videos/observation.images.right_wrist/chunk-000/file-028.mp4", "bytes": 63356767}
{"event": "HF_FILE_OK", "at": 1788767048.4093566, "path": "videos/observation.images.right_wrist/chunk-000/file-032.mp4", "bytes": 28567555}
{"event": "HF_FILE_OK", "at": 1788767049.02443, "path": "videos/observation.images.right_wrist/chunk-000/file-031.mp4", "bytes": 42751305}
{"event": "HF_FILE_OK", "at": 1788767051.111393, "path": "videos/observation.images.right_wrist/chunk-000/file-034.mp4", "bytes": 50500589}
{"event": "HF_FILE_OK", "at": 1788767058.65895, "path": "videos/observation.images.right_wrist/chunk-000/file-035.mp4", "bytes": 54009869}
{"event": "HF_FILE_OK", "at": 1788767060.033057, "path": "videos/observation.images.right_wrist/chunk-000/file-036.mp4", "bytes": 38281529}
{"event": "HF_FILE_OK", "at": 1788767060.187026, "path": "videos/observation.images.right_wrist/chunk-000/file-037.mp4", "bytes": 40332556}
{"event": "HF_PROGRESS", "at": 1788767060.2305074, "path": "videos/observation.images.right_wrist/chunk-000/file-033.mp4", "file_bytes": 36700160, "total": 41022382}
{"event": "HF_FILE_OK", "at": 1788767061.7419593, "path": "videos/observation.images.right_wrist/chunk-000/file-033.mp4", "bytes": 41022382}
{"event": "HF_FILE_OK", "at": 1788767063.568661, "path": "videos/observation.images.right_wrist/chunk-000/file-038.mp4", "bytes": 47673392}
{"event": "HF_FILE_OK", "at": 1788767070.5177858, "path": "videos/observation.images.right_wrist/chunk-000/file-039.mp4", "bytes": 59490560}
{"event": "HF_FILE_OK", "at": 1788767070.6009166, "path": "videos/observation.images.right_wrist/chunk-000/file-040.mp4", "bytes": 50160285}
{"event": "HF_FILE_OK", "at": 1788767073.692807, "path": "videos/observation.images.right_wrist/chunk-000/file-042.mp4", "bytes": 42509030}
{"event": "HF_FILE_OK", "at": 1788767076.3711796, "path": "videos/observation.images.right_wrist/chunk-000/file-041.mp4", "bytes": 62505397}
{"event": "HF_FILE_OK", "at": 1788767077.544862, "path": "videos/observation.images.right_wrist/chunk-000/file-043.mp4", "bytes": 46939913}
{"event": "HF_FILE_OK", "at": 1788767082.9997754, "path": "videos/observation.images.right_wrist/chunk-000/file-045.mp4", "bytes": 44913148}
{"event": "HF_FILE_OK", "at": 1788767084.090312, "path": "videos/observation.images.right_wrist/chunk-000/file-044.mp4", "bytes": 46702965}
{"event": "HF_FILE_OK", "at": 1788767084.948123, "path": "videos/observation.images.right_wrist/chunk-000/file-046.mp4", "bytes": 39702939}
{"event": "HF_FILE_OK", "at": 1788767087.7408876, "path": "videos/observation.images.right_wrist/chunk-000/file-048.mp4", "bytes": 44470223}
{"event": "HF_FILE_OK", "at": 1788767091.7598019, "path": "videos/observation.images.right_wrist/chunk-000/file-049.mp4", "bytes": 49130481}
{"event": "HF_FILE_OK", "at": 1788767092.9500175, "path": "videos/observation.images.right_wrist/chunk-000/file-050.mp4", "bytes": 48568940}
{"event": "HF_PROGRESS", "at": 1788767093.6884193, "path": "videos/observation.images.right_wrist/chunk-000/file-047.mp4", "file_bytes": 17825792, "total": 76790169}
{"event": "HF_FILE_OK", "at": 1788767096.7023044, "path": "videos/observation.images.right_wrist/chunk-000/file-051.mp4", "bytes": 36567249}
{"event": "HF_FILE_OK", "at": 1788767098.7852645, "path": "videos/observation.images.right_wrist/chunk-000/file-047.mp4", "bytes": 76790169}
{"event": "HF_FILE_OK", "at": 1788767100.8129046, "path": "videos/observation.images.right_wrist/chunk-000/file-052.mp4", "bytes": 39195748}
{"event": "HF_FILE_OK", "at": 1788767103.534139, "path": "videos/observation.images.right_wrist/chunk-000/file-054.mp4", "bytes": 46697672}
{"event": "HF_FILE_OK", "at": 1788767111.2294798, "path": "videos/observation.images.right_wrist/chunk-000/file-056.mp4", "bytes": 53436249}
{"event": "HF_FILE_OK", "at": 1788767111.2799358, "path": "videos/observation.images.right_wrist/chunk-000/file-053.mp4", "bytes": 45172050}
{"event": "HF_FILE_OK", "at": 1788767113.8197951, "path": "videos/observation.images.right_wrist/chunk-000/file-057.mp4", "bytes": 70734264}
{"event": "HF_FILE_OK", "at": 1788767115.7507727, "path": "videos/observation.images.right_wrist/chunk-000/file-055.mp4", "bytes": 41370379}
{"event": "HF_FILE_OK", "at": 1788767118.2204566, "path": "videos/observation.images.right_wrist/chunk-000/file-058.mp4", "bytes": 57168485}
{"event": "HF_FILE_OK", "at": 1788767121.789091, "path": "videos/observation.images.right_wrist/chunk-000/file-059.mp4", "bytes": 56118785}
{"event": "HF_FILE_OK", "at": 1788767123.521921, "path": "videos/observation.images.right_wrist/chunk-000/file-060.mp4", "bytes": 30652818}
{"event": "HF_FILE_OK", "at": 1788767125.793286, "path": "videos/observation.images.right_wrist/chunk-000/file-062.mp4", "bytes": 54521150}
{"event": "HF_FILE_OK", "at": 1788767132.3227065, "path": "videos/observation.images.right_wrist/chunk-000/file-063.mp4", "bytes": 44560942}
{"event": "HF_FILE_OK", "at": 1788767133.0295076, "path": "videos/observation.images.right_wrist/chunk-000/file-065.mp4", "bytes": 49433908}
{"event": "HF_PROGRESS", "at": 1788767133.9881659, "path": "videos/observation.images.right_wrist/chunk-000/file-061.mp4", "file_bytes": 32505856, "total": 65084643}
{"event": "HF_FILE_OK", "at": 1788767134.789577, "path": "videos/observation.images.right_wrist/chunk-000/file-064.mp4", "bytes": 40712243}
{"event": "HF_FILE_OK", "at": 1788767136.8298068, "path": "videos/observation.images.right_wrist/chunk-000/file-061.mp4", "bytes": 65084643}
{"event": "HF_FILE_OK", "at": 1788767143.4124532, "path": "videos/observation.images.right_wrist/chunk-000/file-068.mp4", "bytes": 58307402}
{"event": "HF_FILE_OK", "at": 1788767144.159354, "path": "videos/observation.images.right_wrist/chunk-000/file-067.mp4", "bytes": 65008655}
{"event": "HF_FILE_OK", "at": 1788767148.3142827, "path": "videos/observation.images.right_wrist/chunk-000/file-069.mp4", "bytes": 63190534}
{"event": "HF_FILE_OK", "at": 1788767150.8547335, "path": "videos/observation.images.right_wrist/chunk-000/file-066.mp4", "bytes": 46114773}
{"event": "HF_FILE_OK", "at": 1788767154.70651, "path": "videos/observation.images.right_wrist/chunk-000/file-071.mp4", "bytes": 67499480}
{"event": "HF_FILE_OK", "at": 1788767160.0165865, "path": "videos/observation.images.right_wrist/chunk-000/file-070.mp4", "bytes": 59154484}
{"event": "HF_FILE_OK", "at": 1788767160.4255059, "path": "videos/observation.images.right_wrist/chunk-000/file-073.mp4", "bytes": 71948013}
{"event": "HF_PROGRESS", "at": 1788767166.5107405, "path": "videos/observation.images.right_wrist/chunk-000/file-072.mp4", "file_bytes": 29360128, "total": 36793330}
{"event": "HF_FILE_OK", "at": 1788767168.662996, "path": "videos/observation.images.right_wrist/chunk-000/file-074.mp4", "bytes": 66080113}
{"event": "HF_FILE_OK", "at": 1788767169.1135292, "path": "videos/observation.images.right_wrist/chunk-000/file-076.mp4", "bytes": 64095674}
{"event": "HF_FILE_OK", "at": 1788767170.589296, "path": "videos/observation.images.right_wrist/chunk-000/file-072.mp4", "bytes": 36793330}
{"event": "HF_FILE_OK", "at": 1788767171.4053957, "path": "videos/observation.images.right_wrist/chunk-000/file-075.mp4", "bytes": 43845444}
{"event": "HF_FILE_OK", "at": 1788767175.9952419, "path": "videos/observation.images.right_wrist/chunk-000/file-078.mp4", "bytes": 54569082}
{"event": "HF_FILE_OK", "at": 1788767177.5364106, "path": "videos/observation.images.right_wrist/chunk-000/file-079.mp4", "bytes": 50019387}
{"event": "HF_FILE_OK", "at": 1788767182.5127373, "path": "videos/observation.images.right_wrist/chunk-000/file-081.mp4", "bytes": 51504680}
{"event": "HF_FILE_OK", "at": 1788767184.6297698, "path": "videos/observation.images.right_wrist/chunk-000/file-077.mp4", "bytes": 68142482}
{"event": "HF_FILE_OK", "at": 1788767187.6147778, "path": "videos/observation.images.right_wrist/chunk-000/file-082.mp4", "bytes": 68083403}
{"event": "HF_PROGRESS", "at": 1788767188.4242299, "path": "videos/observation.images.right_wrist/chunk-000/file-080.mp4", "file_bytes": 7340032, "total": 40145206}
{"event": "HF_FILE_OK", "at": 1788767189.647158, "path": "videos/observation.images.right_wrist/chunk-000/file-080.mp4", "bytes": 40145206}
{"event": "HF_COMPLETE", "at": 1788767208.2615788, "files": 198, "elapsed_s": 306.81743384711444}
